Archive member included to satisfy reference by file (symbol)

/home/rupinder/Documents/MCUXpresso_10.3.0_2200/workspace/lpc_board_nxp_lpcxpresso_1769/Debug/liblpc_board_nxp_lpcxpresso_1769.a(board.o)
                              ./example/src/lwip_fs.o (Board_UARTPutSTR)
/home/rupinder/Documents/MCUXpresso_10.3.0_2200/workspace/lpc_board_nxp_lpcxpresso_1769/Debug/liblpc_board_nxp_lpcxpresso_1769.a(board_sysinit.o)
                              ./example/src/sysinit.o (Board_SystemInit)
/home/rupinder/Documents/MCUXpresso_10.3.0_2200/workspace/lpc_board_nxp_lpcxpresso_1769/Debug/liblpc_board_nxp_lpcxpresso_1769.a(lpc_phy_smsc87x0.o)
                              ./lwip/src/arch/lpc17xx_40xx_emac.o (lpc_phy_init)
/home/rupinder/Documents/MCUXpresso_10.3.0_2200/workspace/lpc_chip_175x_6x/Debug/liblpc_chip_175x_6x.a(chip_17xx_40xx.o)
                              ./lwip/src/arch/lpc17xx_40xx_systick_arch.o (SystemCoreClock)
/home/rupinder/Documents/MCUXpresso_10.3.0_2200/workspace/lpc_chip_175x_6x/Debug/liblpc_chip_175x_6x.a(clock_17xx_40xx.o)
                              /home/rupinder/Documents/MCUXpresso_10.3.0_2200/workspace/lpc_chip_175x_6x/Debug/liblpc_chip_175x_6x.a(chip_17xx_40xx.o) (Chip_Clock_EnablePLL)
/home/rupinder/Documents/MCUXpresso_10.3.0_2200/workspace/lpc_chip_175x_6x/Debug/liblpc_chip_175x_6x.a(enet_17xx_40xx.o)
                              ./lwip/src/arch/lpc17xx_40xx_emac.o (Chip_ENET_Init)
/home/rupinder/Documents/MCUXpresso_10.3.0_2200/workspace/lpc_chip_175x_6x/Debug/liblpc_chip_175x_6x.a(i2s_17xx_40xx.o)
                              /home/rupinder/Documents/MCUXpresso_10.3.0_2200/workspace/lpc_board_nxp_lpcxpresso_1769/Debug/liblpc_board_nxp_lpcxpresso_1769.a(board.o) (Chip_I2S_Init)
/home/rupinder/Documents/MCUXpresso_10.3.0_2200/workspace/lpc_chip_175x_6x/Debug/liblpc_chip_175x_6x.a(iocon_17xx_40xx.o)
                              /home/rupinder/Documents/MCUXpresso_10.3.0_2200/workspace/lpc_board_nxp_lpcxpresso_1769/Debug/liblpc_board_nxp_lpcxpresso_1769.a(board.o) (Chip_IOCON_PinMux)
/home/rupinder/Documents/MCUXpresso_10.3.0_2200/workspace/lpc_chip_175x_6x/Debug/liblpc_chip_175x_6x.a(sysinit_17xx_40xx.o)
                              /home/rupinder/Documents/MCUXpresso_10.3.0_2200/workspace/lpc_board_nxp_lpcxpresso_1769/Debug/liblpc_board_nxp_lpcxpresso_1769.a(board_sysinit.o) (Chip_SetupXtalClocking)
/home/rupinder/Documents/MCUXpresso_10.3.0_2200/workspace/lpc_chip_175x_6x/Debug/liblpc_chip_175x_6x.a(uart_17xx_40xx.o)
                              /home/rupinder/Documents/MCUXpresso_10.3.0_2200/workspace/lpc_board_nxp_lpcxpresso_1769/Debug/liblpc_board_nxp_lpcxpresso_1769.a(board.o) (Chip_UART_Init)
/home/rupinder/Documents/MCUXpresso_10.3.0_2200/workspace/lpc_chip_175x_6x/Debug/liblpc_chip_175x_6x.a(ring_buffer.o)
                              /home/rupinder/Documents/MCUXpresso_10.3.0_2200/workspace/lpc_chip_175x_6x/Debug/liblpc_chip_175x_6x.a(uart_17xx_40xx.o) (RingBuffer_Insert)
/usr/local/mcuxpressoide-10.3.0_2200/ide/plugins/com.nxp.mcuxpresso.tools.linux_10.3.0.201811011841/tools/bin/../lib/gcc/arm-none-eabi/7.3.1/../../../../arm-none-eabi/lib/thumb/v7-m/libcr_nohost.a(_cr__main.o)
                              ./example/src/cr_startup_lpc175x_6x.o (__main)
/usr/local/mcuxpressoide-10.3.0_2200/ide/plugins/com.nxp.mcuxpresso.tools.linux_10.3.0.201811011841/tools/bin/../lib/gcc/arm-none-eabi/7.3.1/../../../../arm-none-eabi/lib/thumb/v7-m/libcr_c.a(memcpy.o)
                              ./lwip/src/netif/etharp.o (memcpy)
/usr/local/mcuxpressoide-10.3.0_2200/ide/plugins/com.nxp.mcuxpresso.tools.linux_10.3.0.201811011841/tools/bin/../lib/gcc/arm-none-eabi/7.3.1/../../../../arm-none-eabi/lib/thumb/v7-m/libcr_c.a(memset.o)
                              ./lwip/src/core/ipv4/ip_frag.o (memset)
/usr/local/mcuxpressoide-10.3.0_2200/ide/plugins/com.nxp.mcuxpresso.tools.linux_10.3.0.201811011841/tools/bin/../lib/gcc/arm-none-eabi/7.3.1/../../../../arm-none-eabi/lib/thumb/v7-m/libcr_c.a(alloc.o)
                              ./lwip/src/core/ipv4/ip_frag.o (malloc)
/usr/local/mcuxpressoide-10.3.0_2200/ide/plugins/com.nxp.mcuxpresso.tools.linux_10.3.0.201811011841/tools/bin/../lib/gcc/arm-none-eabi/7.3.1/../../../../arm-none-eabi/lib/thumb/v7-m/libcr_c.a(fpprintf.o)
                              ./example/src/webserver.o (printf)
/usr/local/mcuxpressoide-10.3.0_2200/ide/plugins/com.nxp.mcuxpresso.tools.linux_10.3.0.201811011841/tools/bin/../lib/gcc/arm-none-eabi/7.3.1/../../../../arm-none-eabi/lib/thumb/v7-m/libcr_c.a(initio.o)
                              /usr/local/mcuxpressoide-10.3.0_2200/ide/plugins/com.nxp.mcuxpresso.tools.linux_10.3.0.201811011841/tools/bin/../lib/gcc/arm-none-eabi/7.3.1/../../../../arm-none-eabi/lib/thumb/v7-m/libcr_nohost.a(_cr__main.o) (_initio)
/usr/local/mcuxpressoide-10.3.0_2200/ide/plugins/com.nxp.mcuxpresso.tools.linux_10.3.0.201811011841/tools/bin/../lib/gcc/arm-none-eabi/7.3.1/../../../../arm-none-eabi/lib/thumb/v7-m/libcr_c.a(memcmp.o)
[...]
Memory Configuration

Name             Origin             Length             Attributes
MFlash512        0x0000000000000000 0x0000000000080000 xr
RamLoc32         0x0000000010000000 0x0000000000008000 xrw
RamAHB32         0x000000002007c000 0x0000000000008000 xrw
*default*        0x0000000000000000 0xffffffffffffffff

Linker script and memory map

LOAD ./lwip/src/netif/etharp.o
LOAD ./lwip/src/netif/ethernetif.o
LOAD ./lwip/src/core/ipv4/autoip.o
LOAD ./lwip/src/core/ipv4/icmp.o
LOAD ./lwip/src/core/ipv4/igmp.o
LOAD ./lwip/src/core/ipv4/inet.o
LOAD ./lwip/src/core/ipv4/inet_chksum.o
LOAD ./lwip/src/core/ipv4/ip.o
LOAD ./lwip/src/core/ipv4/ip_addr.o
LOAD ./lwip/src/core/ipv4/ip_frag.o
LOAD ./lwip/src/core/def.o
LOAD ./lwip/src/core/dhcp.o
LOAD ./lwip/src/core/dns.o
LOAD ./lwip/src/core/init.o
LOAD ./lwip/src/core/mem.o
LOAD ./lwip/src/core/memp.o
LOAD ./lwip/src/core/netif.o
LOAD ./lwip/src/core/pbuf.o
LOAD ./lwip/src/core/raw.o
LOAD ./lwip/src/core/stats.o
LOAD ./lwip/src/core/sys.o
LOAD ./lwip/src/core/tcp.o
LOAD ./lwip/src/core/tcp_in.o
LOAD ./lwip/src/core/tcp_out.o
LOAD ./lwip/src/core/timers.o
LOAD ./lwip/src/core/udp.o
LOAD ./lwip/src/arch/lpc17xx_40xx_emac.o
LOAD ./lwip/src/arch/lpc17xx_40xx_systick_arch.o
LOAD ./lwip/src/arch/lpc_debug.o
LOAD ./lwip/src/api/api_lib.o
LOAD ./lwip/src/api/api_msg.o
LOAD ./lwip/src/api/err.o
LOAD ./lwip/src/api/netbuf.o
LOAD ./lwip/src/api/netdb.o
LOAD ./lwip/src/api/netifapi.o
LOAD ./lwip/src/api/sockets.o
LOAD ./lwip/src/api/tcpip.o
LOAD ./example/src/cr_startup_lpc175x_6x.o
LOAD ./example/src/httpd.o
LOAD ./example/src/lwip_fs.o
LOAD ./example/src/sysinit.o
LOAD ./example/src/webserver.o
LOAD /home/rupinder/Documents/MCUXpresso_10.3.0_2200/workspace/lpc_board_nxp_lpcxpresso_1769/Debug/liblpc_board_nxp_lpcxpresso_1769.a
LOAD /home/rupinder/Documents/MCUXpresso_10.3.0_2200/workspace/lpc_chip_175x_6x/Debug/liblpc_chip_175x_6x.a
START GROUP
LOAD /usr/local/mcuxpressoide-10.3.0_2200/ide/plugins/com.nxp.mcuxpresso.tools.linux_10.3.0.201811011841/tools/bin/../lib/gcc/arm-none-eabi/7.3.1/../../../../arm-none-eabi/lib/thumb/v7-m/libcr_nohost.a
LOAD /usr/local/mcuxpressoide-10.3.0_2200/ide/plugins/com.nxp.mcuxpresso.tools.linux_10.3.0.201811011841/tools/bin/../lib/gcc/arm-none-eabi/7.3.1/../../../../arm-none-eabi/lib/thumb/v7-m/libcr_c.a
LOAD /usr/local/mcuxpressoide-10.3.0_2200/ide/plugins/com.nxp.mcuxpresso.tools.linux_10.3.0.201811011841/tools/bin/../lib/gcc/arm-none-eabi/7.3.1/thumb/v7-m/libcr_eabihelpers.a
END GROUP
                0x0000000000000000                __base_MFlash512 = 0x0
                0x0000000000000000                __base_Flash = 0x0
                0x0000000000080000                __top_MFlash512 = 0x80000
                0x0000000000080000                __top_Flash = 0x80000
                0x0000000010000000                __base_RamLoc32 = 0x10000000
                0x0000000010000000                __base_RAM = 0x10000000
                0x0000000010008000                __top_RamLoc32 = 0x10008000
                0x0000000010008000                __top_RAM = 0x10008000
                0x000000002007c000                __base_RamAHB32 = 0x2007c000
                0x000000002007c000                __base_RAM2 = 0x2007c000
                0x0000000020084000                __top_RamAHB32 = 0x20084000
                0x0000000020084000                __top_RAM2 = 0x20084000

.text           0x0000000000000000    0x102d4
 FILL mask 0xff
                0x0000000000000000                __vectors_start__ = ABSOLUTE (.)
 *(.isr_vector)
 .isr_vector    0x0000000000000000       0xcc ./example/src/cr_startup_lpc175x_6x.o
                0x0000000000000000                g_pfnVectors
                0x00000000000000cc                . = ALIGN (0x4)
                0x00000000000000cc                __section_table_start = .
                0x00000000000000cc                __data_section_table = .
                0x00000000000000cc        0x4 LONG 0x102d4 LOADADDR (.data)
                0x00000000000000d0        0x4 LONG 0x10000000 ADDR (.data)
                0x00000000000000d4        0x4 LONG 0x10 SIZEOF (.data)
                0x00000000000000d8        0x4 LONG 0x102d4 LOADADDR (.data_RAM2)
                0x00000000000000dc        0x4 LONG 0x2007c000 ADDR (.data_RAM2)
                0x00000000000000e0        0x4 LONG 0x0 SIZEOF (.data_RAM2)
                0x00000000000000e4                __data_section_table_end = .
                0x00000000000000e4                __bss_section_table = .
                0x00000000000000e4        0x4 LONG 0x10000010 ADDR (.bss)
                0x00000000000000e8        0x4 LONG 0x48c SIZEOF (.bss)
                0x00000000000000ec        0x4 LONG 0x2007c000 ADDR (.bss_RAM2)
                0x00000000000000f0        0x4 LONG 0x0 SIZEOF (.bss_RAM2)
                0x00000000000000f4                __bss_section_table_end = .
                0x00000000000000f4                __section_table_end = .
 *(.after_vectors*)
 .after_vectors
                0x00000000000000f4      0x12c ./example/src/cr_startup_lpc175x_6x.o
                0x00000000000000f4                data_init
                0x0000000000000136                bss_init
                0x000000000000016c                ResetISR
                0x00000000000001e4                NMI_Handler
                0x00000000000001ea                HardFault_Handler
                0x00000000000001f0                MemManage_Handler
                0x00000000000001f6                BusFault_Handler
                0x00000000000001fc                UsageFault_Handler
                0x0000000000000202                SVC_Handler
                0x0000000000000208                DebugMon_Handler
                0x000000000000020e                PendSV_Handler
                0x000000000000021a                TIMER2_IRQHandler
                0x000000000000021a                RIT_IRQHandler
                0x000000000000021a                I2C0_IRQHandler
                0x000000000000021a                USBActivity_IRQHandler
                0x000000000000021a                PWM1_IRQHandler
                0x000000000000021a                I2C1_IRQHandler
                0x000000000000021a                EINT2_IRQHandler
                0x000000000000021a                UART1_IRQHandler
                0x000000000000021a                EINT3_IRQHandler
                0x000000000000021a                CANActivity_IRQHandler
                0x000000000000021a                TIMER3_IRQHandler
                0x000000000000021a                UART0_IRQHandler
                0x000000000000021a                IntDefaultHandler
                0x000000000000021a                PLL0_IRQHandler
                0x000000000000021a                CAN_IRQHandler
                0x000000000000021a                PLL1_IRQHandler
                0x000000000000021a                SSP0_IRQHandler
                0x000000000000021a                I2S_IRQHandler
                0x000000000000021a                I2C2_IRQHandler
                0x000000000000021a                RTC_IRQHandler
                0x000000000000021a                TIMER0_IRQHandler
                0x000000000000021a                SPI_IRQHandler
                0x000000000000021a                EINT1_IRQHandler
                0x000000000000021a                TIMER1_IRQHandler
                0x000000000000021a                UART2_IRQHandler
                0x000000000000021a                ADC_IRQHandler
                0x000000000000021a                SSP1_IRQHandler
                0x000000000000021a                USB_IRQHandler
                0x000000000000021a                BOD_IRQHandler
                0x000000000000021a                WDT_IRQHandler
                0x000000000000021a                QEI_IRQHandler
                0x000000000000021a                EINT0_IRQHandler
                0x000000000000021a                DMA_IRQHandler
                0x000000000000021a                UART3_IRQHandler
                0x000000000000021a                MCPWM_IRQHandler
 *(.text*)
 .text.etharp_free_entry
                0x0000000000000220       0x64 ./lwip/src/netif/etharp.o
 .text.etharp_tmr
                0x0000000000000284       0xdc ./lwip/src/netif/etharp.o
                0x0000000000000284                etharp_tmr
 .text.etharp_find_entry
                0x0000000000000360      0x248 ./lwip/src/netif/etharp.o
 .text.etharp_send_ip
                0x00000000000005a8       0x5e ./lwip/src/netif/etharp.o
 *fill*         0x0000000000000606        0x2 ff
 .text.etharp_update_arp_entry
                0x0000000000000608      0x12c ./lwip/src/netif/etharp.o
 .text.etharp_cleanup_netif
                0x0000000000000734       0x60 ./lwip/src/netif/etharp.o
                0x0000000000000734                etharp_cleanup_netif
 .text.etharp_arp_input
                0x0000000000000794      0x196 ./lwip/src/netif/etharp.o
 *fill*         0x000000000000092a        0x2 ff
 .text.etharp_output_to_arp_index
                0x000000000000092c       0xb8 ./lwip/src/netif/etharp.o
 .text.etharp_output
                0x00000000000009e4      0x1b8 ./lwip/src/netif/etharp.o
                0x00000000000009e4                etharp_output
 .text.etharp_query
                0x0000000000000b9c      0x24c ./lwip/src/netif/etharp.o
                0x0000000000000b9c                etharp_query
 .text.etharp_raw
                0x0000000000000de8      0x11a ./lwip/src/netif/etharp.o
 *fill*         0x0000000000000f02        0x2 ff
 .text.etharp_request
                0x0000000000000f04       0x44 ./lwip/src/netif/etharp.o
                0x0000000000000f04                etharp_request
 .text.ethernet_input
                0x0000000000000f48      0x100 ./lwip/src/netif/etharp.o
                0x0000000000000f48                ethernet_input
 .text.icmp_input
                0x0000000000001048      0x214 ./lwip/src/core/ipv4/icmp.o
                0x0000000000001048                icmp_input
 .text.icmp_dest_unreach
                0x000000000000125c       0x20 ./lwip/src/core/ipv4/icmp.o
                0x000000000000125c                icmp_dest_unreach
 .text.icmp_time_exceeded
                0x000000000000127c       0x20 ./lwip/src/core/ipv4/icmp.o
                0x000000000000127c                icmp_time_exceeded
 .text.icmp_send_response
                0x000000000000129c       0xb8 ./lwip/src/core/ipv4/icmp.o
 .text.lwip_standard_chksum
                0x0000000000001354       0x9a ./lwip/src/core/ipv4/inet_chksum.o
 .text.inet_chksum_pseudo
                0x00000000000013ee      0x10c ./lwip/src/core/ipv4/inet_chksum.o
                0x00000000000013ee                inet_chksum_pseudo
 .text.inet_chksum_pseudo_partial
                0x00000000000014fa      0x138 ./lwip/src/core/ipv4/inet_chksum.o
                0x00000000000014fa                inet_chksum_pseudo_partial
 .text.inet_chksum
                0x0000000000001632       0x24 ./lwip/src/core/ipv4/inet_chksum.o
                0x0000000000001632                inet_chksum
 .text.inet_chksum_pbuf
                0x0000000000001656       0x94 ./lwip/src/core/ipv4/inet_chksum.o
                0x0000000000001656                inet_chksum_pbuf
 .text.lwip_chksum_copy
                0x00000000000016ea       0x2e ./lwip/src/core/ipv4/inet_chksum.o
                0x00000000000016ea                lwip_chksum_copy
 .text.ip_route
                0x0000000000001718       0x78 ./lwip/src/core/ipv4/ip.o
                0x0000000000001718                ip_route
 .text.ip_input
                0x0000000000001790      0x260 ./lwip/src/core/ipv4/ip.o
                0x0000000000001790                ip_input
 .text.ip_output_if
                0x00000000000019f0      0x1c0 ./lwip/src/core/ipv4/ip.o
                0x00000000000019f0                ip_output_if
 .text.ip_output
                0x0000000000001bb0       0x56 ./lwip/src/core/ipv4/ip.o
                0x0000000000001bb0                ip_output
 .text.ip4_addr_isbroadcast
                0x0000000000001c06       0x76 ./lwip/src/core/ipv4/ip_addr.o
                0x0000000000001c06                ip4_addr_isbroadcast
 .text.ipaddr_ntoa_r
                0x0000000000001c7c      0x100 ./lwip/src/core/ipv4/ip_addr.o
                0x0000000000001c7c                ipaddr_ntoa_r
 .text.ip_reass_tmr
                0x0000000000001d7c       0x58 ./lwip/src/core/ipv4/ip_frag.o
                0x0000000000001d7c                ip_reass_tmr
 .text.ip_reass_free_complete_datagram
                0x0000000000001dd4      0x10c ./lwip/src/core/ipv4/ip_frag.o
 .text.ip_reass_remove_oldest_datagram
                0x0000000000001ee0       0xb8 ./lwip/src/core/ipv4/ip_frag.o
 .text.ip_reass_enqueue_new_datagram
                0x0000000000001f98       0x80 ./lwip/src/core/ipv4/ip_frag.o
 .text.ip_reass_dequeue_datagram
                0x0000000000002018       0x44 ./lwip/src/core/ipv4/ip_frag.o
 .text.ip_reass_chain_frag_into_datagram_and_validate
                0x000000000000205c      0x254 ./lwip/src/core/ipv4/ip_frag.o
 .text.ip_reass
                0x00000000000022b0      0x248 ./lwip/src/core/ipv4/ip_frag.o
                0x00000000000022b0                ip_reass
 .text.ip_frag_alloc_pbuf_custom_ref
                0x00000000000024f8       0x18 ./lwip/src/core/ipv4/ip_frag.o
 .text.ip_frag_free_pbuf_custom_ref
                0x0000000000002510       0x20 ./lwip/src/core/ipv4/ip_frag.o
 .text.ipfrag_free_pbuf_custom
                0x0000000000002530       0x42 ./lwip/src/core/ipv4/ip_frag.o
 *fill*         0x0000000000002572        0x2 ff
 .text.ip_frag  0x0000000000002574      0x208 ./lwip/src/core/ipv4/ip_frag.o
                0x0000000000002574                ip_frag
 .text.lwip_htons
                0x000000000000277c       0x28 ./lwip/src/core/def.o
                0x000000000000277c                lwip_htons
 .text.lwip_ntohs
                0x00000000000027a4       0x1c ./lwip/src/core/def.o
                0x00000000000027a4                lwip_ntohs
 .text.lwip_htonl
                0x00000000000027c0       0x30 ./lwip/src/core/def.o
                0x00000000000027c0                lwip_htonl
 .text.lwip_ntohl
                0x00000000000027f0       0x18 ./lwip/src/core/def.o
                0x00000000000027f0                lwip_ntohl
 .text.dhcp_handle_nak
                0x0000000000002808       0x48 ./lwip/src/core/dhcp.o
 .text.dhcp_check
                0x0000000000002850       0x60 ./lwip/src/core/dhcp.o
 .text.dhcp_handle_offer
                0x00000000000028b0       0x48 ./lwip/src/core/dhcp.o
 .text.dhcp_select
                0x00000000000028f8      0x13c ./lwip/src/core/dhcp.o
 .text.dhcp_coarse_tmr
                0x0000000000002a34       0x5c ./lwip/src/core/dhcp.o
                0x0000000000002a34                dhcp_coarse_tmr
 .text.dhcp_fine_tmr
                0x0000000000002a90       0x64 ./lwip/src/core/dhcp.o
                0x0000000000002a90                dhcp_fine_tmr
 .text.dhcp_timeout
                0x0000000000002af4       0xc8 ./lwip/src/core/dhcp.o
 .text.dhcp_t1_timeout
                0x0000000000002bbc       0x34 ./lwip/src/core/dhcp.o
 .text.dhcp_t2_timeout
                0x0000000000002bf0       0x34 ./lwip/src/core/dhcp.o
 .text.dhcp_handle_ack
                0x0000000000002c24       0xb8 ./lwip/src/core/dhcp.o
 .text.dhcp_start
                0x0000000000002cdc      0x148 ./lwip/src/core/dhcp.o
                0x0000000000002cdc                dhcp_start
 .text.dhcp_network_changed
                0x0000000000002e24       0x80 ./lwip/src/core/dhcp.o
                0x0000000000002e24                dhcp_network_changed
 .text.dhcp_arp_reply
                0x0000000000002ea4       0x42 ./lwip/src/core/dhcp.o
                0x0000000000002ea4                dhcp_arp_reply
 *fill*         0x0000000000002ee6        0x2 ff
 .text.dhcp_decline
                0x0000000000002ee8       0xc0 ./lwip/src/core/dhcp.o
 .text.dhcp_discover
                0x0000000000002fa8      0x100 ./lwip/src/core/dhcp.o
 .text.dhcp_bind
                0x00000000000030a8      0x150 ./lwip/src/core/dhcp.o
 .text.dhcp_renew
                0x00000000000031f8       0xdc ./lwip/src/core/dhcp.o
                0x00000000000031f8                dhcp_renew
 .text.dhcp_rebind
                0x00000000000032d4       0xdc ./lwip/src/core/dhcp.o
 .text.dhcp_reboot
                0x00000000000033b0       0xf0 ./lwip/src/core/dhcp.o
 .text.dhcp_release
                0x00000000000034a0      0x10c ./lwip/src/core/dhcp.o
                0x00000000000034a0                dhcp_release
 .text.dhcp_stop
                0x00000000000035ac       0x64 ./lwip/src/core/dhcp.o
                0x00000000000035ac                dhcp_stop
 .text.dhcp_set_state
                0x0000000000003610       0x32 ./lwip/src/core/dhcp.o
 .text.dhcp_option
                0x0000000000003642       0x5c ./lwip/src/core/dhcp.o
 .text.dhcp_option_byte
                0x000000000000369e       0x38 ./lwip/src/core/dhcp.o
 .text.dhcp_option_short
                0x00000000000036d6       0x5e ./lwip/src/core/dhcp.o
 .text.dhcp_option_long
                0x0000000000003734       0x96 ./lwip/src/core/dhcp.o
 .text.dhcp_option_hostname
                0x00000000000037ca       0x7c ./lwip/src/core/dhcp.o
 *fill*         0x0000000000003846        0x2 ff
 .text.dhcp_parse_reply
                0x0000000000003848      0x48c ./lwip/src/core/dhcp.o
 .text.dhcp_recv
                0x0000000000003cd4      0x160 ./lwip/src/core/dhcp.o
 .text.dhcp_create_msg
                0x0000000000003e34      0x258 ./lwip/src/core/dhcp.o
 .text.dhcp_delete_msg
                0x000000000000408c       0x50 ./lwip/src/core/dhcp.o
 .text.dhcp_option_trailer
                0x00000000000040dc       0x80 ./lwip/src/core/dhcp.o
 .text.lwip_init
                0x000000000000415c       0x18 ./lwip/src/core/init.o
                0x000000000000415c                lwip_init
 .text.netif_init
                0x0000000000004174        0xc ./lwip/src/core/netif.o
                0x0000000000004174                netif_init
 .text.netif_add
                0x0000000000004180       0x94 ./lwip/src/core/netif.o
                0x0000000000004180                netif_add
 .text.netif_set_addr
                0x0000000000004214       0x2e ./lwip/src/core/netif.o
                0x0000000000004214                netif_set_addr
 *fill*         0x0000000000004242        0x2 ff
 .text.netif_set_ipaddr
                0x0000000000004244       0xb0 ./lwip/src/core/netif.o
                0x0000000000004244                netif_set_ipaddr
 .text.netif_set_gw
                0x00000000000042f4       0x26 ./lwip/src/core/netif.o
                0x00000000000042f4                netif_set_gw
 .text.netif_set_netmask
                0x000000000000431a       0x26 ./lwip/src/core/netif.o
                0x000000000000431a                netif_set_netmask
 .text.netif_set_default
                0x0000000000004340       0x1c ./lwip/src/core/netif.o
                0x0000000000004340                netif_set_default
 .text.netif_set_up
                0x000000000000435c       0x58 ./lwip/src/core/netif.o
                0x000000000000435c                netif_set_up
 .text.netif_set_down
                0x00000000000043b4       0x44 ./lwip/src/core/netif.o
                0x00000000000043b4                netif_set_down
 .text.netif_set_link_up
                0x00000000000043f8       0x66 ./lwip/src/core/netif.o
                0x00000000000043f8                netif_set_link_up
 .text.netif_set_link_down
                0x000000000000445e       0x32 ./lwip/src/core/netif.o
                0x000000000000445e                netif_set_link_down
 .text.pbuf_free_ooseq
                0x0000000000004490       0x48 ./lwip/src/core/pbuf.o
                0x0000000000004490                pbuf_free_ooseq
 .text.pbuf_pool_is_empty
                0x00000000000044d8       0x18 ./lwip/src/core/pbuf.o
 .text.pbuf_alloc
                0x00000000000044f0      0x294 ./lwip/src/core/pbuf.o
                0x00000000000044f0                pbuf_alloc
 .text.pbuf_alloced_custom
                0x0000000000004784       0xb4 ./lwip/src/core/pbuf.o
                0x0000000000004784                pbuf_alloced_custom
 .text.pbuf_realloc
                0x0000000000004838       0xe6 ./lwip/src/core/pbuf.o
                0x0000000000004838                pbuf_realloc
 .text.pbuf_header
                0x000000000000491e       0xec ./lwip/src/core/pbuf.o
                0x000000000000491e                pbuf_header
 .text.pbuf_free
                0x0000000000004a0a       0xe4 ./lwip/src/core/pbuf.o
                0x0000000000004a0a                pbuf_free
 .text.pbuf_clen
                0x0000000000004aee       0x2c ./lwip/src/core/pbuf.o
                0x0000000000004aee                pbuf_clen
 .text.pbuf_ref
                0x0000000000004b1a       0x24 ./lwip/src/core/pbuf.o
                0x0000000000004b1a                pbuf_ref
 .text.pbuf_cat
                0x0000000000004b3e       0x78 ./lwip/src/core/pbuf.o
                0x0000000000004b3e                pbuf_cat
 .text.pbuf_chain
                0x0000000000004bb6       0x20 ./lwip/src/core/pbuf.o
                0x0000000000004bb6                pbuf_chain
 .text.pbuf_copy
                0x0000000000004bd6      0x13c ./lwip/src/core/pbuf.o
                0x0000000000004bd6                pbuf_copy
 .text.pbuf_copy_partial
                0x0000000000004d12       0xd0 ./lwip/src/core/pbuf.o
                0x0000000000004d12                pbuf_copy_partial
 *fill*         0x0000000000004de2        0x2 ff
 .text.raw_input
                0x0000000000004de4       0xdc ./lwip/src/core/raw.o
                0x0000000000004de4                raw_input
 .text.tcp_init
                0x0000000000004ec0        0xc ./lwip/src/core/tcp.o
                0x0000000000004ec0                tcp_init
 .text.tcp_tmr  0x0000000000004ecc       0x2c ./lwip/src/core/tcp.o
                0x0000000000004ecc                tcp_tmr
 .text.tcp_close_shutdown
                0x0000000000004ef8      0x258 ./lwip/src/core/tcp.o
 .text.tcp_close
                0x0000000000005150       0x30 ./lwip/src/core/tcp.o
                0x0000000000005150                tcp_close
 .text.tcp_abandon
                0x0000000000005180       0xdc ./lwip/src/core/tcp.o
                0x0000000000005180                tcp_abandon
 .text.tcp_abort
                0x000000000000525c       0x18 ./lwip/src/core/tcp.o
                0x000000000000525c                tcp_abort
 .text.tcp_bind
                0x0000000000005274       0xe4 ./lwip/src/core/tcp.o
                0x0000000000005274                tcp_bind
 .text.tcp_accept_null
                0x0000000000005358       0x1c ./lwip/src/core/tcp.o
 .text.tcp_listen_with_backlog
                0x0000000000005374      0x120 ./lwip/src/core/tcp.o
                0x0000000000005374                tcp_listen_with_backlog
 .text.tcp_update_rcv_ann_wnd
                0x0000000000005494       0x84 ./lwip/src/core/tcp.o
                0x0000000000005494                tcp_update_rcv_ann_wnd
 .text.tcp_recved
                0x0000000000005518       0x7e ./lwip/src/core/tcp.o
                0x0000000000005518                tcp_recved
 *fill*         0x0000000000005596        0x2 ff
 .text.tcp_new_port
                0x0000000000005598       0x88 ./lwip/src/core/tcp.o
 .text.tcp_slowtmr
                0x0000000000005620      0x4c4 ./lwip/src/core/tcp.o
                0x0000000000005620                tcp_slowtmr
 .text.tcp_fasttmr
                0x0000000000005ae4       0xa4 ./lwip/src/core/tcp.o
                0x0000000000005ae4                tcp_fasttmr
 .text.tcp_process_refused_data
                0x0000000000005b88       0xce ./lwip/src/core/tcp.o
                0x0000000000005b88                tcp_process_refused_data
 .text.tcp_segs_free
                0x0000000000005c56       0x28 ./lwip/src/core/tcp.o
                0x0000000000005c56                tcp_segs_free
 .text.tcp_seg_free
                0x0000000000005c7e       0x2e ./lwip/src/core/tcp.o
                0x0000000000005c7e                tcp_seg_free
 .text.tcp_setprio
                0x0000000000005cac       0x1c ./lwip/src/core/tcp.o
                0x0000000000005cac                tcp_setprio
 .text.tcp_seg_copy
                0x0000000000005cc8       0x40 ./lwip/src/core/tcp.o
                0x0000000000005cc8                tcp_seg_copy
 .text.tcp_recv_null
                0x0000000000005d08       0x44 ./lwip/src/core/tcp.o
                0x0000000000005d08                tcp_recv_null
 .text.tcp_kill_prio
                0x0000000000005d4c       0x80 ./lwip/src/core/tcp.o
 .text.tcp_kill_timewait
                0x0000000000005dcc       0x60 ./lwip/src/core/tcp.o
 .text.tcp_alloc
                0x0000000000005e2c      0x128 ./lwip/src/core/tcp.o
                0x0000000000005e2c                tcp_alloc
 .text.tcp_new  0x0000000000005f54       0x10 ./lwip/src/core/tcp.o
                0x0000000000005f54                tcp_new
 .text.tcp_arg  0x0000000000005f64       0x1a ./lwip/src/core/tcp.o
                0x0000000000005f64                tcp_arg
 .text.tcp_recv
                0x0000000000005f7e       0x26 ./lwip/src/core/tcp.o
                0x0000000000005f7e                tcp_recv
 .text.tcp_sent
                0x0000000000005fa4       0x24 ./lwip/src/core/tcp.o
                0x0000000000005fa4                tcp_sent
 .text.tcp_err  0x0000000000005fc8       0x26 ./lwip/src/core/tcp.o
                0x0000000000005fc8                tcp_err
 .text.tcp_accept
                0x0000000000005fee       0x1a ./lwip/src/core/tcp.o
                0x0000000000005fee                tcp_accept
 .text.tcp_poll
                0x0000000000006008       0x32 ./lwip/src/core/tcp.o
                0x0000000000006008                tcp_poll
 .text.tcp_pcb_purge
                0x000000000000603a       0x82 ./lwip/src/core/tcp.o
                0x000000000000603a                tcp_pcb_purge
 .text.tcp_pcb_remove
                0x00000000000060bc       0xd0 ./lwip/src/core/tcp.o
                0x00000000000060bc                tcp_pcb_remove
 .text.tcp_next_iss
                0x000000000000618c       0x28 ./lwip/src/core/tcp.o
                0x000000000000618c                tcp_next_iss
 .text.tcp_eff_send_mss
                0x00000000000061b4       0x40 ./lwip/src/core/tcp.o
                0x00000000000061b4                tcp_eff_send_mss
 .text.tcp_input
                0x00000000000061f4      0x674 ./lwip/src/core/tcp_in.o
                0x00000000000061f4                tcp_input
 .text.tcp_listen_input
                0x0000000000006868      0x194 ./lwip/src/core/tcp_in.o
 .text.tcp_timewait_input
                0x00000000000069fc       0xd4 ./lwip/src/core/tcp_in.o
 .text.tcp_process
                0x0000000000006ad0      0x6f4 ./lwip/src/core/tcp_in.o
 .text.tcp_oos_insert_segment
                0x00000000000071c4       0xec ./lwip/src/core/tcp_in.o
 .text.tcp_receive
                0x00000000000072b0      0xf74 ./lwip/src/core/tcp_in.o
 .text.tcp_parseopt
                0x0000000000008224      0x108 ./lwip/src/core/tcp_in.o
 .text.tcp_output_alloc_header
                0x000000000000832c       0xe2 ./lwip/src/core/tcp_out.o
 .text.tcp_send_fin
                0x000000000000840e       0x7e ./lwip/src/core/tcp_out.o
                0x000000000000840e                tcp_send_fin
 .text.tcp_create_segment
                0x000000000000848c      0x124 ./lwip/src/core/tcp_out.o
 .text.tcp_pbuf_prealloc
                0x00000000000085b0       0xae ./lwip/src/core/tcp_out.o
 .text.tcp_seg_add_chksum
                0x000000000000865e       0x66 ./lwip/src/core/tcp_out.o
 .text.tcp_write_checks
                0x00000000000086c4       0xc6 ./lwip/src/core/tcp_out.o
 .text.tcp_write
                0x000000000000878a      0x5f6 ./lwip/src/core/tcp_out.o
                0x000000000000878a                tcp_write
 .text.tcp_enqueue_flags
                0x0000000000008d80      0x1d4 ./lwip/src/core/tcp_out.o
                0x0000000000008d80                tcp_enqueue_flags
 .text.tcp_send_empty_ack
                0x0000000000008f54       0x92 ./lwip/src/core/tcp_out.o
                0x0000000000008f54                tcp_send_empty_ack
 *fill*         0x0000000000008fe6        0x2 ff
 .text.tcp_output
                0x0000000000008fe8      0x2d0 ./lwip/src/core/tcp_out.o
                0x0000000000008fe8                tcp_output
 .text.tcp_output_segment
                0x00000000000092b8      0x214 ./lwip/src/core/tcp_out.o
 .text.tcp_rst  0x00000000000094cc       0xde ./lwip/src/core/tcp_out.o
                0x00000000000094cc                tcp_rst
 .text.tcp_rexmit_rto
                0x00000000000095aa       0x62 ./lwip/src/core/tcp_out.o
                0x00000000000095aa                tcp_rexmit_rto
 .text.tcp_rexmit
                0x000000000000960c       0x96 ./lwip/src/core/tcp_out.o
                0x000000000000960c                tcp_rexmit
 .text.tcp_rexmit_fast
                0x00000000000096a2       0xa6 ./lwip/src/core/tcp_out.o
                0x00000000000096a2                tcp_rexmit_fast
 .text.tcp_keepalive
                0x0000000000009748       0x74 ./lwip/src/core/tcp_out.o
                0x0000000000009748                tcp_keepalive
 .text.tcp_zero_window_probe
                0x00000000000097bc      0x10a ./lwip/src/core/tcp_out.o
                0x00000000000097bc                tcp_zero_window_probe
 *fill*         0x00000000000098c6        0x2 ff
 .text.tcpip_tcp_timer
                0x00000000000098c8       0x48 ./lwip/src/core/timers.o
 .text.tcp_timer_needed
                0x0000000000009910       0x40 ./lwip/src/core/timers.o
                0x0000000000009910                tcp_timer_needed
 .text.ip_reass_timer
                0x0000000000009950       0x24 ./lwip/src/core/timers.o
 .text.arp_timer
                0x0000000000009974       0x24 ./lwip/src/core/timers.o
 .text.dhcp_timer_coarse
                0x0000000000009998       0x24 ./lwip/src/core/timers.o
 .text.dhcp_timer_fine
                0x00000000000099bc       0x24 ./lwip/src/core/timers.o
 .text.sys_timeouts_init
                0x00000000000099e0       0x58 ./lwip/src/core/timers.o
                0x00000000000099e0                sys_timeouts_init
 .text.sys_timeout
                0x0000000000009a38       0xf4 ./lwip/src/core/timers.o
                0x0000000000009a38                sys_timeout
 .text.sys_check_timeouts
                0x0000000000009b2c       0x9c ./lwip/src/core/timers.o
                0x0000000000009b2c                sys_check_timeouts
 .text.udp_init
                0x0000000000009bc8        0xc ./lwip/src/core/udp.o
                0x0000000000009bc8                udp_init
 .text.udp_new_port
                0x0000000000009bd4       0x70 ./lwip/src/core/udp.o
 .text.udp_input
                0x0000000000009c44      0x2c4 ./lwip/src/core/udp.o
                0x0000000000009c44                udp_input
 .text.udp_sendto_if
                0x0000000000009f08       0x32 ./lwip/src/core/udp.o
                0x0000000000009f08                udp_sendto_if
 .text.udp_sendto_if_chksum
                0x0000000000009f3a      0x1d6 ./lwip/src/core/udp.o
                0x0000000000009f3a                udp_sendto_if_chksum
 .text.udp_bind
                0x000000000000a110       0xcc ./lwip/src/core/udp.o
                0x000000000000a110                udp_bind
 .text.udp_connect
                0x000000000000a1dc       0x98 ./lwip/src/core/udp.o
                0x000000000000a1dc                udp_connect
 .text.udp_recv
                0x000000000000a274       0x22 ./lwip/src/core/udp.o
                0x000000000000a274                udp_recv
 *fill*         0x000000000000a296        0x2 ff
 .text.udp_remove
                0x000000000000a298       0x60 ./lwip/src/core/udp.o
                0x000000000000a298                udp_remove
 .text.udp_new  0x000000000000a2f8       0x38 ./lwip/src/core/udp.o
                0x000000000000a2f8                udp_new
 .text.NVIC_DisableIRQ
                0x000000000000a330       0x34 ./lwip/src/arch/lpc17xx_40xx_emac.o
 .text.Chip_ENET_SetADDR
                0x000000000000a364       0x4e ./lwip/src/arch/lpc17xx_40xx_emac.o
 .text.Chip_ENET_TXEnable
                0x000000000000a3b2       0x22 ./lwip/src/arch/lpc17xx_40xx_emac.o
 .text.Chip_ENET_RXEnable
                0x000000000000a3d4       0x2e ./lwip/src/arch/lpc17xx_40xx_emac.o
 .text.Chip_ENET_RXDisable
                0x000000000000a402       0x2e ./lwip/src/arch/lpc17xx_40xx_emac.o
 .text.Chip_ENET_ResetRXLogic
                0x000000000000a430       0x1e ./lwip/src/arch/lpc17xx_40xx_emac.o
 .text.Chip_ENET_EnableRXFilter
                0x000000000000a44e       0x34 ./lwip/src/arch/lpc17xx_40xx_emac.o
 .text.Chip_ENET_GetTXProduceIndex
                0x000000000000a482       0x1a ./lwip/src/arch/lpc17xx_40xx_emac.o
 .text.Chip_ENET_GetTXConsumeIndex
                0x000000000000a49c       0x1a ./lwip/src/arch/lpc17xx_40xx_emac.o
 .text.Chip_ENET_GetRXConsumeIndex
                0x000000000000a4b6       0x1a ./lwip/src/arch/lpc17xx_40xx_emac.o
 .text.Chip_ENET_GetFreeDescNum
                0x000000000000a4d0       0x36 ./lwip/src/arch/lpc17xx_40xx_emac.o
 .text.Chip_ENET_IsRxEmpty
                0x000000000000a506       0x2c ./lwip/src/arch/lpc17xx_40xx_emac.o
 .text.Chip_ENET_EnableInt
                0x000000000000a532       0x24 ./lwip/src/arch/lpc17xx_40xx_emac.o
 .text.Chip_ENET_GetIntStatus
                0x000000000000a556       0x18 ./lwip/src/arch/lpc17xx_40xx_emac.o
 .text.Chip_ENET_ClearIntStatus
                0x000000000000a56e       0x1c ./lwip/src/arch/lpc17xx_40xx_emac.o
 .text.lpc_rxqueue_pbuf
                0x000000000000a58a       0x94 ./lwip/src/arch/lpc17xx_40xx_emac.o
 .text.lpc_rx_setup
                0x000000000000a61e       0x3e ./lwip/src/arch/lpc17xx_40xx_emac.o
 .text.lpc_low_level_input
                0x000000000000a65c      0x178 ./lwip/src/arch/lpc17xx_40xx_emac.o
 .text.lpc_packet_addr_notsafe
                0x000000000000a7d4       0x58 ./lwip/src/arch/lpc17xx_40xx_emac.o
 .text.lpc_tx_setup
                0x000000000000a82c       0x5e ./lwip/src/arch/lpc17xx_40xx_emac.o
 .text.lpc_tx_reclaim_st
                0x000000000000a88a       0x7c ./lwip/src/arch/lpc17xx_40xx_emac.o
 .text.lpc_low_level_output
                0x000000000000a906      0x180 ./lwip/src/arch/lpc17xx_40xx_emac.o
 *fill*         0x000000000000aa86        0x2 ff
 .text.low_level_init
                0x000000000000aa88       0xb0 ./lwip/src/arch/lpc17xx_40xx_emac.o
 .text.lpc_etharp_output
                0x000000000000ab38       0x34 ./lwip/src/arch/lpc17xx_40xx_emac.o
 .text.lpc_rx_queue
                0x000000000000ab6c       0x5e ./lwip/src/arch/lpc17xx_40xx_emac.o
                0x000000000000ab6c                lpc_rx_queue
 .text.lpc_enetif_input
                0x000000000000abca       0x66 ./lwip/src/arch/lpc17xx_40xx_emac.o
                0x000000000000abca                lpc_enetif_input
 .text.lpc_tx_reclaim
                0x000000000000ac30       0x26 ./lwip/src/arch/lpc17xx_40xx_emac.o
                0x000000000000ac30                lpc_tx_reclaim
 .text.lpc_tx_ready
                0x000000000000ac56       0x3c ./lwip/src/arch/lpc17xx_40xx_emac.o
                0x000000000000ac56                lpc_tx_ready
 .text.ETH_IRQHandler
                0x000000000000ac92        0xe ./lwip/src/arch/lpc17xx_40xx_emac.o
                0x000000000000ac92                ETH_IRQHandler
 .text.lpc_enetif_init
                0x000000000000aca0       0x94 ./lwip/src/arch/lpc17xx_40xx_emac.o
                0x000000000000aca0                lpc_enetif_init
 .text.NVIC_SetPriority
                0x000000000000ad34       0x54 ./lwip/src/arch/lpc17xx_40xx_systick_arch.o
 .text.SysTick_Config
                0x000000000000ad88       0x44 ./lwip/src/arch/lpc17xx_40xx_systick_arch.o
 .text.SysTick_Enable
                0x000000000000adcc       0x3c ./lwip/src/arch/lpc17xx_40xx_systick_arch.o
                0x000000000000adcc                SysTick_Enable
 .text.SysTick_Handler
                0x000000000000ae08       0x24 ./lwip/src/arch/lpc17xx_40xx_systick_arch.o
                0x000000000000ae08                SysTick_Handler
 .text.SysTick_GetMS
                0x000000000000ae2c       0x14 ./lwip/src/arch/lpc17xx_40xx_systick_arch.o
                0x000000000000ae2c                SysTick_GetMS
 .text.msDelay  0x000000000000ae40       0x2c ./lwip/src/arch/lpc17xx_40xx_systick_arch.o
                0x000000000000ae40                msDelay
 .text.sys_now  0x000000000000ae6c        0xe ./lwip/src/arch/lpc17xx_40xx_systick_arch.o
                0x000000000000ae6c                sys_now
 .text.assert_loop
                0x000000000000ae7a        0x6 ./lwip/src/arch/lpc_debug.o
                0x000000000000ae7a                assert_loop
 .text.strnstr  0x000000000000ae80       0x70 ./example/src/httpd.o
 .text.http_state_alloc
                0x000000000000aef0       0x2e ./example/src/httpd.o
 .text.http_state_free
                0x000000000000af1e       0x4c ./example/src/httpd.o
 .text.http_write
                0x000000000000af6a       0x7a ./example/src/httpd.o
 .text.http_close_conn
                0x000000000000afe4       0x6c ./example/src/httpd.o
 .text.get_http_headers
                0x000000000000b050      0x164 ./example/src/httpd.o
 .text.http_send_data
                0x000000000000b1b4      0x2a2 ./example/src/httpd.o
 *fill*         0x000000000000b456        0x2 ff
 .text.http_get_404_file
                0x000000000000b458       0x6c ./example/src/httpd.o
 .text.http_parse_request
                0x000000000000b4c4      0x11c ./example/src/httpd.o
 .text.http_find_file
                0x000000000000b5e0       0xd0 ./example/src/httpd.o
 .text.http_init_file
                0x000000000000b6b0       0xd0 ./example/src/httpd.o
 .text.http_err
                0x000000000000b780       0x24 ./example/src/httpd.o
 .text.http_sent
                0x000000000000b7a4       0x34 ./example/src/httpd.o
 .text.http_poll
                0x000000000000b7d8       0x70 ./example/src/httpd.o
 .text.http_recv
                0x000000000000b848       0xda ./example/src/httpd.o
 *fill*         0x000000000000b922        0x2 ff
 .text.http_accept
                0x000000000000b924       0x7c ./example/src/httpd.o
 .text.httpd_init_addr
                0x000000000000b9a0       0x6c ./example/src/httpd.o
 .text.httpd_init
                0x000000000000ba0c       0x14 ./example/src/httpd.o
                0x000000000000ba0c                httpd_init
 .text.get_http_headers
                0x000000000000ba20      0x138 ./example/src/lwip_fs.o
 .text.fs_open_default
                0x000000000000bb58       0x8c ./example/src/lwip_fs.o
                0x000000000000bb58                fs_open_default
 .text.fs_open  0x000000000000bbe4       0x14 ./example/src/lwip_fs.o
                0x000000000000bbe4                fs_open
 .text.fs_close
                0x000000000000bbf8       0x24 ./example/src/lwip_fs.o
                0x000000000000bbf8                fs_close
 .text.fs_bytes_left
                0x000000000000bc1c       0x14 ./example/src/lwip_fs.o
                0x000000000000bc1c                fs_bytes_left
 .text.fs_read  0x000000000000bc30       0x18 ./example/src/lwip_fs.o
                0x000000000000bc30                fs_read
 .text.SystemInit
                0x000000000000bc48       0x24 ./example/src/sysinit.o
                0x000000000000bc48                SystemInit
 .text.Chip_ENET_Set100Mbps
                0x000000000000bc6c       0x1a ./example/src/webserver.o
 .text.Chip_ENET_Set10Mbps
                0x000000000000bc86       0x18 ./example/src/webserver.o
 .text.prvSetupHardware
                0x000000000000bc9e       0x26 ./example/src/webserver.o
 .text.main     0x000000000000bcc4      0x180 ./example/src/webserver.o
                0x000000000000bcc4                main
 .text.Chip_IOCON_Init
                0x000000000000be44       0x16 /home/rupinder/Documents/MCUXpresso_10.3.0_2200/workspace/lpc_board_nxp_lpcxpresso_1769/Debug/liblpc_board_nxp_lpcxpresso_1769.a(board.o)
 .text.Chip_GPIO_Init
                0x000000000000be5a       0x16 /home/rupinder/Documents/MCUXpresso_10.3.0_2200/workspace/lpc_board_nxp_lpcxpresso_1769/Debug/liblpc_board_nxp_lpcxpresso_1769.a(board.o)
 .text.Chip_GPIO_SetPinState
                0x000000000000be70       0x64 /home/rupinder/Documents/MCUXpresso_10.3.0_2200/workspace/lpc_board_nxp_lpcxpresso_1769/Debug/liblpc_board_nxp_lpcxpresso_1769.a(board.o)
 .text.Chip_GPIO_WritePortBit
                0x000000000000bed4       0x2c /home/rupinder/Documents/MCUXpresso_10.3.0_2200/workspace/lpc_board_nxp_lpcxpresso_1769/Debug/liblpc_board_nxp_lpcxpresso_1769.a(board.o)
 .text.Chip_GPIO_SetPinDIROutput
                0x000000000000bf00       0x36 /home/rupinder/Documents/MCUXpresso_10.3.0_2200/workspace/lpc_board_nxp_lpcxpresso_1769/Debug/liblpc_board_nxp_lpcxpresso_1769.a(board.o)
 .text.Chip_GPIO_SetPinDIRInput
                0x000000000000bf36       0x3a /home/rupinder/Documents/MCUXpresso_10.3.0_2200/workspace/lpc_board_nxp_lpcxpresso_1769/Debug/liblpc_board_nxp_lpcxpresso_1769.a(board.o)
 .text.Chip_GPIO_SetPinDIR
                0x000000000000bf70       0x42 /home/rupinder/Documents/MCUXpresso_10.3.0_2200/workspace/lpc_board_nxp_lpcxpresso_1769/Debug/liblpc_board_nxp_lpcxpresso_1769.a(board.o)
 .text.Chip_GPIO_WriteDirBit
                0x000000000000bfb2       0x2e /home/rupinder/Documents/MCUXpresso_10.3.0_2200/workspace/lpc_board_nxp_lpcxpresso_1769/Debug/liblpc_board_nxp_lpcxpresso_1769.a(board.o)
 .text.Chip_UART_SendByte
                0x000000000000bfe0       0x1c /home/rupinder/Documents/MCUXpresso_10.3.0_2200/workspace/lpc_board_nxp_lpcxpresso_1769/Debug/liblpc_board_nxp_lpcxpresso_1769.a(board.o)
 .text.Chip_UART_ReadLineStatus
                0x000000000000bffc       0x16 /home/rupinder/Documents/MCUXpresso_10.3.0_2200/workspace/lpc_board_nxp_lpcxpresso_1769/Debug/liblpc_board_nxp_lpcxpresso_1769.a(board.o)
 *fill*         0x000000000000c012        0x2 ff
 .text.Board_LED_Init
                0x000000000000c014       0x30 /home/rupinder/Documents/MCUXpresso_10.3.0_2200/workspace/lpc_board_nxp_lpcxpresso_1769/Debug/liblpc_board_nxp_lpcxpresso_1769.a(board.o)
 .text.Board_UARTPutChar
                0x000000000000c044       0x34 /home/rupinder/Documents/MCUXpresso_10.3.0_2200/workspace/lpc_board_nxp_lpcxpresso_1769/Debug/liblpc_board_nxp_lpcxpresso_1769.a(board.o)
                0x000000000000c044                Board_UARTPutChar
 .text.Board_UARTPutSTR
                0x000000000000c078       0x28 /home/rupinder/Documents/MCUXpresso_10.3.0_2200/workspace/lpc_board_nxp_lpcxpresso_1769/Debug/liblpc_board_nxp_lpcxpresso_1769.a(board.o)
                0x000000000000c078                Board_UARTPutSTR
 .text.Board_LED_Set
                0x000000000000c0a0       0x54 /home/rupinder/Documents/MCUXpresso_10.3.0_2200/workspace/lpc_board_nxp_lpcxpresso_1769/Debug/liblpc_board_nxp_lpcxpresso_1769.a(board.o)
                0x000000000000c0a0                Board_LED_Set
 .text.Board_Init
                0x000000000000c0f4       0x20 /home/rupinder/Documents/MCUXpresso_10.3.0_2200/workspace/lpc_board_nxp_lpcxpresso_1769/Debug/liblpc_board_nxp_lpcxpresso_1769.a(board.o)
                0x000000000000c0f4                Board_Init
 .text.Board_ENET_GetMacADDR
                0x000000000000c114       0x34 /home/rupinder/Documents/MCUXpresso_10.3.0_2200/workspace/lpc_board_nxp_lpcxpresso_1769/Debug/liblpc_board_nxp_lpcxpresso_1769.a(board.o)
                0x000000000000c114                Board_ENET_GetMacADDR
 .text.Chip_SYSCTL_SetFLASHAccess
                0x000000000000c148       0x30 /home/rupinder/Documents/MCUXpresso_10.3.0_2200/workspace/lpc_board_nxp_lpcxpresso_1769/Debug/liblpc_board_nxp_lpcxpresso_1769.a(board_sysinit.o)
 .text.Board_SetupMuxing
                0x000000000000c178       0x1c /home/rupinder/Documents/MCUXpresso_10.3.0_2200/workspace/lpc_board_nxp_lpcxpresso_1769/Debug/liblpc_board_nxp_lpcxpresso_1769.a(board_sysinit.o)
                0x000000000000c178                Board_SetupMuxing
 .text.Board_SetupClocking
                0x000000000000c194       0x12 /home/rupinder/Documents/MCUXpresso_10.3.0_2200/workspace/lpc_board_nxp_lpcxpresso_1769/Debug/liblpc_board_nxp_lpcxpresso_1769.a(board_sysinit.o)
                0x000000000000c194                Board_SetupClocking
 .text.Board_SystemInit
                0x000000000000c1a6       0x10 /home/rupinder/Documents/MCUXpresso_10.3.0_2200/workspace/lpc_board_nxp_lpcxpresso_1769/Debug/liblpc_board_nxp_lpcxpresso_1769.a(board_sysinit.o)
                0x000000000000c1a6                Board_SystemInit
 .text.Chip_ENET_IsMIIBusy
                0x000000000000c1b6       0x24 /home/rupinder/Documents/MCUXpresso_10.3.0_2200/workspace/lpc_board_nxp_lpcxpresso_1769/Debug/liblpc_board_nxp_lpcxpresso_1769.a(lpc_phy_smsc87x0.o)
 *fill*         0x000000000000c1da        0x2 ff
 .text.lpc_mii_write
                0x000000000000c1dc       0x64 /home/rupinder/Documents/MCUXpresso_10.3.0_2200/workspace/lpc_board_nxp_lpcxpresso_1769/Debug/liblpc_board_nxp_lpcxpresso_1769.a(lpc_phy_smsc87x0.o)
 .text.lpc_mii_read
                0x000000000000c240       0x74 /home/rupinder/Documents/MCUXpresso_10.3.0_2200/workspace/lpc_board_nxp_lpcxpresso_1769/Debug/liblpc_board_nxp_lpcxpresso_1769.a(lpc_phy_smsc87x0.o)
 .text.smsc_update_phy_sts
                0x000000000000c2b4       0xe8 /home/rupinder/Documents/MCUXpresso_10.3.0_2200/workspace/lpc_board_nxp_lpcxpresso_1769/Debug/liblpc_board_nxp_lpcxpresso_1769.a(lpc_phy_smsc87x0.o)
 .text.lpc_phy_init
                0x000000000000c39c       0xac /home/rupinder/Documents/MCUXpresso_10.3.0_2200/workspace/lpc_board_nxp_lpcxpresso_1769/Debug/liblpc_board_nxp_lpcxpresso_1769.a(lpc_phy_smsc87x0.o)
                0x000000000000c39c                lpc_phy_init
 .text.lpcPHYStsPoll
                0x000000000000c448       0xc8 /home/rupinder/Documents/MCUXpresso_10.3.0_2200/workspace/lpc_board_nxp_lpcxpresso_1769/Debug/liblpc_board_nxp_lpcxpresso_1769.a(lpc_phy_smsc87x0.o)
                0x000000000000c448                lpcPHYStsPoll
 .text.SystemCoreClockUpdate
                0x000000000000c510       0x18 /home/rupinder/Documents/MCUXpresso_10.3.0_2200/workspace/lpc_chip_175x_6x/Debug/liblpc_chip_175x_6x.a(chip_17xx_40xx.o)
                0x000000000000c510                SystemCoreClockUpdate
 .text.Chip_Clock_IsMainPLLEnabled
                0x000000000000c528       0x24 /home/rupinder/Documents/MCUXpresso_10.3.0_2200/workspace/lpc_chip_175x_6x/Debug/liblpc_chip_175x_6x.a(clock_17xx_40xx.o)
 .text.Chip_Clock_IsMainPLLConnected
                0x000000000000c54c       0x24 /home/rupinder/Documents/MCUXpresso_10.3.0_2200/workspace/lpc_chip_175x_6x/Debug/liblpc_chip_175x_6x.a(clock_17xx_40xx.o)
 .text.Chip_Clock_FeedPLL
                0x000000000000c570       0x34 /home/rupinder/Documents/MCUXpresso_10.3.0_2200/workspace/lpc_chip_175x_6x/Debug/liblpc_chip_175x_6x.a(clock_17xx_40xx.o)
 .text.Chip_Clock_GetMainPLLSource
                0x000000000000c5a4       0x20 /home/rupinder/Documents/MCUXpresso_10.3.0_2200/workspace/lpc_chip_175x_6x/Debug/liblpc_chip_175x_6x.a(clock_17xx_40xx.o)
 .text.Chip_Clock_GetMainOscRate
                0x000000000000c5c4       0x14 /home/rupinder/Documents/MCUXpresso_10.3.0_2200/workspace/lpc_chip_175x_6x/Debug/liblpc_chip_175x_6x.a(clock_17xx_40xx.o)
 .text.Chip_Clock_GetIntOscRate
                0x000000000000c5d8       0x14 /home/rupinder/Documents/MCUXpresso_10.3.0_2200/workspace/lpc_chip_175x_6x/Debug/liblpc_chip_175x_6x.a(clock_17xx_40xx.o)
 .text.Chip_Clock_GetRTCOscRate
                0x000000000000c5ec       0x14 /home/rupinder/Documents/MCUXpresso_10.3.0_2200/workspace/lpc_chip_175x_6x/Debug/liblpc_chip_175x_6x.a(clock_17xx_40xx.o)
 .text.Chip_Clock_GetMainPLLInClockRate
                0x000000000000c600        0xe /home/rupinder/Documents/MCUXpresso_10.3.0_2200/workspace/lpc_chip_175x_6x/Debug/liblpc_chip_175x_6x.a(clock_17xx_40xx.o)
 *fill*         0x000000000000c60e        0x2 ff
 .text.Chip_Clock_EnablePLL
                0x000000000000c610       0x44 /home/rupinder/Documents/MCUXpresso_10.3.0_2200/workspace/lpc_chip_175x_6x/Debug/liblpc_chip_175x_6x.a(clock_17xx_40xx.o)
                0x000000000000c610                Chip_Clock_EnablePLL
 .text.Chip_Clock_DisablePLL
                0x000000000000c654       0x48 /home/rupinder/Documents/MCUXpresso_10.3.0_2200/workspace/lpc_chip_175x_6x/Debug/liblpc_chip_175x_6x.a(clock_17xx_40xx.o)
                0x000000000000c654                Chip_Clock_DisablePLL
 .text.Chip_Clock_SetupPLL
                0x000000000000c69c       0x5c /home/rupinder/Documents/MCUXpresso_10.3.0_2200/workspace/lpc_chip_175x_6x/Debug/liblpc_chip_175x_6x.a(clock_17xx_40xx.o)
                0x000000000000c69c                Chip_Clock_SetupPLL
 .text.Chip_Clock_EnablePeriphClock
                0x000000000000c6f8       0x34 /home/rupinder/Documents/MCUXpresso_10.3.0_2200/workspace/lpc_chip_175x_6x/Debug/liblpc_chip_175x_6x.a(clock_17xx_40xx.o)
                0x000000000000c6f8                Chip_Clock_EnablePeriphClock
 .text.Chip_Clock_GetCPUClockSource
                0x000000000000c72c       0x24 /home/rupinder/Documents/MCUXpresso_10.3.0_2200/workspace/lpc_chip_175x_6x/Debug/liblpc_chip_175x_6x.a(clock_17xx_40xx.o)
                0x000000000000c72c                Chip_Clock_GetCPUClockSource
 .text.Chip_Clock_SetCPUClockDiv
                0x000000000000c750       0x20 /home/rupinder/Documents/MCUXpresso_10.3.0_2200/workspace/lpc_chip_175x_6x/Debug/liblpc_chip_175x_6x.a(clock_17xx_40xx.o)
                0x000000000000c750                Chip_Clock_SetCPUClockDiv
 .text.Chip_Clock_GetCPUClockDiv
                0x000000000000c770       0x1c /home/rupinder/Documents/MCUXpresso_10.3.0_2200/workspace/lpc_chip_175x_6x/Debug/liblpc_chip_175x_6x.a(clock_17xx_40xx.o)
                0x000000000000c770                Chip_Clock_GetCPUClockDiv
 .text.Chip_Clock_GetSYSCLKRate
                0x000000000000c78c       0x34 /home/rupinder/Documents/MCUXpresso_10.3.0_2200/workspace/lpc_chip_175x_6x/Debug/liblpc_chip_175x_6x.a(clock_17xx_40xx.o)
                0x000000000000c78c                Chip_Clock_GetSYSCLKRate
 .text.Chip_Clock_GetMainPLLOutClockRate
                0x000000000000c7c0       0x54 /home/rupinder/Documents/MCUXpresso_10.3.0_2200/workspace/lpc_chip_175x_6x/Debug/liblpc_chip_175x_6x.a(clock_17xx_40xx.o)
                0x000000000000c7c0                Chip_Clock_GetMainPLLOutClockRate
 .text.Chip_Clock_GetMainClockRate
                0x000000000000c814       0x28 /home/rupinder/Documents/MCUXpresso_10.3.0_2200/workspace/lpc_chip_175x_6x/Debug/liblpc_chip_175x_6x.a(clock_17xx_40xx.o)
                0x000000000000c814                Chip_Clock_GetMainClockRate
 .text.Chip_Clock_GetSystemClockRate
                0x000000000000c83c       0x18 /home/rupinder/Documents/MCUXpresso_10.3.0_2200/workspace/lpc_chip_175x_6x/Debug/liblpc_chip_175x_6x.a(clock_17xx_40xx.o)
                0x000000000000c83c                Chip_Clock_GetSystemClockRate
 .text.Chip_Clock_GetENETClockRate
                0x000000000000c854        0xe /home/rupinder/Documents/MCUXpresso_10.3.0_2200/workspace/lpc_chip_175x_6x/Debug/liblpc_chip_175x_6x.a(enet_17xx_40xx.o)
 .text.Chip_ENET_Reset
                0x000000000000c862       0x22 /home/rupinder/Documents/MCUXpresso_10.3.0_2200/workspace/lpc_chip_175x_6x/Debug/liblpc_chip_175x_6x.a(enet_17xx_40xx.o)
 .text.resetENET
                0x000000000000c884       0x28 /home/rupinder/Documents/MCUXpresso_10.3.0_2200/workspace/lpc_chip_175x_6x/Debug/liblpc_chip_175x_6x.a(enet_17xx_40xx.o)
 .text.Chip_ENET_Init
                0x000000000000c8ac       0x8e /home/rupinder/Documents/MCUXpresso_10.3.0_2200/workspace/lpc_chip_175x_6x/Debug/liblpc_chip_175x_6x.a(enet_17xx_40xx.o)
                0x000000000000c8ac                Chip_ENET_Init
 *fill*         0x000000000000c93a        0x2 ff
 .text.Chip_ENET_SetupMII
                0x000000000000c93c       0x44 /home/rupinder/Documents/MCUXpresso_10.3.0_2200/workspace/lpc_chip_175x_6x/Debug/liblpc_chip_175x_6x.a(enet_17xx_40xx.o)
                0x000000000000c93c                Chip_ENET_SetupMII
 .text.Chip_ENET_FindMIIDiv
                0x000000000000c980       0x50 /home/rupinder/Documents/MCUXpresso_10.3.0_2200/workspace/lpc_chip_175x_6x/Debug/liblpc_chip_175x_6x.a(enet_17xx_40xx.o)
                0x000000000000c980                Chip_ENET_FindMIIDiv
 .text.Chip_ENET_StartMIIWrite
                0x000000000000c9d0       0x3c /home/rupinder/Documents/MCUXpresso_10.3.0_2200/workspace/lpc_chip_175x_6x/Debug/liblpc_chip_175x_6x.a(enet_17xx_40xx.o)
                0x000000000000c9d0                Chip_ENET_StartMIIWrite
 .text.Chip_ENET_StartMIIRead
                0x000000000000ca0c       0x30 /home/rupinder/Documents/MCUXpresso_10.3.0_2200/workspace/lpc_chip_175x_6x/Debug/liblpc_chip_175x_6x.a(enet_17xx_40xx.o)
                0x000000000000ca0c                Chip_ENET_StartMIIRead
 .text.Chip_ENET_ReadMIIData
                0x000000000000ca3c       0x1e /home/rupinder/Documents/MCUXpresso_10.3.0_2200/workspace/lpc_chip_175x_6x/Debug/liblpc_chip_175x_6x.a(enet_17xx_40xx.o)
                0x000000000000ca3c                Chip_ENET_ReadMIIData
 .text.Chip_ENET_SetFullDuplex
                0x000000000000ca5a       0x34 /home/rupinder/Documents/MCUXpresso_10.3.0_2200/workspace/lpc_chip_175x_6x/Debug/liblpc_chip_175x_6x.a(enet_17xx_40xx.o)
                0x000000000000ca5a                Chip_ENET_SetFullDuplex
 .text.Chip_ENET_SetHalfDuplex
                0x000000000000ca8e       0x34 /home/rupinder/Documents/MCUXpresso_10.3.0_2200/workspace/lpc_chip_175x_6x/Debug/liblpc_chip_175x_6x.a(enet_17xx_40xx.o)
                0x000000000000ca8e                Chip_ENET_SetHalfDuplex
 .text.Chip_ENET_InitTxDescriptors
                0x000000000000cac2       0x3a /home/rupinder/Documents/MCUXpresso_10.3.0_2200/workspace/lpc_chip_175x_6x/Debug/liblpc_chip_175x_6x.a(enet_17xx_40xx.o)
                0x000000000000cac2                Chip_ENET_InitTxDescriptors
 .text.Chip_ENET_InitRxDescriptors
                0x000000000000cafc       0x3a /home/rupinder/Documents/MCUXpresso_10.3.0_2200/workspace/lpc_chip_175x_6x/Debug/liblpc_chip_175x_6x.a(enet_17xx_40xx.o)
                0x000000000000cafc                Chip_ENET_InitRxDescriptors
 .text.Chip_ENET_GetFillDescNum
                0x000000000000cb36       0x4a /home/rupinder/Documents/MCUXpresso_10.3.0_2200/workspace/lpc_chip_175x_6x/Debug/liblpc_chip_175x_6x.a(enet_17xx_40xx.o)
                0x000000000000cb36                Chip_ENET_GetFillDescNum
 .text.Chip_ENET_IncTXProduceIndex
                0x000000000000cb80       0x3c /home/rupinder/Documents/MCUXpresso_10.3.0_2200/workspace/lpc_chip_175x_6x/Debug/liblpc_chip_175x_6x.a(enet_17xx_40xx.o)
                0x000000000000cb80                Chip_ENET_IncTXProduceIndex
 .text.Chip_ENET_IncRXConsumeIndex
                0x000000000000cbbc       0x3c /home/rupinder/Documents/MCUXpresso_10.3.0_2200/workspace/lpc_chip_175x_6x/Debug/liblpc_chip_175x_6x.a(enet_17xx_40xx.o)
                0x000000000000cbbc                Chip_ENET_IncRXConsumeIndex
 .text.Chip_IOCON_PinMuxSet
                0x000000000000cbf8       0x36 /home/rupinder/Documents/MCUXpresso_10.3.0_2200/workspace/lpc_chip_175x_6x/Debug/liblpc_chip_175x_6x.a(iocon_17xx_40xx.o)
                0x000000000000cbf8                Chip_IOCON_PinMuxSet
 .text.Chip_IOCON_PinMux
                0x000000000000cc2e       0x94 /home/rupinder/Documents/MCUXpresso_10.3.0_2200/workspace/lpc_chip_175x_6x/Debug/liblpc_chip_175x_6x.a(iocon_17xx_40xx.o)
                0x000000000000cc2e                Chip_IOCON_PinMux
 .text.Chip_IOCON_SetPinMuxing
                0x000000000000ccc2       0x62 /home/rupinder/Documents/MCUXpresso_10.3.0_2200/workspace/lpc_chip_175x_6x/Debug/liblpc_chip_175x_6x.a(iocon_17xx_40xx.o)
                0x000000000000ccc2                Chip_IOCON_SetPinMuxing
 .text.Chip_Clock_IsMainPLLEnabled
                0x000000000000cd24       0x24 /home/rupinder/Documents/MCUXpresso_10.3.0_2200/workspace/lpc_chip_175x_6x/Debug/liblpc_chip_175x_6x.a(sysinit_17xx_40xx.o)
 .text.Chip_Clock_IsMainPLLLocked
                0x000000000000cd48       0x24 /home/rupinder/Documents/MCUXpresso_10.3.0_2200/workspace/lpc_chip_175x_6x/Debug/liblpc_chip_175x_6x.a(sysinit_17xx_40xx.o)
 .text.Chip_Clock_IsMainPLLConnected
                0x000000000000cd6c       0x24 /home/rupinder/Documents/MCUXpresso_10.3.0_2200/workspace/lpc_chip_175x_6x/Debug/liblpc_chip_175x_6x.a(sysinit_17xx_40xx.o)
 .text.Chip_Clock_EnableCrystal
                0x000000000000cd90       0x20 /home/rupinder/Documents/MCUXpresso_10.3.0_2200/workspace/lpc_chip_175x_6x/Debug/liblpc_chip_175x_6x.a(sysinit_17xx_40xx.o)
 .text.Chip_Clock_IsCrystalEnabled
                0x000000000000cdb0       0x24 /home/rupinder/Documents/MCUXpresso_10.3.0_2200/workspace/lpc_chip_175x_6x/Debug/liblpc_chip_175x_6x.a(sysinit_17xx_40xx.o)
 .text.Chip_Clock_SetMainPLLSource
                0x000000000000cdd4       0x20 /home/rupinder/Documents/MCUXpresso_10.3.0_2200/workspace/lpc_chip_175x_6x/Debug/liblpc_chip_175x_6x.a(sysinit_17xx_40xx.o)
 .text.Chip_SetupXtalClocking
                0x000000000000cdf4       0x90 /home/rupinder/Documents/MCUXpresso_10.3.0_2200/workspace/lpc_chip_175x_6x/Debug/liblpc_chip_175x_6x.a(sysinit_17xx_40xx.o)
                0x000000000000cdf4                Chip_SetupXtalClocking
 .text.__main   0x000000000000ce84        0xe /usr/local/mcuxpressoide-10.3.0_2200/ide/plugins/com.nxp.mcuxpresso.tools.linux_10.3.0.201811011841/tools/bin/../lib/gcc/arm-none-eabi/7.3.1/../../../../arm-none-eabi/lib/thumb/v7-m/libcr_nohost.a(_cr__main.o)
                0x000000000000ce84                __main
 .text.memcpy   0x000000000000ce92        0x4 /usr/local/mcuxpressoide-10.3.0_2200/ide/plugins/com.nxp.mcuxpresso.tools.linux_10.3.0.201811011841/tools/bin/../lib/gcc/arm-none-eabi/7.3.1/../../../../arm-none-eabi/lib/thumb/v7-m/libcr_c.a(memcpy.o)
                0x000000000000ce92                memcpy
 .text.memset   0x000000000000ce96        0x4 /usr/local/mcuxpressoide-10.3.0_2200/ide/plugins/com.nxp.mcuxpresso.tools.linux_10.3.0.201811011841/tools/bin/../lib/gcc/arm-none-eabi/7.3.1/../../../../arm-none-eabi/lib/thumb/v7-m/libcr_c.a(memset.o)
                0x000000000000ce96                memset
 *fill*         0x000000000000ce9a        0x2 ff
 .text.malloc   0x000000000000ce9c       0xc8 /usr/local/mcuxpressoide-10.3.0_2200/ide/plugins/com.nxp.mcuxpresso.tools.linux_10.3.0.201811011841/tools/bin/../lib/gcc/arm-none-eabi/7.3.1/../../../../arm-none-eabi/lib/thumb/v7-m/libcr_c.a(alloc.o)
                0x000000000000ce9c                malloc
 .text.free     0x000000000000cf64       0x30 /usr/local/mcuxpressoide-10.3.0_2200/ide/plugins/com.nxp.mcuxpresso.tools.linux_10.3.0.201811011841/tools/bin/../lib/gcc/arm-none-eabi/7.3.1/../../../../arm-none-eabi/lib/thumb/v7-m/libcr_c.a(alloc.o)
                0x000000000000cf64                free
 .text._Csys_alloc
                0x000000000000cf94       0x20 /usr/local/mcuxpressoide-10.3.0_2200/ide/plugins/com.nxp.mcuxpresso.tools.linux_10.3.0.201811011841/tools/bin/../lib/gcc/arm-none-eabi/7.3.1/../../../../arm-none-eabi/lib/thumb/v7-m/libcr_c.a(alloc.o)
                0x000000000000cf94                _Csys_alloc
 .text.fp_round
                0x000000000000cfb4       0x4c /usr/local/mcuxpressoide-10.3.0_2200/ide/plugins/com.nxp.mcuxpresso.tools.linux_10.3.0.201811011841/tools/bin/../lib/gcc/arm-none-eabi/7.3.1/../../../../arm-none-eabi/lib/thumb/v7-m/libcr_c.a(fpprintf.o)
 .text.pr_dec.constprop.1
                0x000000000000d000       0x26 /usr/local/mcuxpressoide-10.3.0_2200/ide/plugins/com.nxp.mcuxpresso.tools.linux_10.3.0.201811011841/tools/bin/../lib/gcc/arm-none-eabi/7.3.1/../../../../arm-none-eabi/lib/thumb/v7-m/libcr_c.a(fpprintf.o)
 *fill*         0x000000000000d026        0x2 ff
 .text.sprintf  0x000000000000d028       0x6c /usr/local/mcuxpressoide-10.3.0_2200/ide/plugins/com.nxp.mcuxpresso.tools.linux_10.3.0.201811011841/tools/bin/../lib/gcc/arm-none-eabi/7.3.1/../../../../arm-none-eabi/lib/thumb/v7-m/libcr_c.a(fpprintf.o)
                0x000000000000d028                sprintf
 *fill*         0x000000000000d094        0x4 ff
 .text.fp_display
                0x000000000000d098      0x96c /usr/local/mcuxpressoide-10.3.0_2200/ide/plugins/com.nxp.mcuxpresso.tools.linux_10.3.0.201811011841/tools/bin/../lib/gcc/arm-none-eabi/7.3.1/../../../../arm-none-eabi/lib/thumb/v7-m/libcr_c.a(fpprintf.o)
 .text.vsnprintf
                0x000000000000da04       0x68 /usr/local/mcuxpressoide-10.3.0_2200/ide/plugins/com.nxp.mcuxpresso.tools.linux_10.3.0.201811011841/tools/bin/../lib/gcc/arm-none-eabi/7.3.1/../../../../arm-none-eabi/lib/thumb/v7-m/libcr_c.a(fpprintf.o)
                0x000000000000da04                vsnprintf
 .text.printf   0x000000000000da6c       0x54 /usr/local/mcuxpressoide-10.3.0_2200/ide/plugins/com.nxp.mcuxpresso.tools.linux_10.3.0.201811011841/tools/bin/../lib/gcc/arm-none-eabi/7.3.1/../../../../arm-none-eabi/lib/thumb/v7-m/libcr_c.a(fpprintf.o)
                0x000000000000da6c                printf
 .text._initio  0x000000000000dac0       0x78 /usr/local/mcuxpressoide-10.3.0_2200/ide/plugins/com.nxp.mcuxpresso.tools.linux_10.3.0.201811011841/tools/bin/../lib/gcc/arm-none-eabi/7.3.1/../../../../arm-none-eabi/lib/thumb/v7-m/libcr_c.a(initio.o)
                0x000000000000dac0                _initio
 .text.memcmp   0x000000000000db38       0x42 /usr/local/mcuxpressoide-10.3.0_2200/ide/plugins/com.nxp.mcuxpresso.tools.linux_10.3.0.201811011841/tools/bin/../lib/gcc/arm-none-eabi/7.3.1/../../../../arm-none-eabi/lib/thumb/v7-m/libcr_c.a(memcmp.o)
                0x000000000000db38                memcmp
 *fill*         0x000000000000db7a        0x2 ff
 .text.__vfprintf
                0x000000000000db7c      0xb8c /usr/local/mcuxpressoide-10.3.0_2200/ide/plugins/com.nxp.mcuxpresso.tools.linux_10.3.0.201811011841/tools/bin/../lib/gcc/arm-none-eabi/7.3.1/../../../../arm-none-eabi/lib/thumb/v7-m/libcr_c.a(printf.o)
                0x000000000000db7c                __vfprintf
 .text.setvbuf  0x000000000000e708       0x40 /usr/local/mcuxpressoide-10.3.0_2200/ide/plugins/com.nxp.mcuxpresso.tools.linux_10.3.0.201811011841/tools/bin/../lib/gcc/arm-none-eabi/7.3.1/../../../../arm-none-eabi/lib/thumb/v7-m/libcr_c.a(setvbuf.o)
                0x000000000000e708                setvbuf
 .text.strcat   0x000000000000e748       0x1e /usr/local/mcuxpressoide-10.3.0_2200/ide/plugins/com.nxp.mcuxpresso.tools.linux_10.3.0.201811011841/tools/bin/../lib/gcc/arm-none-eabi/7.3.1/../../../../arm-none-eabi/lib/thumb/v7-m/libcr_c.a(strcat.o)
                0x000000000000e748                strcat
 .text.strchr   0x000000000000e766       0x18 /usr/local/mcuxpressoide-10.3.0_2200/ide/plugins/com.nxp.mcuxpresso.tools.linux_10.3.0.201811011841/tools/bin/../lib/gcc/arm-none-eabi/7.3.1/../../../../arm-none-eabi/lib/thumb/v7-m/libcr_c.a(strchr.o)
                0x000000000000e766                strchr
 .text.strcmp   0x000000000000e77e       0x44 /usr/local/mcuxpressoide-10.3.0_2200/ide/plugins/com.nxp.mcuxpresso.tools.linux_10.3.0.201811011841/tools/bin/../lib/gcc/arm-none-eabi/7.3.1/../../../../arm-none-eabi/lib/thumb/v7-m/libcr_c.a(strcmp.o)
                0x000000000000e77e                strcmp
 .text.strcpy   0x000000000000e7c2       0x42 /usr/local/mcuxpressoide-10.3.0_2200/ide/plugins/com.nxp.mcuxpresso.tools.linux_10.3.0.201811011841/tools/bin/../lib/gcc/arm-none-eabi/7.3.1/../../../../arm-none-eabi/lib/thumb/v7-m/libcr_c.a(strcpy.o)
                0x000000000000e7c2                strcpy
 .text.strlen   0x000000000000e804       0x4a /usr/local/mcuxpressoide-10.3.0_2200/ide/plugins/com.nxp.mcuxpresso.tools.linux_10.3.0.201811011841/tools/bin/../lib/gcc/arm-none-eabi/7.3.1/../../../../arm-none-eabi/lib/thumb/v7-m/libcr_c.a(strlen.o)
                0x000000000000e804                strlen
 .text.strncmp  0x000000000000e84e       0x56 /usr/local/mcuxpressoide-10.3.0_2200/ide/plugins/com.nxp.mcuxpresso.tools.linux_10.3.0.201811011841/tools/bin/../lib/gcc/arm-none-eabi/7.3.1/../../../../arm-none-eabi/lib/thumb/v7-m/libcr_c.a(strncmp.o)
                0x000000000000e84e                strncmp
 .text.strrchr  0x000000000000e8a4       0x1e /usr/local/mcuxpressoide-10.3.0_2200/ide/plugins/com.nxp.mcuxpresso.tools.linux_10.3.0.201811011841/tools/bin/../lib/gcc/arm-none-eabi/7.3.1/../../../../arm-none-eabi/lib/thumb/v7-m/libcr_c.a(strrchr.o)
                0x000000000000e8a4                strrchr
 .text.strstr   0x000000000000e8c2       0x20 /usr/local/mcuxpressoide-10.3.0_2200/ide/plugins/com.nxp.mcuxpresso.tools.linux_10.3.0.201811011841/tools/bin/../lib/gcc/arm-none-eabi/7.3.1/../../../../arm-none-eabi/lib/thumb/v7-m/libcr_c.a(strstr.o)
                0x000000000000e8c2                strstr
 *fill*         0x000000000000e8e2        0x2 ff
 .text._sbrk    0x000000000000e8e4       0x3c /usr/local/mcuxpressoide-10.3.0_2200/ide/plugins/com.nxp.mcuxpresso.tools.linux_10.3.0.201811011841/tools/bin/../lib/gcc/arm-none-eabi/7.3.1/../../../../arm-none-eabi/lib/thumb/v7-m/libcr_c.a(_cr_sbrk.o)
                0x000000000000e8e4                _sbrk
 .text._deferredlazyseek
                0x000000000000e920       0x40 /usr/local/mcuxpressoide-10.3.0_2200/ide/plugins/com.nxp.mcuxpresso.tools.linux_10.3.0.201811011841/tools/bin/../lib/gcc/arm-none-eabi/7.3.1/../../../../arm-none-eabi/lib/thumb/v7-m/libcr_c.a(_deferredlazyseek.o)
                0x000000000000e920                _deferredlazyseek
 .text.__flsbuf
                0x000000000000e960      0x140 /usr/local/mcuxpressoide-10.3.0_2200/ide/plugins/com.nxp.mcuxpresso.tools.linux_10.3.0.201811011841/tools/bin/../lib/gcc/arm-none-eabi/7.3.1/../../../../arm-none-eabi/lib/thumb/v7-m/libcr_c.a(_deferredlazyseek.o)
                0x000000000000e960                __flsbuf
 .text._fdopen  0x000000000000eaa0       0x68 /usr/local/mcuxpressoide-10.3.0_2200/ide/plugins/com.nxp.mcuxpresso.tools.linux_10.3.0.201811011841/tools/bin/../lib/gcc/arm-none-eabi/7.3.1/../../../../arm-none-eabi/lib/thumb/v7-m/libcr_c.a(_fdopen.o)
                0x000000000000eaa0                _fdopen
 .text._fflush  0x000000000000eb08       0x52 /usr/local/mcuxpressoide-10.3.0_2200/ide/plugins/com.nxp.mcuxpresso.tools.linux_10.3.0.201811011841/tools/bin/../lib/gcc/arm-none-eabi/7.3.1/../../../../arm-none-eabi/lib/thumb/v7-m/libcr_c.a(_fflush.o)
                0x000000000000eb08                _fflush
 .text._frexpl  0x000000000000eb5a       0x56 /usr/local/mcuxpressoide-10.3.0_2200/ide/plugins/com.nxp.mcuxpresso.tools.linux_10.3.0.201811011841/tools/bin/../lib/gcc/arm-none-eabi/7.3.1/../../../../arm-none-eabi/lib/thumb/v7-m/libcr_c.a(_frexpl.o)
                0x000000000000eb5a                _frexpl
 .text._ldexpl  0x000000000000ebb0       0x4c /usr/local/mcuxpressoide-10.3.0_2200/ide/plugins/com.nxp.mcuxpresso.tools.linux_10.3.0.201811011841/tools/bin/../lib/gcc/arm-none-eabi/7.3.1/../../../../arm-none-eabi/lib/thumb/v7-m/libcr_c.a(_ldexpl.o)
                0x000000000000ebb0                _ldexpl
 .text._Cwritebuf
                0x000000000000ebfc       0x6c /usr/local/mcuxpressoide-10.3.0_2200/ide/plugins/com.nxp.mcuxpresso.tools.linux_10.3.0.201811011841/tools/bin/../lib/gcc/arm-none-eabi/7.3.1/../../../../arm-none-eabi/lib/thumb/v7-m/libcr_c.a(_writebuf.o)
                0x000000000000ebfc                _Cwritebuf
 .text.fclose   0x000000000000ec68       0x58 /usr/local/mcuxpressoide-10.3.0_2200/ide/plugins/com.nxp.mcuxpresso.tools.linux_10.3.0.201811011841/tools/bin/../lib/gcc/arm-none-eabi/7.3.1/../../../../arm-none-eabi/lib/thumb/v7-m/libcr_c.a(fclose.o)
                0x000000000000ec68                fclose
 .text.fflush   0x000000000000ecc0       0x44 /usr/local/mcuxpressoide-10.3.0_2200/ide/plugins/com.nxp.mcuxpresso.tools.linux_10.3.0.201811011841/tools/bin/../lib/gcc/arm-none-eabi/7.3.1/../../../../arm-none-eabi/lib/thumb/v7-m/libcr_c.a(fflush.o)
                0x000000000000ecc0                fflush
 .text.fseek    0x000000000000ed04      0x100 /usr/local/mcuxpressoide-10.3.0_2200/ide/plugins/com.nxp.mcuxpresso.tools.linux_10.3.0.201811011841/tools/bin/../lib/gcc/arm-none-eabi/7.3.1/../../../../arm-none-eabi/lib/thumb/v7-m/libcr_c.a(fseek.o)
                0x000000000000ed04                fseek
 .text.ftell    0x000000000000ee04       0x44 /usr/local/mcuxpressoide-10.3.0_2200/ide/plugins/com.nxp.mcuxpresso.tools.linux_10.3.0.201811011841/tools/bin/../lib/gcc/arm-none-eabi/7.3.1/../../../../arm-none-eabi/lib/thumb/v7-m/libcr_c.a(ftell.o)
                0x000000000000ee04                ftell
 .text.remove   0x000000000000ee48       0x14 /usr/local/mcuxpressoide-10.3.0_2200/ide/plugins/com.nxp.mcuxpresso.tools.linux_10.3.0.201811011841/tools/bin/../lib/gcc/arm-none-eabi/7.3.1/../../../../arm-none-eabi/lib/thumb/v7-m/libcr_c.a(remove.o)
                0x000000000000ee48                remove
 .text.__check_heap_overflow
                0x000000000000ee5c       0x18 /usr/local/mcuxpressoide-10.3.0_2200/ide/plugins/com.nxp.mcuxpresso.tools.linux_10.3.0.201811011841/tools/bin/../lib/gcc/arm-none-eabi/7.3.1/../../../../arm-none-eabi/lib/thumb/v7-m/libcr_c.a(_cr_check_heap.o)
                0x000000000000ee5c                __check_heap_overflow
 .text._do_fflush
                0x000000000000ee74       0x40 /usr/local/mcuxpressoide-10.3.0_2200/ide/plugins/com.nxp.mcuxpresso.tools.linux_10.3.0.201811011841/tools/bin/../lib/gcc/arm-none-eabi/7.3.1/../../../../arm-none-eabi/lib/thumb/v7-m/libcr_c.a(_do_fflush.o)
                0x000000000000ee74                _do_fflush
 .text.__aeabi_dmul
                0x000000000000eeb4      0x10c /usr/local/mcuxpressoide-10.3.0_2200/ide/plugins/com.nxp.mcuxpresso.tools.linux_10.3.0.201811011841/tools/bin/../lib/gcc/arm-none-eabi/7.3.1/thumb/v7-m/libcr_eabihelpers.a(double.o)
                0x000000000000eeb4                __aeabi_dmul
 .text.__aeabi_ddiv
                0x000000000000efc0      0x130 /usr/local/mcuxpressoide-10.3.0_2200/ide/plugins/com.nxp.mcuxpresso.tools.linux_10.3.0.201811011841/tools/bin/../lib/gcc/arm-none-eabi/7.3.1/thumb/v7-m/libcr_eabihelpers.a(double.o)
                0x000000000000efc0                __aeabi_ddiv
 .text.__aeabi_dsub
                0x000000000000f0f0      0x1b0 /usr/local/mcuxpressoide-10.3.0_2200/ide/plugins/com.nxp.mcuxpresso.tools.linux_10.3.0.201811011841/tools/bin/../lib/gcc/arm-none-eabi/7.3.1/thumb/v7-m/libcr_eabihelpers.a(double.o)
                0x000000000000f0f0                __aeabi_dsub
 .text.__aeabi_dadd
                0x000000000000f2a0      0x10c /usr/local/mcuxpressoide-10.3.0_2200/ide/plugins/com.nxp.mcuxpresso.tools.linux_10.3.0.201811011841/tools/bin/../lib/gcc/arm-none-eabi/7.3.1/thumb/v7-m/libcr_eabihelpers.a(double.o)
                0x000000000000f2a0                __aeabi_dadd
 .text.__aeabi_d2iz
                0x000000000000f3ac       0x40 /usr/local/mcuxpressoide-10.3.0_2200/ide/plugins/com.nxp.mcuxpresso.tools.linux_10.3.0.201811011841/tools/bin/../lib/gcc/arm-none-eabi/7.3.1/thumb/v7-m/libcr_eabihelpers.a(double.o)
                0x000000000000f3ac                __aeabi_d2iz
 .text.__bhs_ui2d
                0x000000000000f3ec       0x46 /usr/local/mcuxpressoide-10.3.0_2200/ide/plugins/com.nxp.mcuxpresso.tools.linux_10.3.0.201811011841/tools/bin/../lib/gcc/arm-none-eabi/7.3.1/thumb/v7-m/libcr_eabihelpers.a(double.o)
                0x000000000000f3ec                __bhs_ui2d
 .text.__aeabi_i2d
                0x000000000000f432       0x12 /usr/local/mcuxpressoide-10.3.0_2200/ide/plugins/com.nxp.mcuxpresso.tools.linux_10.3.0.201811011841/tools/bin/../lib/gcc/arm-none-eabi/7.3.1/thumb/v7-m/libcr_eabihelpers.a(double.o)
                0x000000000000f432                __aeabi_i2d
 .text.__aeabi_dcmpeq
                0x000000000000f444       0x2c /usr/local/mcuxpressoide-10.3.0_2200/ide/plugins/com.nxp.mcuxpresso.tools.linux_10.3.0.201811011841/tools/bin/../lib/gcc/arm-none-eabi/7.3.1/thumb/v7-m/libcr_eabihelpers.a(double.o)
                0x000000000000f444                __aeabi_dcmpeq
 .text.__aeabi_dcmplt
                0x000000000000f470       0x54 /usr/local/mcuxpressoide-10.3.0_2200/ide/plugins/com.nxp.mcuxpresso.tools.linux_10.3.0.201811011841/tools/bin/../lib/gcc/arm-none-eabi/7.3.1/thumb/v7-m/libcr_eabihelpers.a(double.o)
                0x000000000000f470                __aeabi_dcmplt
 .text.__aeabi_dcmple
                0x000000000000f4c4       0x54 /usr/local/mcuxpressoide-10.3.0_2200/ide/plugins/com.nxp.mcuxpresso.tools.linux_10.3.0.201811011841/tools/bin/../lib/gcc/arm-none-eabi/7.3.1/thumb/v7-m/libcr_eabihelpers.a(double.o)
                0x000000000000f4c4                __aeabi_dcmple
 .text.__aeabi_dcmpge
                0x000000000000f518       0x54 /usr/local/mcuxpressoide-10.3.0_2200/ide/plugins/com.nxp.mcuxpresso.tools.linux_10.3.0.201811011841/tools/bin/../lib/gcc/arm-none-eabi/7.3.1/thumb/v7-m/libcr_eabihelpers.a(double.o)
                0x000000000000f518                __aeabi_dcmpge
 .text.__aeabi_memcpy
                0x000000000000f56c       0x34 /usr/local/mcuxpressoide-10.3.0_2200/ide/plugins/com.nxp.mcuxpresso.tools.linux_10.3.0.201811011841/tools/bin/../lib/gcc/arm-none-eabi/7.3.1/thumb/v7-m/libcr_eabihelpers.a(memcpy.o)
                0x000000000000f56c                __aeabi_memcpy
                0x000000000000f576                __aeabi_memcpy4
                0x000000000000f576                __aeabi_memcpy8
 .text.__aeabi_memset_lowlevel
                0x000000000000f5a0       0x32 /usr/local/mcuxpressoide-10.3.0_2200/ide/plugins/com.nxp.mcuxpresso.tools.linux_10.3.0.201811011841/tools/bin/../lib/gcc/arm-none-eabi/7.3.1/thumb/v7-m/libcr_eabihelpers.a(memcpy.o)
                0x000000000000f5a0                __aeabi_lowlevel_memset
 .text.__sys_appexit
                0x000000000000f5d2        0x2 /usr/local/mcuxpressoide-10.3.0_2200/ide/plugins/com.nxp.mcuxpresso.tools.linux_10.3.0.201811011841/tools/bin/../lib/gcc/arm-none-eabi/7.3.1/../../../../arm-none-eabi/lib/thumb/v7-m/libcr_nohost.a(__sys_appexit.o)
                0x000000000000f5d2                __exit
                0x000000000000f5d2                __sys_appexit
 .text.__sys_close
                0x000000000000f5d4        0x6 /usr/local/mcuxpressoide-10.3.0_2200/ide/plugins/com.nxp.mcuxpresso.tools.linux_10.3.0.201811011841/tools/bin/../lib/gcc/arm-none-eabi/7.3.1/../../../../arm-none-eabi/lib/thumb/v7-m/libcr_nohost.a(__sys_close.o)
                0x000000000000f5d4                __sys_close
 .text.__sys_flen
                0x000000000000f5da        0x6 /usr/local/mcuxpressoide-10.3.0_2200/ide/plugins/com.nxp.mcuxpresso.tools.linux_10.3.0.201811011841/tools/bin/../lib/gcc/arm-none-eabi/7.3.1/../../../../arm-none-eabi/lib/thumb/v7-m/libcr_nohost.a(__sys_flen.o)
                0x000000000000f5da                __sys_flen
 .text.__sys_istty
                0x000000000000f5e0        0x6 /usr/local/mcuxpressoide-10.3.0_2200/ide/plugins/com.nxp.mcuxpresso.tools.linux_10.3.0.201811011841/tools/bin/../lib/gcc/arm-none-eabi/7.3.1/../../../../arm-none-eabi/lib/thumb/v7-m/libcr_nohost.a(__sys_istty.o)
                0x000000000000f5e0                __sys_istty
 .text.__sys_remove
                0x000000000000f5e6        0x6 /usr/local/mcuxpressoide-10.3.0_2200/ide/plugins/com.nxp.mcuxpresso.tools.linux_10.3.0.201811011841/tools/bin/../lib/gcc/arm-none-eabi/7.3.1/../../../../arm-none-eabi/lib/thumb/v7-m/libcr_nohost.a(__sys_remove.o)
                0x000000000000f5e6                __sys_remove
 .text.__sys_seek
                0x000000000000f5ec        0x6 /usr/local/mcuxpressoide-10.3.0_2200/ide/plugins/com.nxp.mcuxpresso.tools.linux_10.3.0.201811011841/tools/bin/../lib/gcc/arm-none-eabi/7.3.1/../../../../arm-none-eabi/lib/thumb/v7-m/libcr_nohost.a(__sys_seek.o)
                0x000000000000f5ec                __sys_seek
 .text.__sys_tmpnam
                0x000000000000f5f2        0x6 /usr/local/mcuxpressoide-10.3.0_2200/ide/plugins/com.nxp.mcuxpresso.tools.linux_10.3.0.201811011841/tools/bin/../lib/gcc/arm-none-eabi/7.3.1/../../../../arm-none-eabi/lib/thumb/v7-m/libcr_nohost.a(__sys_tmpnam.o)
                0x000000000000f5f2                __sys_tmpnam
 .text.__sys_write
                0x000000000000f5f8        0x4 /usr/local/mcuxpressoide-10.3.0_2200/ide/plugins/com.nxp.mcuxpresso.tools.linux_10.3.0.201811011841/tools/bin/../lib/gcc/arm-none-eabi/7.3.1/../../../../arm-none-eabi/lib/thumb/v7-m/libcr_nohost.a(__sys_write.o)
                0x000000000000f5f8                __sys_write
 *(.rodata .rodata.* .constdata .constdata.*)
 .rodata.ethbroadcast
                0x000000000000f5fc        0x6 ./lwip/src/netif/etharp.o
                0x000000000000f5fc                ethbroadcast
 *fill*         0x000000000000f602        0x2 ff
 .rodata.ethzero
                0x000000000000f604        0x6 ./lwip/src/netif/etharp.o
                0x000000000000f604                ethzero
 *fill*         0x000000000000f60a        0x2 ff
 .rodata.ip_addr_any
                0x000000000000f60c        0x4 ./lwip/src/core/ipv4/ip_addr.o
                0x000000000000f60c                ip_addr_any
 .rodata.ip_addr_broadcast
                0x000000000000f610        0x4 ./lwip/src/core/ipv4/ip_addr.o
                0x000000000000f610                ip_addr_broadcast
 .rodata.memp_sizes
                0x000000000000f614       0x14 ./lwip/src/core/memp.o
                0x000000000000f614                memp_sizes
 .rodata.tcp_backoff
                0x000000000000f628        0xd ./lwip/src/core/tcp.o
                0x000000000000f628                tcp_backoff
 *fill*         0x000000000000f635        0x3 ff
 .rodata.tcp_persist_backoff
                0x000000000000f638        0x7 ./lwip/src/core/tcp.o
                0x000000000000f638                tcp_persist_backoff
 *fill*         0x000000000000f63f        0x1 ff
 .rodata.tcp_pcb_lists
                0x000000000000f640       0x10 ./lwip/src/core/tcp.o
                0x000000000000f640                tcp_pcb_lists
 .rodata        0x000000000000f650        0x8 ./lwip/src/arch/lpc17xx_40xx_emac.o
 .rodata        0x000000000000f658      0x459 ./example/src/httpd.o
 *fill*         0x000000000000fab1        0x3 ff
 .rodata.g_psHTTPHeaderStrings
                0x000000000000fab4       0x68 ./example/src/httpd.o
 .rodata.g_psHTTPHeaders
                0x000000000000fb1c       0x88 ./example/src/httpd.o
 .rodata.g_psDefaultFilenames
                0x000000000000fba4       0x28 ./example/src/httpd.o
                0x000000000000fba4                g_psDefaultFilenames
 .rodata        0x000000000000fbcc      0x410 ./example/src/lwip_fs.o
 .rodata.g_psHTTPHeaderStrings
                0x000000000000ffdc       0x68 ./example/src/lwip_fs.o
 .rodata.g_psHTTPHeaders
                0x0000000000010044       0x88 ./example/src/lwip_fs.o
 .rodata.http_index_html
                0x00000000000100cc       0xa3 ./example/src/lwip_fs.o
 *fill*         0x000000000001016f        0x1 ff
 .rodata        0x0000000000010170       0x56 ./example/src/webserver.o
 *fill*         0x00000000000101c6        0x2 ff
 .rodata.OscRateIn
                0x00000000000101c8        0x4 /home/rupinder/Documents/MCUXpresso_10.3.0_2200/workspace/lpc_board_nxp_lpcxpresso_1769/Debug/liblpc_board_nxp_lpcxpresso_1769.a(board.o)
                0x00000000000101c8                OscRateIn
 .rodata.RTCOscRateIn
                0x00000000000101cc        0x4 /home/rupinder/Documents/MCUXpresso_10.3.0_2200/workspace/lpc_board_nxp_lpcxpresso_1769/Debug/liblpc_board_nxp_lpcxpresso_1769.a(board.o)
                0x00000000000101cc                RTCOscRateIn
 .rodata        0x00000000000101d0        0x6 /home/rupinder/Documents/MCUXpresso_10.3.0_2200/workspace/lpc_board_nxp_lpcxpresso_1769/Debug/liblpc_board_nxp_lpcxpresso_1769.a(board.o)
 *fill*         0x00000000000101d6        0x2 ff
 .rodata.pinmuxing
                0x00000000000101d8       0x5c /home/rupinder/Documents/MCUXpresso_10.3.0_2200/workspace/lpc_board_nxp_lpcxpresso_1769/Debug/liblpc_board_nxp_lpcxpresso_1769.a(board_sysinit.o)
 .rodata.EnetClkDiv
                0x0000000000010234        0xf /home/rupinder/Documents/MCUXpresso_10.3.0_2200/workspace/lpc_chip_175x_6x/Debug/liblpc_chip_175x_6x.a(enet_17xx_40xx.o)
 .rodata._Csys_alloc.str1.1
                0x0000000000010243       0x18 /usr/local/mcuxpressoide-10.3.0_2200/ide/plugins/com.nxp.mcuxpresso.tools.linux_10.3.0.201811011841/tools/bin/../lib/gcc/arm-none-eabi/7.3.1/../../../../arm-none-eabi/lib/thumb/v7-m/libcr_c.a(alloc.o)
 .rodata.fp_display.str1.1
                0x000000000001025b       0x34 /usr/local/mcuxpressoide-10.3.0_2200/ide/plugins/com.nxp.mcuxpresso.tools.linux_10.3.0.201811011841/tools/bin/../lib/gcc/arm-none-eabi/7.3.1/../../../../arm-none-eabi/lib/thumb/v7-m/libcr_c.a(fpprintf.o)
                                         0x35 (size before relaxing)
 .rodata._initio.str1.1
                0x000000000001028f        0x4 /usr/local/mcuxpressoide-10.3.0_2200/ide/plugins/com.nxp.mcuxpresso.tools.linux_10.3.0.201811011841/tools/bin/../lib/gcc/arm-none-eabi/7.3.1/../../../../arm-none-eabi/lib/thumb/v7-m/libcr_c.a(initio.o)
 .rodata.__vfprintf.str1.1
                0x0000000000010293       0x31 /usr/local/mcuxpressoide-10.3.0_2200/ide/plugins/com.nxp.mcuxpresso.tools.linux_10.3.0.201811011841/tools/bin/../lib/gcc/arm-none-eabi/7.3.1/../../../../arm-none-eabi/lib/thumb/v7-m/libcr_c.a(printf.o)
                                         0x38 (size before relaxing)
 *fill*         0x00000000000102c4        0x4 ff
 .rodata.__huge_vall
                0x00000000000102c8        0x8 /usr/local/mcuxpressoide-10.3.0_2200/ide/plugins/com.nxp.mcuxpresso.tools.linux_10.3.0.201811011841/tools/bin/../lib/gcc/arm-none-eabi/7.3.1/../../../../arm-none-eabi/lib/thumb/v7-m/libcr_c.a(_hugeval.o)
                0x00000000000102c8                __huge_vall
 .rodata.__num_Ciob_streams
                0x00000000000102d0        0x4 /usr/local/mcuxpressoide-10.3.0_2200/ide/plugins/com.nxp.mcuxpresso.tools.linux_10.3.0.201811011841/tools/bin/../lib/gcc/arm-none-eabi/7.3.1/../../../../arm-none-eabi/lib/thumb/v7-m/libcr_nohost.a(__ciob.o)
                0x00000000000102d0                __num_Ciob_streams
                0x00000000000102d4                . = ALIGN (0x4)

.glue_7         0x00000000000102d4        0x0
 .glue_7        0x00000000000102d4        0x0 linker stubs

.glue_7t        0x00000000000102d4        0x0
 .glue_7t       0x00000000000102d4        0x0 linker stubs

.vfp11_veneer   0x00000000000102d4        0x0
 .vfp11_veneer  0x00000000000102d4        0x0 linker stubs

.v4_bx          0x00000000000102d4        0x0
 .v4_bx         0x00000000000102d4        0x0 linker stubs

.iplt           0x00000000000102d4        0x0
 .iplt          0x00000000000102d4        0x0 ./lwip/src/netif/etharp.o

.rel.dyn        0x00000000000102d4        0x0
 .rel.iplt      0x00000000000102d4        0x0 ./lwip/src/netif/etharp.o

.ARM.extab
 *(.ARM.extab* .gnu.linkonce.armextab.*)
                0x00000000000102d4                __exidx_start = .

.ARM.exidx
 *(.ARM.exidx* .gnu.linkonce.armexidx.*)
                0x00000000000102d4                __exidx_end = .
                0x00000000000102d4                _etext = .

.data_RAM2      0x000000002007c000        0x0 load address 0x00000000000102d4
 FILL mask 0xff
                [!provide]                        PROVIDE (__start_data_RAM2 = .)
 *(.ramfunc.$RAM2)
 *(.ramfunc.$RamAHB32)
 *(.data.$RAM2*)
 *(.data.$RamAHB32*)
                0x000000002007c000                . = ALIGN (0x4)
                [!provide]                        PROVIDE (__end_data_RAM2 = .)

.uninit_RESERVED
                0x0000000010000000        0x0
 *(.bss.$RESERVED*)
                0x0000000010000000                . = ALIGN (0x4)
                0x0000000010000000                _end_uninit_RESERVED = .

.data           0x0000000010000000       0x10 load address 0x00000000000102d4
 FILL mask 0xff
                0x0000000010000000                _data = .
 *(vtable)
 *(.ramfunc*)
 *(.data*)
 .data.xid.4894
                0x0000000010000000        0x4 ./lwip/src/core/dhcp.o
 .data.tcp_port
                0x0000000010000004        0x2 ./lwip/src/core/tcp.o
 *fill*         0x0000000010000006        0x2 ff
 .data.iss.5006
                0x0000000010000008        0x4 ./lwip/src/core/tcp.o
 .data.udp_port
                0x000000001000000c        0x2 ./lwip/src/core/udp.o
                0x0000000010000010                . = ALIGN (0x4)
 *fill*         0x000000001000000e        0x2 ff
                0x0000000010000010                _edata = .

.igot.plt       0x0000000010000010        0x0 load address 0x00000000000102e4
 .igot.plt      0x0000000010000010        0x0 ./lwip/src/netif/etharp.o

.bss_RAM2       0x000000002007c000        0x0
                [!provide]                        PROVIDE (__start_bss_RAM2 = .)
 *(.bss.$RAM2*)
 *(.bss.$RamAHB32*)
                0x000000002007c000                . = ALIGN ((. != 0x0)?0x4:0x1)
                [!provide]                        PROVIDE (__end_bss_RAM2 = .)

.bss            0x0000000010000010      0x48c
                0x0000000010000010                _bss = .
 *(.bss*)
 .bss.arp_table
                0x0000000010000010       0xc8 ./lwip/src/netif/etharp.o
 .bss.etharp_cached_entry
                0x00000000100000d8        0x1 ./lwip/src/netif/etharp.o
 *fill*         0x00000000100000d9        0x1 
 .bss.ip_id     0x00000000100000da        0x2 ./lwip/src/core/ipv4/ip.o
 .bss.reassdatagrams
                0x00000000100000dc        0x4 ./lwip/src/core/ipv4/ip_frag.o
 .bss.ip_reass_pbufcount
                0x00000000100000e0        0x2 ./lwip/src/core/ipv4/ip_frag.o
 .bss.netif_num
                0x00000000100000e2        0x1 ./lwip/src/core/netif.o
 *fill*         0x00000000100000e3        0x1 
 .bss.raw_pcbs  0x00000000100000e4        0x4 ./lwip/src/core/raw.o
 .bss.tcp_timer
                0x00000000100000e8        0x1 ./lwip/src/core/tcp.o
 .bss.tcp_timer_ctr
                0x00000000100000e9        0x1 ./lwip/src/core/tcp.o
 *fill*         0x00000000100000ea        0x2 
 .bss.inseg     0x00000000100000ec       0x14 ./lwip/src/core/tcp_in.o
 .bss.tcphdr    0x0000000010000100        0x4 ./lwip/src/core/tcp_in.o
 .bss.iphdr     0x0000000010000104        0x4 ./lwip/src/core/tcp_in.o
 .bss.seqno     0x0000000010000108        0x4 ./lwip/src/core/tcp_in.o
 .bss.ackno     0x000000001000010c        0x4 ./lwip/src/core/tcp_in.o
 .bss.flags     0x0000000010000110        0x1 ./lwip/src/core/tcp_in.o
 *fill*         0x0000000010000111        0x1 
 .bss.tcplen    0x0000000010000112        0x2 ./lwip/src/core/tcp_in.o
 .bss.recv_flags
                0x0000000010000114        0x1 ./lwip/src/core/tcp_in.o
 *fill*         0x0000000010000115        0x3 
 .bss.recv_data
                0x0000000010000118        0x4 ./lwip/src/core/tcp_in.o
 .bss.next_timeout
                0x000000001000011c        0x4 ./lwip/src/core/timers.o
 .bss.timeouts_last_time
                0x0000000010000120        0x4 ./lwip/src/core/timers.o
 .bss.tcpip_tcp_timer_active
                0x0000000010000124        0x4 ./lwip/src/core/timers.o
 .bss.saved_period
                0x0000000010000128        0x4 ./lwip/src/arch/lpc17xx_40xx_systick_arch.o
 .bss.systick_timems
                0x000000001000012c        0x4 ./lwip/src/arch/lpc17xx_40xx_systick_arch.o
 .bss.lpc_netif
                0x0000000010000130       0x38 ./example/src/webserver.o
 .bss.prt_ip.7906
                0x0000000010000168        0x4 ./example/src/webserver.o
 .bss.tmp_buff.7907
                0x000000001000016c       0x10 ./example/src/webserver.o
 .bss.physts    0x000000001000017c        0x4 /home/rupinder/Documents/MCUXpresso_10.3.0_2200/workspace/lpc_board_nxp_lpcxpresso_1769/Debug/liblpc_board_nxp_lpcxpresso_1769.a(lpc_phy_smsc87x0.o)
 .bss.olddphysts
                0x0000000010000180        0x4 /home/rupinder/Documents/MCUXpresso_10.3.0_2200/workspace/lpc_board_nxp_lpcxpresso_1769/Debug/liblpc_board_nxp_lpcxpresso_1769.a(lpc_phy_smsc87x0.o)
 .bss.phyustate
                0x0000000010000184        0x4 /home/rupinder/Documents/MCUXpresso_10.3.0_2200/workspace/lpc_board_nxp_lpcxpresso_1769/Debug/liblpc_board_nxp_lpcxpresso_1769.a(lpc_phy_smsc87x0.o)
 .bss.pDelayMs  0x0000000010000188        0x4 /home/rupinder/Documents/MCUXpresso_10.3.0_2200/workspace/lpc_board_nxp_lpcxpresso_1769/Debug/liblpc_board_nxp_lpcxpresso_1769.a(lpc_phy_smsc87x0.o)
 .bss.sts.7315  0x000000001000018c        0x2 /home/rupinder/Documents/MCUXpresso_10.3.0_2200/workspace/lpc_board_nxp_lpcxpresso_1769/Debug/liblpc_board_nxp_lpcxpresso_1769.a(lpc_phy_smsc87x0.o)
 *fill*         0x000000001000018e        0x2 
 .bss.phyAddr   0x0000000010000190        0x4 /home/rupinder/Documents/MCUXpresso_10.3.0_2200/workspace/lpc_chip_175x_6x/Debug/liblpc_chip_175x_6x.a(enet_17xx_40xx.o)
 .bss.__end_of_heap
                0x0000000010000194        0x4 /usr/local/mcuxpressoide-10.3.0_2200/ide/plugins/com.nxp.mcuxpresso.tools.linux_10.3.0.201811011841/tools/bin/../lib/gcc/arm-none-eabi/7.3.1/../../../../arm-none-eabi/lib/thumb/v7-m/libcr_c.a(__init_alloc.o)
                0x0000000010000194                __end_of_heap
 .bss.__heaps   0x0000000010000198        0x4 /usr/local/mcuxpressoide-10.3.0_2200/ide/plugins/com.nxp.mcuxpresso.tools.linux_10.3.0.201811011841/tools/bin/../lib/gcc/arm-none-eabi/7.3.1/../../../../arm-none-eabi/lib/thumb/v7-m/libcr_c.a(__init_alloc.o)
                0x0000000010000198                __heaps
 .bss.errno     0x000000001000019c        0x4 /usr/local/mcuxpressoide-10.3.0_2200/ide/plugins/com.nxp.mcuxpresso.tools.linux_10.3.0.201811011841/tools/bin/../lib/gcc/arm-none-eabi/7.3.1/../../../../arm-none-eabi/lib/thumb/v7-m/libcr_c.a(errno.o)
                0x000000001000019c                errno
 .bss.__Ciob    0x00000000100001a0      0x1e0 /usr/local/mcuxpressoide-10.3.0_2200/ide/plugins/com.nxp.mcuxpresso.tools.linux_10.3.0.201811011841/tools/bin/../lib/gcc/arm-none-eabi/7.3.1/../../../../arm-none-eabi/lib/thumb/v7-m/libcr_nohost.a(__ciob.o)
                0x00000000100001a0                __Ciob
 *(COMMON)
 COMMON         0x0000000010000380       0x10 ./lwip/src/core/ipv4/ip.o
                0x0000000010000380                current_iphdr_src
                0x0000000010000384                current_netif
                0x0000000010000388                current_iphdr_dest
                0x000000001000038c                current_header
 COMMON         0x0000000010000390       0x34 ./lwip/src/core/dhcp.o
                0x0000000010000390                dhcp_rx_options_given
                0x000000001000039c                dhcp_rx_options_val
 COMMON         0x00000000100003c4        0x8 ./lwip/src/core/netif.o
                0x00000000100003c4                netif_list
                0x00000000100003c8                netif_default
 COMMON         0x00000000100003cc        0x1 ./lwip/src/core/pbuf.o
                0x00000000100003cc                pbuf_free_ooseq_pending
 *fill*         0x00000000100003cd        0x3 
 COMMON         0x00000000100003d0       0x1c ./lwip/src/core/tcp.o
                0x00000000100003d0                tcp_active_pcbs_changed
                0x00000000100003d4                tcp_active_pcbs
                0x00000000100003d8                tcp_ticks
                0x00000000100003dc                tcp_listen_pcbs
                0x00000000100003e0                tcp_tmp_pcb
                0x00000000100003e4                tcp_bound_pcbs
                0x00000000100003e8                tcp_tw_pcbs
 COMMON         0x00000000100003ec        0x4 ./lwip/src/core/tcp_in.o
                0x00000000100003ec                tcp_input_pcb
 COMMON         0x00000000100003f0        0x4 ./lwip/src/core/udp.o
                0x00000000100003f0                udp_pcbs
 *fill*         0x00000000100003f4        0x4 
 COMMON         0x00000000100003f8       0xa0 ./lwip/src/arch/lpc17xx_40xx_emac.o
                0x00000000100003f8                lpc_enetdata
 COMMON         0x0000000010000498        0x4 /home/rupinder/Documents/MCUXpresso_10.3.0_2200/workspace/lpc_chip_175x_6x/Debug/liblpc_chip_175x_6x.a(chip_17xx_40xx.o)
                0x0000000010000498                SystemCoreClock
                0x000000001000049c                . = ALIGN (0x4)
                0x000000001000049c                _ebss = .
                [!provide]                        PROVIDE (end = .)

.noinit_RAM2    0x000000002007c000        0x0
 *(.noinit.$RAM2*)
 *(.noinit.$RamAHB32*)
                0x000000002007c000                . = ALIGN (0x4)

.noinit         0x000000001000049c        0x0
                0x000000001000049c                _noinit = .
 *(.noinit*)
                0x000000001000049c                . = ALIGN (0x4)
                0x000000001000049c                _end_noinit = .
                0x000000001000049c                PROVIDE (_pvHeapStart = DEFINED (__user_heap_base)?__user_heap_base:.)
                0x0000000010008000                PROVIDE (_vStackTop = DEFINED (__user_stack_top)?__user_stack_top:(__top_RamLoc32 - 0x0))
                [!provide]                        PROVIDE (__valid_user_code_checksum = (0x0 - ((((((_vStackTop + (ResetISR + 0x1)) + (NMI_Handler + 0x1)) + (HardFault_Handler + 0x1)) + (DEFINED (MemManage_Handler)?MemManage_Handler:0x0 + 0x1)) + (DEFINED (BusFault_Handler)?BusFault_Handler:0x0 + 0x1)) + (DEFINED (UsageFault_Handler)?UsageFault_Handler:0x0 + 0x1))))
                0x0000000000000000                _image_start = LOADADDR (.text)
                0x00000000000102e4                _image_end = (LOADADDR (.data) + SIZEOF (.data))
                0x00000000000102e4                _image_size = (_image_end - _image_start)
OUTPUT(webserver.axf elf32-littlearm)

.debug_info     0x0000000000000000    0x1915c