Archive member included to satisfy reference by file (symbol)

/home/rupinder/Documents/MCUXpresso_10.3.0_2200/workspace/lpc_board_nxp_lpcxpresso_1769/Debug/liblpc_board_nxp_lpcxpresso_1769.a(board.o)
                              ./example/src/dac.o (Board_UARTGetChar)
/home/rupinder/Documents/MCUXpresso_10.3.0_2200/workspace/lpc_board_nxp_lpcxpresso_1769/Debug/liblpc_board_nxp_lpcxpresso_1769.a(board_sysinit.o)
                              ./example/src/sysinit.o (Board_SystemInit)
/home/rupinder/Documents/MCUXpresso_10.3.0_2200/workspace/lpc_chip_175x_6x/Debug/liblpc_chip_175x_6x.a(chip_17xx_40xx.o)
                              ./example/src/dac.o (SystemCoreClockUpdate)
/home/rupinder/Documents/MCUXpresso_10.3.0_2200/workspace/lpc_chip_175x_6x/Debug/liblpc_chip_175x_6x.a(clock_17xx_40xx.o)
                              /home/rupinder/Documents/MCUXpresso_10.3.0_2200/workspace/lpc_chip_175x_6x/Debug/liblpc_chip_175x_6x.a(chip_17xx_40xx.o) (Chip_Clock_EnablePLL)
/home/rupinder/Documents/MCUXpresso_10.3.0_2200/workspace/lpc_chip_175x_6x/Debug/liblpc_chip_175x_6x.a(dac_17xx_40xx.o)
                              ./example/src/dac.o (Chip_DAC_Init)
/home/rupinder/Documents/MCUXpresso_10.3.0_2200/workspace/lpc_chip_175x_6x/Debug/liblpc_chip_175x_6x.a(gpdma_17xx_40xx.o)
                              ./example/src/dac.o (Chip_GPDMA_Init)
/home/rupinder/Documents/MCUXpresso_10.3.0_2200/workspace/lpc_chip_175x_6x/Debug/liblpc_chip_175x_6x.a(i2s_17xx_40xx.o)
                              /home/rupinder/Documents/MCUXpresso_10.3.0_2200/workspace/lpc_board_nxp_lpcxpresso_1769/Debug/liblpc_board_nxp_lpcxpresso_1769.a(board.o) (Chip_I2S_Init)
/home/rupinder/Documents/MCUXpresso_10.3.0_2200/workspace/lpc_chip_175x_6x/Debug/liblpc_chip_175x_6x.a(iocon_17xx_40xx.o)
                              /home/rupinder/Documents/MCUXpresso_10.3.0_2200/workspace/lpc_board_nxp_lpcxpresso_1769/Debug/liblpc_board_nxp_lpcxpresso_1769.a(board.o) (Chip_IOCON_PinMux)
/home/rupinder/Documents/MCUXpresso_10.3.0_2200/workspace/lpc_chip_175x_6x/Debug/liblpc_chip_175x_6x.a(sysinit_17xx_40xx.o)
                              /home/rupinder/Documents/MCUXpresso_10.3.0_2200/workspace/lpc_board_nxp_lpcxpresso_1769/Debug/liblpc_board_nxp_lpcxpresso_1769.a(board_sysinit.o) (Chip_SetupXtalClocking)
/home/rupinder/Documents/MCUXpresso_10.3.0_2200/workspace/lpc_chip_175x_6x/Debug/liblpc_chip_175x_6x.a(uart_17xx_40xx.o)
                              /home/rupinder/Documents/MCUXpresso_10.3.0_2200/workspace/lpc_board_nxp_lpcxpresso_1769/Debug/liblpc_board_nxp_lpcxpresso_1769.a(board.o) (Chip_UART_Init)
/home/rupinder/Documents/MCUXpresso_10.3.0_2200/workspace/lpc_chip_175x_6x/Debug/liblpc_chip_175x_6x.a(ring_buffer.o)
                              /home/rupinder/Documents/MCUXpresso_10.3.0_2200/workspace/lpc_chip_175x_6x/Debug/liblpc_chip_175x_6x.a(uart_17xx_40xx.o) (RingBuffer_Insert)
/usr/local/mcuxpressoide-10.3.0_2200/ide/plugins/com.nxp.mcuxpresso.tools.linux_10.3.0.201811011841/tools/bin/../lib/gcc/arm-none-eabi/7.3.1/../../../../arm-none-eabi/lib/thumb/v7-m/libcr_nohost.a(_cr__main.o)
                              ./example/src/cr_startup_lpc175x_6x.o (__main)
/usr/local/mcuxpressoide-10.3.0_2200/ide/plugins/com.nxp.mcuxpresso.tools.linux_10.3.0.201811011841/tools/bin/../lib/gcc/arm-none-eabi/7.3.1/../../../../arm-none-eabi/lib/thumb/v7-m/libcr_c.a(memcpy.o)
                              /home/rupinder/Documents/MCUXpresso_10.3.0_2200/workspace/lpc_board_nxp_lpcxpresso_1769/Debug/liblpc_board_nxp_lpcxpresso_1769.a(board.o) (memcpy)
/usr/local/mcuxpressoide-10.3.0_2200/ide/plugins/com.nxp.mcuxpresso.tools.linux_10.3.0.201811011841/tools/bin/../lib/gcc/arm-none-eabi/7.3.1/../../../../arm-none-eabi/lib/thumb/v7-m/libcr_c.a(fpprintf.o)
                              ./example/src/dac.o (printf)
/usr/local/mcuxpressoide-10.3.0_2200/ide/plugins/com.nxp.mcuxpresso.tools.linux_10.3.0.201811011841/tools/bin/../lib/gcc/arm-none-eabi/7.3.1/../../../../arm-none-eabi/lib/thumb/v7-m/libcr_c.a(initio.o)
                              /usr/local/mcuxpressoide-10.3.0_2200/ide/plugins/com.nxp.mcuxpresso.tools.linux_10.3.0.201811011841/tools/bin/../lib/gcc/arm-none-eabi/7.3.1/../../../../arm-none-eabi/lib/thumb/v7-m/libcr_nohost.a(_cr__main.o) (_initio)
/usr/local/mcuxpressoide-10.3.0_2200/ide/plugins/com.nxp.mcuxpresso.tools.linux_10.3.0.201811011841/tools/bin/../lib/gcc/arm-none-eabi/7.3.1/../../../../arm-none-eabi/lib/thumb/v7-m/libcr_c.a(printf.o)
                              /usr/local/mcuxpressoide-10.3.0_2200/ide/plugins/com.nxp.mcuxpresso.tools.linux_10.3.0.201811011841/tools/bin/../lib/gcc/arm-none-eabi/7.3.1/../../../../arm-none-eabi/lib/thumb/v7-m/libcr_c.a(fpprintf.o) (__vfprintf)
/usr/local/mcuxpressoide-10.3.0_2200/ide/plugins/com.nxp.mcuxpresso.tools.linux_10.3.0.201811011841/tools/bin/../lib/gcc/arm-none-eabi/7.3.1/../../../../arm-none-eabi/lib/thumb/v7-m/libcr_c.a(setvbuf.o)
[...]
Memory Configuration

Name             Origin             Length             Attributes
MFlash512        0x0000000000000000 0x0000000000080000 xr
RamLoc32         0x0000000010000000 0x0000000000008000 xrw
RamAHB32         0x000000002007c000 0x0000000000008000 xrw
*default*        0x0000000000000000 0xffffffffffffffff

Linker script and memory map

LOAD ./example/src/cr_startup_lpc175x_6x.o
LOAD ./example/src/dac.o
LOAD ./example/src/sysinit.o
LOAD /home/rupinder/Documents/MCUXpresso_10.3.0_2200/workspace/lpc_board_nxp_lpcxpresso_1769/Debug/liblpc_board_nxp_lpcxpresso_1769.a
LOAD /home/rupinder/Documents/MCUXpresso_10.3.0_2200/workspace/lpc_chip_175x_6x/Debug/liblpc_chip_175x_6x.a
START GROUP
LOAD /usr/local/mcuxpressoide-10.3.0_2200/ide/plugins/com.nxp.mcuxpresso.tools.linux_10.3.0.201811011841/tools/bin/../lib/gcc/arm-none-eabi/7.3.1/../../../../arm-none-eabi/lib/thumb/v7-m/libcr_nohost.a
LOAD /usr/local/mcuxpressoide-10.3.0_2200/ide/plugins/com.nxp.mcuxpresso.tools.linux_10.3.0.201811011841/tools/bin/../lib/gcc/arm-none-eabi/7.3.1/../../../../arm-none-eabi/lib/thumb/v7-m/libcr_c.a
LOAD /usr/local/mcuxpressoide-10.3.0_2200/ide/plugins/com.nxp.mcuxpresso.tools.linux_10.3.0.201811011841/tools/bin/../lib/gcc/arm-none-eabi/7.3.1/thumb/v7-m/libcr_eabihelpers.a
END GROUP
                0x0000000000000000                __base_MFlash512 = 0x0
                0x0000000000000000                __base_Flash = 0x0
                0x0000000000080000                __top_MFlash512 = 0x80000
                0x0000000000080000                __top_Flash = 0x80000
                0x0000000010000000                __base_RamLoc32 = 0x10000000
                0x0000000010000000                __base_RAM = 0x10000000
                0x0000000010008000                __top_RamLoc32 = 0x10008000
                0x0000000010008000                __top_RAM = 0x10008000
                0x000000002007c000                __base_RamAHB32 = 0x2007c000
                0x000000002007c000                __base_RAM2 = 0x2007c000
                0x0000000020084000                __top_RamAHB32 = 0x20084000
                0x0000000020084000                __top_RAM2 = 0x20084000

.text           0x0000000000000000     0x3eac
 FILL mask 0xff
                0x0000000000000000                __vectors_start__ = ABSOLUTE (.)
 *(.isr_vector)
 .isr_vector    0x0000000000000000       0xcc ./example/src/cr_startup_lpc175x_6x.o
                0x0000000000000000                g_pfnVectors
                0x00000000000000cc                . = ALIGN (0x4)
                0x00000000000000cc                __section_table_start = .
                0x00000000000000cc                __data_section_table = .
                0x00000000000000cc        0x4 LONG 0x3eac LOADADDR (.data)
                0x00000000000000d0        0x4 LONG 0x10000000 ADDR (.data)
                0x00000000000000d4        0x4 LONG 0x60 SIZEOF (.data)
                0x00000000000000d8        0x4 LONG 0x3eac LOADADDR (.data_RAM2)
                0x00000000000000dc        0x4 LONG 0x2007c000 ADDR (.data_RAM2)
                0x00000000000000e0        0x4 LONG 0x0 SIZEOF (.data_RAM2)
                0x00000000000000e4                __data_section_table_end = .
                0x00000000000000e4                __bss_section_table = .
                0x00000000000000e4        0x4 LONG 0x10000060 ADDR (.bss)
                0x00000000000000e8        0x4 LONG 0x200 SIZEOF (.bss)
                0x00000000000000ec        0x4 LONG 0x2007c000 ADDR (.bss_RAM2)
                0x00000000000000f0        0x4 LONG 0x0 SIZEOF (.bss_RAM2)
                0x00000000000000f4                __bss_section_table_end = .
                0x00000000000000f4                __section_table_end = .
 *(.after_vectors*)
 .after_vectors
                0x00000000000000f4      0x12c ./example/src/cr_startup_lpc175x_6x.o
                0x00000000000000f4                data_init
                0x0000000000000136                bss_init
                0x000000000000016c                ResetISR
                0x00000000000001e4                NMI_Handler
                0x00000000000001ea                HardFault_Handler
                0x00000000000001f0                MemManage_Handler
                0x00000000000001f6                BusFault_Handler
                0x00000000000001fc                UsageFault_Handler
                0x0000000000000202                SVC_Handler
                0x0000000000000208                DebugMon_Handler
                0x000000000000020e                PendSV_Handler
                0x0000000000000214                SysTick_Handler
                0x000000000000021a                TIMER2_IRQHandler
                0x000000000000021a                RIT_IRQHandler
                0x000000000000021a                I2C0_IRQHandler
                0x000000000000021a                USBActivity_IRQHandler
                0x000000000000021a                PWM1_IRQHandler
                0x000000000000021a                I2C1_IRQHandler
                0x000000000000021a                EINT2_IRQHandler
                0x000000000000021a                UART1_IRQHandler
                0x000000000000021a                EINT3_IRQHandler
                0x000000000000021a                CANActivity_IRQHandler
                0x000000000000021a                TIMER3_IRQHandler
                0x000000000000021a                UART0_IRQHandler
                0x000000000000021a                IntDefaultHandler
                0x000000000000021a                PLL0_IRQHandler
                0x000000000000021a                CAN_IRQHandler
                0x000000000000021a                PLL1_IRQHandler
                0x000000000000021a                SSP0_IRQHandler
                0x000000000000021a                I2S_IRQHandler
                0x000000000000021a                I2C2_IRQHandler
                0x000000000000021a                RTC_IRQHandler
                0x000000000000021a                TIMER0_IRQHandler
                0x000000000000021a                SPI_IRQHandler
                0x000000000000021a                EINT1_IRQHandler
                0x000000000000021a                TIMER1_IRQHandler
                0x000000000000021a                UART2_IRQHandler
                0x000000000000021a                ADC_IRQHandler
                0x000000000000021a                SSP1_IRQHandler
                0x000000000000021a                USB_IRQHandler
                0x000000000000021a                BOD_IRQHandler
                0x000000000000021a                WDT_IRQHandler
                0x000000000000021a                QEI_IRQHandler
                0x000000000000021a                EINT0_IRQHandler
                0x000000000000021a                ETH_IRQHandler
                0x000000000000021a                UART3_IRQHandler
                0x000000000000021a                MCPWM_IRQHandler
 *(.text*)
 .text.NVIC_EnableIRQ
                0x0000000000000220       0x30 ./example/src/dac.o
 .text.NVIC_DisableIRQ
                0x0000000000000250       0x34 ./example/src/dac.o
 .text.NVIC_SetPriority
                0x0000000000000284       0x54 ./example/src/dac.o
 .text.Chip_DAC_ConfigDAConverterControl
                0x00000000000002d8       0x28 ./example/src/dac.o
 .text.Chip_DAC_SetDMATimeOut
                0x0000000000000300       0x1c ./example/src/dac.o
 .text.Chip_DAC_GetIntStatus
                0x000000000000031c       0x24 ./example/src/dac.o
 .text.App_DMA_Test
                0x0000000000000340       0xf4 ./example/src/dac.o
 .text.App_Polling_Test
                0x0000000000000434       0x88 ./example/src/dac.o
 .text.DMA_IRQHandler
                0x00000000000004bc       0x38 ./example/src/dac.o
                0x00000000000004bc                DMA_IRQHandler
 .text.main     0x00000000000004f4      0x104 ./example/src/dac.o
                0x00000000000004f4                main
 .text.SystemInit
                0x00000000000005f8       0x24 ./example/src/sysinit.o
                0x00000000000005f8                SystemInit
 .text.Chip_IOCON_Init
                0x000000000000061c       0x16 /home/rupinder/Documents/MCUXpresso_10.3.0_2200/workspace/lpc_board_nxp_lpcxpresso_1769/Debug/liblpc_board_nxp_lpcxpresso_1769.a(board.o)
 .text.Chip_GPIO_Init
                0x0000000000000632       0x16 /home/rupinder/Documents/MCUXpresso_10.3.0_2200/workspace/lpc_board_nxp_lpcxpresso_1769/Debug/liblpc_board_nxp_lpcxpresso_1769.a(board.o)
 .text.Chip_GPIO_SetPinDIROutput
                0x0000000000000648       0x36 /home/rupinder/Documents/MCUXpresso_10.3.0_2200/workspace/lpc_board_nxp_lpcxpresso_1769/Debug/liblpc_board_nxp_lpcxpresso_1769.a(board.o)
 .text.Chip_GPIO_SetPinDIRInput
                0x000000000000067e       0x3a /home/rupinder/Documents/MCUXpresso_10.3.0_2200/workspace/lpc_board_nxp_lpcxpresso_1769/Debug/liblpc_board_nxp_lpcxpresso_1769.a(board.o)
 .text.Chip_GPIO_SetPinDIR
                0x00000000000006b8       0x42 /home/rupinder/Documents/MCUXpresso_10.3.0_2200/workspace/lpc_board_nxp_lpcxpresso_1769/Debug/liblpc_board_nxp_lpcxpresso_1769.a(board.o)
 .text.Chip_GPIO_WriteDirBit
                0x00000000000006fa       0x2e /home/rupinder/Documents/MCUXpresso_10.3.0_2200/workspace/lpc_board_nxp_lpcxpresso_1769/Debug/liblpc_board_nxp_lpcxpresso_1769.a(board.o)
 .text.Chip_UART_ReadByte
                0x0000000000000728       0x18 /home/rupinder/Documents/MCUXpresso_10.3.0_2200/workspace/lpc_board_nxp_lpcxpresso_1769/Debug/liblpc_board_nxp_lpcxpresso_1769.a(board.o)
 .text.Chip_UART_ReadLineStatus
                0x0000000000000740       0x16 /home/rupinder/Documents/MCUXpresso_10.3.0_2200/workspace/lpc_board_nxp_lpcxpresso_1769/Debug/liblpc_board_nxp_lpcxpresso_1769.a(board.o)
 *fill*         0x0000000000000756        0x2 ff
 .text.Board_LED_Init
                0x0000000000000758       0x30 /home/rupinder/Documents/MCUXpresso_10.3.0_2200/workspace/lpc_board_nxp_lpcxpresso_1769/Debug/liblpc_board_nxp_lpcxpresso_1769.a(board.o)
 .text.Board_UARTGetChar
                0x0000000000000788       0x2c /home/rupinder/Documents/MCUXpresso_10.3.0_2200/workspace/lpc_board_nxp_lpcxpresso_1769/Debug/liblpc_board_nxp_lpcxpresso_1769.a(board.o)
                0x0000000000000788                Board_UARTGetChar
 .text.Board_Init
                0x00000000000007b4       0x20 /home/rupinder/Documents/MCUXpresso_10.3.0_2200/workspace/lpc_board_nxp_lpcxpresso_1769/Debug/liblpc_board_nxp_lpcxpresso_1769.a(board.o)
                0x00000000000007b4                Board_Init
 .text.Chip_SYSCTL_SetFLASHAccess
                0x00000000000007d4       0x30 /home/rupinder/Documents/MCUXpresso_10.3.0_2200/workspace/lpc_board_nxp_lpcxpresso_1769/Debug/liblpc_board_nxp_lpcxpresso_1769.a(board_sysinit.o)
 .text.Board_SetupMuxing
                0x0000000000000804       0x1c /home/rupinder/Documents/MCUXpresso_10.3.0_2200/workspace/lpc_board_nxp_lpcxpresso_1769/Debug/liblpc_board_nxp_lpcxpresso_1769.a(board_sysinit.o)
                0x0000000000000804                Board_SetupMuxing
 .text.Board_SetupClocking
                0x0000000000000820       0x12 /home/rupinder/Documents/MCUXpresso_10.3.0_2200/workspace/lpc_board_nxp_lpcxpresso_1769/Debug/liblpc_board_nxp_lpcxpresso_1769.a(board_sysinit.o)
                0x0000000000000820                Board_SetupClocking
 .text.Board_SystemInit
                0x0000000000000832       0x10 /home/rupinder/Documents/MCUXpresso_10.3.0_2200/workspace/lpc_board_nxp_lpcxpresso_1769/Debug/liblpc_board_nxp_lpcxpresso_1769.a(board_sysinit.o)
                0x0000000000000832                Board_SystemInit
 *fill*         0x0000000000000842        0x2 ff
 .text.SystemCoreClockUpdate
                0x0000000000000844       0x18 /home/rupinder/Documents/MCUXpresso_10.3.0_2200/workspace/lpc_chip_175x_6x/Debug/liblpc_chip_175x_6x.a(chip_17xx_40xx.o)
                0x0000000000000844                SystemCoreClockUpdate
 .text.Chip_Clock_IsMainPLLEnabled
                0x000000000000085c       0x24 /home/rupinder/Documents/MCUXpresso_10.3.0_2200/workspace/lpc_chip_175x_6x/Debug/liblpc_chip_175x_6x.a(clock_17xx_40xx.o)
 .text.Chip_Clock_IsMainPLLConnected
                0x0000000000000880       0x24 /home/rupinder/Documents/MCUXpresso_10.3.0_2200/workspace/lpc_chip_175x_6x/Debug/liblpc_chip_175x_6x.a(clock_17xx_40xx.o)
 .text.Chip_Clock_FeedPLL
                0x00000000000008a4       0x34 /home/rupinder/Documents/MCUXpresso_10.3.0_2200/workspace/lpc_chip_175x_6x/Debug/liblpc_chip_175x_6x.a(clock_17xx_40xx.o)
 .text.Chip_Clock_GetMainPLLSource
                0x00000000000008d8       0x20 /home/rupinder/Documents/MCUXpresso_10.3.0_2200/workspace/lpc_chip_175x_6x/Debug/liblpc_chip_175x_6x.a(clock_17xx_40xx.o)
 .text.Chip_Clock_GetMainOscRate
                0x00000000000008f8       0x14 /home/rupinder/Documents/MCUXpresso_10.3.0_2200/workspace/lpc_chip_175x_6x/Debug/liblpc_chip_175x_6x.a(clock_17xx_40xx.o)
 .text.Chip_Clock_GetIntOscRate
                0x000000000000090c       0x14 /home/rupinder/Documents/MCUXpresso_10.3.0_2200/workspace/lpc_chip_175x_6x/Debug/liblpc_chip_175x_6x.a(clock_17xx_40xx.o)
 .text.Chip_Clock_GetRTCOscRate
                0x0000000000000920       0x14 /home/rupinder/Documents/MCUXpresso_10.3.0_2200/workspace/lpc_chip_175x_6x/Debug/liblpc_chip_175x_6x.a(clock_17xx_40xx.o)
 .text.Chip_Clock_GetMainPLLInClockRate
                0x0000000000000934        0xe /home/rupinder/Documents/MCUXpresso_10.3.0_2200/workspace/lpc_chip_175x_6x/Debug/liblpc_chip_175x_6x.a(clock_17xx_40xx.o)
 *fill*         0x0000000000000942        0x2 ff
 .text.Chip_Clock_EnablePLL
                0x0000000000000944       0x44 /home/rupinder/Documents/MCUXpresso_10.3.0_2200/workspace/lpc_chip_175x_6x/Debug/liblpc_chip_175x_6x.a(clock_17xx_40xx.o)
                0x0000000000000944                Chip_Clock_EnablePLL
 .text.Chip_Clock_DisablePLL
                0x0000000000000988       0x48 /home/rupinder/Documents/MCUXpresso_10.3.0_2200/workspace/lpc_chip_175x_6x/Debug/liblpc_chip_175x_6x.a(clock_17xx_40xx.o)
                0x0000000000000988                Chip_Clock_DisablePLL
 .text.Chip_Clock_SetupPLL
                0x00000000000009d0       0x5c /home/rupinder/Documents/MCUXpresso_10.3.0_2200/workspace/lpc_chip_175x_6x/Debug/liblpc_chip_175x_6x.a(clock_17xx_40xx.o)
                0x00000000000009d0                Chip_Clock_SetupPLL
 .text.Chip_Clock_EnablePeriphClock
                0x0000000000000a2c       0x34 /home/rupinder/Documents/MCUXpresso_10.3.0_2200/workspace/lpc_chip_175x_6x/Debug/liblpc_chip_175x_6x.a(clock_17xx_40xx.o)
                0x0000000000000a2c                Chip_Clock_EnablePeriphClock
 .text.Chip_Clock_GetCPUClockSource
                0x0000000000000a60       0x24 /home/rupinder/Documents/MCUXpresso_10.3.0_2200/workspace/lpc_chip_175x_6x/Debug/liblpc_chip_175x_6x.a(clock_17xx_40xx.o)
                0x0000000000000a60                Chip_Clock_GetCPUClockSource
 .text.Chip_Clock_SetCPUClockDiv
                0x0000000000000a84       0x20 /home/rupinder/Documents/MCUXpresso_10.3.0_2200/workspace/lpc_chip_175x_6x/Debug/liblpc_chip_175x_6x.a(clock_17xx_40xx.o)
                0x0000000000000a84                Chip_Clock_SetCPUClockDiv
 .text.Chip_Clock_GetCPUClockDiv
                0x0000000000000aa4       0x1c /home/rupinder/Documents/MCUXpresso_10.3.0_2200/workspace/lpc_chip_175x_6x/Debug/liblpc_chip_175x_6x.a(clock_17xx_40xx.o)
                0x0000000000000aa4                Chip_Clock_GetCPUClockDiv
 .text.Chip_Clock_SetPCLKDiv
                0x0000000000000ac0       0x64 /home/rupinder/Documents/MCUXpresso_10.3.0_2200/workspace/lpc_chip_175x_6x/Debug/liblpc_chip_175x_6x.a(clock_17xx_40xx.o)
                0x0000000000000ac0                Chip_Clock_SetPCLKDiv
 .text.Chip_Clock_GetPCLKDiv
                0x0000000000000b24       0x8c /home/rupinder/Documents/MCUXpresso_10.3.0_2200/workspace/lpc_chip_175x_6x/Debug/liblpc_chip_175x_6x.a(clock_17xx_40xx.o)
                0x0000000000000b24                Chip_Clock_GetPCLKDiv
 .text.Chip_Clock_GetSYSCLKRate
                0x0000000000000bb0       0x34 /home/rupinder/Documents/MCUXpresso_10.3.0_2200/workspace/lpc_chip_175x_6x/Debug/liblpc_chip_175x_6x.a(clock_17xx_40xx.o)
                0x0000000000000bb0                Chip_Clock_GetSYSCLKRate
 .text.Chip_Clock_GetMainPLLOutClockRate
                0x0000000000000be4       0x54 /home/rupinder/Documents/MCUXpresso_10.3.0_2200/workspace/lpc_chip_175x_6x/Debug/liblpc_chip_175x_6x.a(clock_17xx_40xx.o)
                0x0000000000000be4                Chip_Clock_GetMainPLLOutClockRate
 .text.Chip_Clock_GetMainClockRate
                0x0000000000000c38       0x28 /home/rupinder/Documents/MCUXpresso_10.3.0_2200/workspace/lpc_chip_175x_6x/Debug/liblpc_chip_175x_6x.a(clock_17xx_40xx.o)
                0x0000000000000c38                Chip_Clock_GetMainClockRate
 .text.Chip_Clock_GetSystemClockRate
                0x0000000000000c60       0x18 /home/rupinder/Documents/MCUXpresso_10.3.0_2200/workspace/lpc_chip_175x_6x/Debug/liblpc_chip_175x_6x.a(clock_17xx_40xx.o)
                0x0000000000000c60                Chip_Clock_GetSystemClockRate
 .text.Chip_Clock_GetPeripheralClockRate
                0x0000000000000c78       0x26 /home/rupinder/Documents/MCUXpresso_10.3.0_2200/workspace/lpc_chip_175x_6x/Debug/liblpc_chip_175x_6x.a(clock_17xx_40xx.o)
                0x0000000000000c78                Chip_Clock_GetPeripheralClockRate
 .text.Chip_DAC_Init
                0x0000000000000c9e       0x18 /home/rupinder/Documents/MCUXpresso_10.3.0_2200/workspace/lpc_chip_175x_6x/Debug/liblpc_chip_175x_6x.a(dac_17xx_40xx.o)
                0x0000000000000c9e                Chip_DAC_Init
 .text.Chip_DAC_UpdateValue
                0x0000000000000cb6       0x30 /home/rupinder/Documents/MCUXpresso_10.3.0_2200/workspace/lpc_chip_175x_6x/Debug/liblpc_chip_175x_6x.a(dac_17xx_40xx.o)
                0x0000000000000cb6                Chip_DAC_UpdateValue
 .text.Chip_DAC_SetBias
                0x0000000000000ce6       0x32 /home/rupinder/Documents/MCUXpresso_10.3.0_2200/workspace/lpc_chip_175x_6x/Debug/liblpc_chip_175x_6x.a(dac_17xx_40xx.o)
                0x0000000000000ce6                Chip_DAC_SetBias
 .text.configDMAMux
                0x0000000000000d18       0x68 /home/rupinder/Documents/MCUXpresso_10.3.0_2200/workspace/lpc_chip_175x_6x/Debug/liblpc_chip_175x_6x.a(gpdma_17xx_40xx.o)
 .text.makeCtrlWord
                0x0000000000000d80      0x124 /home/rupinder/Documents/MCUXpresso_10.3.0_2200/workspace/lpc_chip_175x_6x/Debug/liblpc_chip_175x_6x.a(gpdma_17xx_40xx.o)
                0x0000000000000d80                makeCtrlWord
 .text.setupChannel
                0x0000000000000ea4       0xbc /home/rupinder/Documents/MCUXpresso_10.3.0_2200/workspace/lpc_chip_175x_6x/Debug/liblpc_chip_175x_6x.a(gpdma_17xx_40xx.o)
                0x0000000000000ea4                setupChannel
 .text.Chip_GPDMA_Init
                0x0000000000000f60       0x64 /home/rupinder/Documents/MCUXpresso_10.3.0_2200/workspace/lpc_chip_175x_6x/Debug/liblpc_chip_175x_6x.a(gpdma_17xx_40xx.o)
                0x0000000000000f60                Chip_GPDMA_Init
 .text.Chip_GPDMA_Stop
                0x0000000000000fc4       0x68 /home/rupinder/Documents/MCUXpresso_10.3.0_2200/workspace/lpc_chip_175x_6x/Debug/liblpc_chip_175x_6x.a(gpdma_17xx_40xx.o)
                0x0000000000000fc4                Chip_GPDMA_Stop
 .text.Chip_GPDMA_Interrupt
                0x000000000000102c       0x6c /home/rupinder/Documents/MCUXpresso_10.3.0_2200/workspace/lpc_chip_175x_6x/Debug/liblpc_chip_175x_6x.a(gpdma_17xx_40xx.o)
                0x000000000000102c                Chip_GPDMA_Interrupt
 .text.Chip_GPDMA_InitChannelCfg
                0x0000000000001098       0xe0 /home/rupinder/Documents/MCUXpresso_10.3.0_2200/workspace/lpc_chip_175x_6x/Debug/liblpc_chip_175x_6x.a(gpdma_17xx_40xx.o)
                0x0000000000001098                Chip_GPDMA_InitChannelCfg
 .text.Chip_GPDMA_IntGetStatus
                0x0000000000001178       0xbc /home/rupinder/Documents/MCUXpresso_10.3.0_2200/workspace/lpc_chip_175x_6x/Debug/liblpc_chip_175x_6x.a(gpdma_17xx_40xx.o)
                0x0000000000001178                Chip_GPDMA_IntGetStatus
 .text.Chip_GPDMA_ClearIntPending
                0x0000000000001234       0x3e /home/rupinder/Documents/MCUXpresso_10.3.0_2200/workspace/lpc_chip_175x_6x/Debug/liblpc_chip_175x_6x.a(gpdma_17xx_40xx.o)
                0x0000000000001234                Chip_GPDMA_ClearIntPending
 .text.Chip_GPDMA_ChannelCmd
                0x0000000000001272       0x46 /home/rupinder/Documents/MCUXpresso_10.3.0_2200/workspace/lpc_chip_175x_6x/Debug/liblpc_chip_175x_6x.a(gpdma_17xx_40xx.o)
                0x0000000000001272                Chip_GPDMA_ChannelCmd
 .text.Chip_GPDMA_Transfer
                0x00000000000012b8       0xf4 /home/rupinder/Documents/MCUXpresso_10.3.0_2200/workspace/lpc_chip_175x_6x/Debug/liblpc_chip_175x_6x.a(gpdma_17xx_40xx.o)
                0x00000000000012b8                Chip_GPDMA_Transfer
 .text.Chip_GPDMA_GetFreeChannel
                0x00000000000013ac       0x58 /home/rupinder/Documents/MCUXpresso_10.3.0_2200/workspace/lpc_chip_175x_6x/Debug/liblpc_chip_175x_6x.a(gpdma_17xx_40xx.o)
                0x00000000000013ac                Chip_GPDMA_GetFreeChannel
 .text.Chip_IOCON_PinMuxSet
                0x0000000000001404       0x36 /home/rupinder/Documents/MCUXpresso_10.3.0_2200/workspace/lpc_chip_175x_6x/Debug/liblpc_chip_175x_6x.a(iocon_17xx_40xx.o)
                0x0000000000001404                Chip_IOCON_PinMuxSet
 .text.Chip_IOCON_PinMux
                0x000000000000143a       0x94 /home/rupinder/Documents/MCUXpresso_10.3.0_2200/workspace/lpc_chip_175x_6x/Debug/liblpc_chip_175x_6x.a(iocon_17xx_40xx.o)
                0x000000000000143a                Chip_IOCON_PinMux
 .text.Chip_IOCON_SetPinMuxing
                0x00000000000014ce       0x62 /home/rupinder/Documents/MCUXpresso_10.3.0_2200/workspace/lpc_chip_175x_6x/Debug/liblpc_chip_175x_6x.a(iocon_17xx_40xx.o)
                0x00000000000014ce                Chip_IOCON_SetPinMuxing
 .text.Chip_Clock_IsMainPLLEnabled
                0x0000000000001530       0x24 /home/rupinder/Documents/MCUXpresso_10.3.0_2200/workspace/lpc_chip_175x_6x/Debug/liblpc_chip_175x_6x.a(sysinit_17xx_40xx.o)
 .text.Chip_Clock_IsMainPLLLocked
                0x0000000000001554       0x24 /home/rupinder/Documents/MCUXpresso_10.3.0_2200/workspace/lpc_chip_175x_6x/Debug/liblpc_chip_175x_6x.a(sysinit_17xx_40xx.o)
 .text.Chip_Clock_IsMainPLLConnected
                0x0000000000001578       0x24 /home/rupinder/Documents/MCUXpresso_10.3.0_2200/workspace/lpc_chip_175x_6x/Debug/liblpc_chip_175x_6x.a(sysinit_17xx_40xx.o)
 .text.Chip_Clock_EnableCrystal
                0x000000000000159c       0x20 /home/rupinder/Documents/MCUXpresso_10.3.0_2200/workspace/lpc_chip_175x_6x/Debug/liblpc_chip_175x_6x.a(sysinit_17xx_40xx.o)
 .text.Chip_Clock_IsCrystalEnabled
                0x00000000000015bc       0x24 /home/rupinder/Documents/MCUXpresso_10.3.0_2200/workspace/lpc_chip_175x_6x/Debug/liblpc_chip_175x_6x.a(sysinit_17xx_40xx.o)
 .text.Chip_Clock_SetMainPLLSource
                0x00000000000015e0       0x20 /home/rupinder/Documents/MCUXpresso_10.3.0_2200/workspace/lpc_chip_175x_6x/Debug/liblpc_chip_175x_6x.a(sysinit_17xx_40xx.o)
 .text.Chip_SetupXtalClocking
                0x0000000000001600       0x90 /home/rupinder/Documents/MCUXpresso_10.3.0_2200/workspace/lpc_chip_175x_6x/Debug/liblpc_chip_175x_6x.a(sysinit_17xx_40xx.o)
                0x0000000000001600                Chip_SetupXtalClocking
 .text.__main   0x0000000000001690        0xe /usr/local/mcuxpressoide-10.3.0_2200/ide/plugins/com.nxp.mcuxpresso.tools.linux_10.3.0.201811011841/tools/bin/../lib/gcc/arm-none-eabi/7.3.1/../../../../arm-none-eabi/lib/thumb/v7-m/libcr_nohost.a(_cr__main.o)
                0x0000000000001690                __main
 .text.fp_round
                0x000000000000169e       0x4c /usr/local/mcuxpressoide-10.3.0_2200/ide/plugins/com.nxp.mcuxpresso.tools.linux_10.3.0.201811011841/tools/bin/../lib/gcc/arm-none-eabi/7.3.1/../../../../arm-none-eabi/lib/thumb/v7-m/libcr_c.a(fpprintf.o)
 .text.pr_dec.constprop.1
                0x00000000000016ea       0x26 /usr/local/mcuxpressoide-10.3.0_2200/ide/plugins/com.nxp.mcuxpresso.tools.linux_10.3.0.201811011841/tools/bin/../lib/gcc/arm-none-eabi/7.3.1/../../../../arm-none-eabi/lib/thumb/v7-m/libcr_c.a(fpprintf.o)
 .text.sprintf  0x0000000000001710       0x6c /usr/local/mcuxpressoide-10.3.0_2200/ide/plugins/com.nxp.mcuxpresso.tools.linux_10.3.0.201811011841/tools/bin/../lib/gcc/arm-none-eabi/7.3.1/../../../../arm-none-eabi/lib/thumb/v7-m/libcr_c.a(fpprintf.o)
                0x0000000000001710                sprintf
 *fill*         0x000000000000177c        0x4 ff
 .text.fp_display
                0x0000000000001780      0x96c /usr/local/mcuxpressoide-10.3.0_2200/ide/plugins/com.nxp.mcuxpresso.tools.linux_10.3.0.201811011841/tools/bin/../lib/gcc/arm-none-eabi/7.3.1/../../../../arm-none-eabi/lib/thumb/v7-m/libcr_c.a(fpprintf.o)
 .text.vsnprintf
                0x00000000000020ec       0x68 /usr/local/mcuxpressoide-10.3.0_2200/ide/plugins/com.nxp.mcuxpresso.tools.linux_10.3.0.201811011841/tools/bin/../lib/gcc/arm-none-eabi/7.3.1/../../../../arm-none-eabi/lib/thumb/v7-m/libcr_c.a(fpprintf.o)
                0x00000000000020ec                vsnprintf
 .text.printf   0x0000000000002154       0x54 /usr/local/mcuxpressoide-10.3.0_2200/ide/plugins/com.nxp.mcuxpresso.tools.linux_10.3.0.201811011841/tools/bin/../lib/gcc/arm-none-eabi/7.3.1/../../../../arm-none-eabi/lib/thumb/v7-m/libcr_c.a(fpprintf.o)
                0x0000000000002154                printf
 .text._initio  0x00000000000021a8       0x78 /usr/local/mcuxpressoide-10.3.0_2200/ide/plugins/com.nxp.mcuxpresso.tools.linux_10.3.0.201811011841/tools/bin/../lib/gcc/arm-none-eabi/7.3.1/../../../../arm-none-eabi/lib/thumb/v7-m/libcr_c.a(initio.o)
                0x00000000000021a8                _initio
 .text.__vfprintf
                0x0000000000002220      0xb8c /usr/local/mcuxpressoide-10.3.0_2200/ide/plugins/com.nxp.mcuxpresso.tools.linux_10.3.0.201811011841/tools/bin/../lib/gcc/arm-none-eabi/7.3.1/../../../../arm-none-eabi/lib/thumb/v7-m/libcr_c.a(printf.o)
                0x0000000000002220                __vfprintf
 .text.setvbuf  0x0000000000002dac       0x40 /usr/local/mcuxpressoide-10.3.0_2200/ide/plugins/com.nxp.mcuxpresso.tools.linux_10.3.0.201811011841/tools/bin/../lib/gcc/arm-none-eabi/7.3.1/../../../../arm-none-eabi/lib/thumb/v7-m/libcr_c.a(setvbuf.o)
                0x0000000000002dac                setvbuf
 .text.strlen   0x0000000000002dec       0x4a /usr/local/mcuxpressoide-10.3.0_2200/ide/plugins/com.nxp.mcuxpresso.tools.linux_10.3.0.201811011841/tools/bin/../lib/gcc/arm-none-eabi/7.3.1/../../../../arm-none-eabi/lib/thumb/v7-m/libcr_c.a(strlen.o)
                0x0000000000002dec                strlen
 .text.memset   0x0000000000002e36        0x4 /usr/local/mcuxpressoide-10.3.0_2200/ide/plugins/com.nxp.mcuxpresso.tools.linux_10.3.0.201811011841/tools/bin/../lib/gcc/arm-none-eabi/7.3.1/../../../../arm-none-eabi/lib/thumb/v7-m/libcr_c.a(memset.o)
                0x0000000000002e36                memset
 .text._deferredlazyseek
                0x0000000000002e3a       0x40 /usr/local/mcuxpressoide-10.3.0_2200/ide/plugins/com.nxp.mcuxpresso.tools.linux_10.3.0.201811011841/tools/bin/../lib/gcc/arm-none-eabi/7.3.1/../../../../arm-none-eabi/lib/thumb/v7-m/libcr_c.a(_deferredlazyseek.o)
                0x0000000000002e3a                _deferredlazyseek
 .text.__flsbuf
                0x0000000000002e7a      0x140 /usr/local/mcuxpressoide-10.3.0_2200/ide/plugins/com.nxp.mcuxpresso.tools.linux_10.3.0.201811011841/tools/bin/../lib/gcc/arm-none-eabi/7.3.1/../../../../arm-none-eabi/lib/thumb/v7-m/libcr_c.a(_deferredlazyseek.o)
                0x0000000000002e7a                __flsbuf
 .text._fdopen  0x0000000000002fba       0x68 /usr/local/mcuxpressoide-10.3.0_2200/ide/plugins/com.nxp.mcuxpresso.tools.linux_10.3.0.201811011841/tools/bin/../lib/gcc/arm-none-eabi/7.3.1/../../../../arm-none-eabi/lib/thumb/v7-m/libcr_c.a(_fdopen.o)
                0x0000000000002fba                _fdopen
 .text._fflush  0x0000000000003022       0x52 /usr/local/mcuxpressoide-10.3.0_2200/ide/plugins/com.nxp.mcuxpresso.tools.linux_10.3.0.201811011841/tools/bin/../lib/gcc/arm-none-eabi/7.3.1/../../../../arm-none-eabi/lib/thumb/v7-m/libcr_c.a(_fflush.o)
                0x0000000000003022                _fflush
 .text._frexpl  0x0000000000003074       0x56 /usr/local/mcuxpressoide-10.3.0_2200/ide/plugins/com.nxp.mcuxpresso.tools.linux_10.3.0.201811011841/tools/bin/../lib/gcc/arm-none-eabi/7.3.1/../../../../arm-none-eabi/lib/thumb/v7-m/libcr_c.a(_frexpl.o)
                0x0000000000003074                _frexpl
 *fill*         0x00000000000030ca        0x2 ff
 .text._ldexpl  0x00000000000030cc       0x4c /usr/local/mcuxpressoide-10.3.0_2200/ide/plugins/com.nxp.mcuxpresso.tools.linux_10.3.0.201811011841/tools/bin/../lib/gcc/arm-none-eabi/7.3.1/../../../../arm-none-eabi/lib/thumb/v7-m/libcr_c.a(_ldexpl.o)
                0x00000000000030cc                _ldexpl
 .text._Cwritebuf
                0x0000000000003118       0x6c /usr/local/mcuxpressoide-10.3.0_2200/ide/plugins/com.nxp.mcuxpresso.tools.linux_10.3.0.201811011841/tools/bin/../lib/gcc/arm-none-eabi/7.3.1/../../../../arm-none-eabi/lib/thumb/v7-m/libcr_c.a(_writebuf.o)
                0x0000000000003118                _Cwritebuf
 .text.malloc   0x0000000000003184       0xc8 /usr/local/mcuxpressoide-10.3.0_2200/ide/plugins/com.nxp.mcuxpresso.tools.linux_10.3.0.201811011841/tools/bin/../lib/gcc/arm-none-eabi/7.3.1/../../../../arm-none-eabi/lib/thumb/v7-m/libcr_c.a(alloc.o)
                0x0000000000003184                malloc
 .text.free     0x000000000000324c       0x30 /usr/local/mcuxpressoide-10.3.0_2200/ide/plugins/com.nxp.mcuxpresso.tools.linux_10.3.0.201811011841/tools/bin/../lib/gcc/arm-none-eabi/7.3.1/../../../../arm-none-eabi/lib/thumb/v7-m/libcr_c.a(alloc.o)
                0x000000000000324c                free
 .text._Csys_alloc
                0x000000000000327c       0x20 /usr/local/mcuxpressoide-10.3.0_2200/ide/plugins/com.nxp.mcuxpresso.tools.linux_10.3.0.201811011841/tools/bin/../lib/gcc/arm-none-eabi/7.3.1/../../../../arm-none-eabi/lib/thumb/v7-m/libcr_c.a(alloc.o)
                0x000000000000327c                _Csys_alloc
 .text.fclose   0x000000000000329c       0x58 /usr/local/mcuxpressoide-10.3.0_2200/ide/plugins/com.nxp.mcuxpresso.tools.linux_10.3.0.201811011841/tools/bin/../lib/gcc/arm-none-eabi/7.3.1/../../../../arm-none-eabi/lib/thumb/v7-m/libcr_c.a(fclose.o)
                0x000000000000329c                fclose
 .text.fflush   0x00000000000032f4       0x44 /usr/local/mcuxpressoide-10.3.0_2200/ide/plugins/com.nxp.mcuxpresso.tools.linux_10.3.0.201811011841/tools/bin/../lib/gcc/arm-none-eabi/7.3.1/../../../../arm-none-eabi/lib/thumb/v7-m/libcr_c.a(fflush.o)
                0x00000000000032f4                fflush
 .text.fseek    0x0000000000003338      0x100 /usr/local/mcuxpressoide-10.3.0_2200/ide/plugins/com.nxp.mcuxpresso.tools.linux_10.3.0.201811011841/tools/bin/../lib/gcc/arm-none-eabi/7.3.1/../../../../arm-none-eabi/lib/thumb/v7-m/libcr_c.a(fseek.o)
                0x0000000000003338                fseek
 .text.ftell    0x0000000000003438       0x44 /usr/local/mcuxpressoide-10.3.0_2200/ide/plugins/com.nxp.mcuxpresso.tools.linux_10.3.0.201811011841/tools/bin/../lib/gcc/arm-none-eabi/7.3.1/../../../../arm-none-eabi/lib/thumb/v7-m/libcr_c.a(ftell.o)
                0x0000000000003438                ftell
 .text.remove   0x000000000000347c       0x14 /usr/local/mcuxpressoide-10.3.0_2200/ide/plugins/com.nxp.mcuxpresso.tools.linux_10.3.0.201811011841/tools/bin/../lib/gcc/arm-none-eabi/7.3.1/../../../../arm-none-eabi/lib/thumb/v7-m/libcr_c.a(remove.o)
                0x000000000000347c                remove
 .text._sbrk    0x0000000000003490       0x3c /usr/local/mcuxpressoide-10.3.0_2200/ide/plugins/com.nxp.mcuxpresso.tools.linux_10.3.0.201811011841/tools/bin/../lib/gcc/arm-none-eabi/7.3.1/../../../../arm-none-eabi/lib/thumb/v7-m/libcr_c.a(_cr_sbrk.o)
                0x0000000000003490                _sbrk
 .text._do_fflush
                0x00000000000034cc       0x40 /usr/local/mcuxpressoide-10.3.0_2200/ide/plugins/com.nxp.mcuxpresso.tools.linux_10.3.0.201811011841/tools/bin/../lib/gcc/arm-none-eabi/7.3.1/../../../../arm-none-eabi/lib/thumb/v7-m/libcr_c.a(_do_fflush.o)
                0x00000000000034cc                _do_fflush
 .text.__check_heap_overflow
                0x000000000000350c       0x18 /usr/local/mcuxpressoide-10.3.0_2200/ide/plugins/com.nxp.mcuxpresso.tools.linux_10.3.0.201811011841/tools/bin/../lib/gcc/arm-none-eabi/7.3.1/../../../../arm-none-eabi/lib/thumb/v7-m/libcr_c.a(_cr_check_heap.o)
                0x000000000000350c                __check_heap_overflow
 .text.__aeabi_dmul
                0x0000000000003524      0x10c /usr/local/mcuxpressoide-10.3.0_2200/ide/plugins/com.nxp.mcuxpresso.tools.linux_10.3.0.201811011841/tools/bin/../lib/gcc/arm-none-eabi/7.3.1/thumb/v7-m/libcr_eabihelpers.a(double.o)
                0x0000000000003524                __aeabi_dmul
 .text.__aeabi_ddiv
                0x0000000000003630      0x130 /usr/local/mcuxpressoide-10.3.0_2200/ide/plugins/com.nxp.mcuxpresso.tools.linux_10.3.0.201811011841/tools/bin/../lib/gcc/arm-none-eabi/7.3.1/thumb/v7-m/libcr_eabihelpers.a(double.o)
                0x0000000000003630                __aeabi_ddiv
 .text.__aeabi_dsub
                0x0000000000003760      0x1b0 /usr/local/mcuxpressoide-10.3.0_2200/ide/plugins/com.nxp.mcuxpresso.tools.linux_10.3.0.201811011841/tools/bin/../lib/gcc/arm-none-eabi/7.3.1/thumb/v7-m/libcr_eabihelpers.a(double.o)
                0x0000000000003760                __aeabi_dsub
 .text.__aeabi_dadd
                0x0000000000003910      0x10c /usr/local/mcuxpressoide-10.3.0_2200/ide/plugins/com.nxp.mcuxpresso.tools.linux_10.3.0.201811011841/tools/bin/../lib/gcc/arm-none-eabi/7.3.1/thumb/v7-m/libcr_eabihelpers.a(double.o)
                0x0000000000003910                __aeabi_dadd
 .text.__aeabi_d2iz
                0x0000000000003a1c       0x40 /usr/local/mcuxpressoide-10.3.0_2200/ide/plugins/com.nxp.mcuxpresso.tools.linux_10.3.0.201811011841/tools/bin/../lib/gcc/arm-none-eabi/7.3.1/thumb/v7-m/libcr_eabihelpers.a(double.o)
                0x0000000000003a1c                __aeabi_d2iz
 .text.__bhs_ui2d
                0x0000000000003a5c       0x46 /usr/local/mcuxpressoide-10.3.0_2200/ide/plugins/com.nxp.mcuxpresso.tools.linux_10.3.0.201811011841/tools/bin/../lib/gcc/arm-none-eabi/7.3.1/thumb/v7-m/libcr_eabihelpers.a(double.o)
                0x0000000000003a5c                __bhs_ui2d
 .text.__aeabi_i2d
                0x0000000000003aa2       0x12 /usr/local/mcuxpressoide-10.3.0_2200/ide/plugins/com.nxp.mcuxpresso.tools.linux_10.3.0.201811011841/tools/bin/../lib/gcc/arm-none-eabi/7.3.1/thumb/v7-m/libcr_eabihelpers.a(double.o)
                0x0000000000003aa2                __aeabi_i2d
 .text.__aeabi_dcmpeq
                0x0000000000003ab4       0x2c /usr/local/mcuxpressoide-10.3.0_2200/ide/plugins/com.nxp.mcuxpresso.tools.linux_10.3.0.201811011841/tools/bin/../lib/gcc/arm-none-eabi/7.3.1/thumb/v7-m/libcr_eabihelpers.a(double.o)
                0x0000000000003ab4                __aeabi_dcmpeq
 .text.__aeabi_dcmplt
                0x0000000000003ae0       0x54 /usr/local/mcuxpressoide-10.3.0_2200/ide/plugins/com.nxp.mcuxpresso.tools.linux_10.3.0.201811011841/tools/bin/../lib/gcc/arm-none-eabi/7.3.1/thumb/v7-m/libcr_eabihelpers.a(double.o)
                0x0000000000003ae0                __aeabi_dcmplt
 .text.__aeabi_dcmple
                0x0000000000003b34       0x54 /usr/local/mcuxpressoide-10.3.0_2200/ide/plugins/com.nxp.mcuxpresso.tools.linux_10.3.0.201811011841/tools/bin/../lib/gcc/arm-none-eabi/7.3.1/thumb/v7-m/libcr_eabihelpers.a(double.o)
                0x0000000000003b34                __aeabi_dcmple
 .text.__aeabi_dcmpge
                0x0000000000003b88       0x54 /usr/local/mcuxpressoide-10.3.0_2200/ide/plugins/com.nxp.mcuxpresso.tools.linux_10.3.0.201811011841/tools/bin/../lib/gcc/arm-none-eabi/7.3.1/thumb/v7-m/libcr_eabihelpers.a(double.o)
                0x0000000000003b88                __aeabi_dcmpge
 .text.__aeabi_memset_lowlevel
                0x0000000000003bdc       0x32 /usr/local/mcuxpressoide-10.3.0_2200/ide/plugins/com.nxp.mcuxpresso.tools.linux_10.3.0.201811011841/tools/bin/../lib/gcc/arm-none-eabi/7.3.1/thumb/v7-m/libcr_eabihelpers.a(memcpy.o)
                0x0000000000003bdc                __aeabi_lowlevel_memset
 .text.__sys_appexit
                0x0000000000003c0e        0x2 /usr/local/mcuxpressoide-10.3.0_2200/ide/plugins/com.nxp.mcuxpresso.tools.linux_10.3.0.201811011841/tools/bin/../lib/gcc/arm-none-eabi/7.3.1/../../../../arm-none-eabi/lib/thumb/v7-m/libcr_nohost.a(__sys_appexit.o)
                0x0000000000003c0e                __exit
                0x0000000000003c0e                __sys_appexit
 .text.__sys_close
                0x0000000000003c10        0x6 /usr/local/mcuxpressoide-10.3.0_2200/ide/plugins/com.nxp.mcuxpresso.tools.linux_10.3.0.201811011841/tools/bin/../lib/gcc/arm-none-eabi/7.3.1/../../../../arm-none-eabi/lib/thumb/v7-m/libcr_nohost.a(__sys_close.o)
                0x0000000000003c10                __sys_close
 .text.__sys_flen
                0x0000000000003c16        0x6 /usr/local/mcuxpressoide-10.3.0_2200/ide/plugins/com.nxp.mcuxpresso.tools.linux_10.3.0.201811011841/tools/bin/../lib/gcc/arm-none-eabi/7.3.1/../../../../arm-none-eabi/lib/thumb/v7-m/libcr_nohost.a(__sys_flen.o)
                0x0000000000003c16                __sys_flen
 .text.__sys_istty
                0x0000000000003c1c        0x6 /usr/local/mcuxpressoide-10.3.0_2200/ide/plugins/com.nxp.mcuxpresso.tools.linux_10.3.0.201811011841/tools/bin/../lib/gcc/arm-none-eabi/7.3.1/../../../../arm-none-eabi/lib/thumb/v7-m/libcr_nohost.a(__sys_istty.o)
                0x0000000000003c1c                __sys_istty
 .text.__sys_remove
                0x0000000000003c22        0x6 /usr/local/mcuxpressoide-10.3.0_2200/ide/plugins/com.nxp.mcuxpresso.tools.linux_10.3.0.201811011841/tools/bin/../lib/gcc/arm-none-eabi/7.3.1/../../../../arm-none-eabi/lib/thumb/v7-m/libcr_nohost.a(__sys_remove.o)
                0x0000000000003c22                __sys_remove
 .text.__sys_seek
                0x0000000000003c28        0x6 /usr/local/mcuxpressoide-10.3.0_2200/ide/plugins/com.nxp.mcuxpresso.tools.linux_10.3.0.201811011841/tools/bin/../lib/gcc/arm-none-eabi/7.3.1/../../../../arm-none-eabi/lib/thumb/v7-m/libcr_nohost.a(__sys_seek.o)
                0x0000000000003c28                __sys_seek
 .text.__sys_tmpnam
                0x0000000000003c2e        0x6 /usr/local/mcuxpressoide-10.3.0_2200/ide/plugins/com.nxp.mcuxpresso.tools.linux_10.3.0.201811011841/tools/bin/../lib/gcc/arm-none-eabi/7.3.1/../../../../arm-none-eabi/lib/thumb/v7-m/libcr_nohost.a(__sys_tmpnam.o)
                0x0000000000003c2e                __sys_tmpnam
 .text.__sys_write
                0x0000000000003c34        0x4 /usr/local/mcuxpressoide-10.3.0_2200/ide/plugins/com.nxp.mcuxpresso.tools.linux_10.3.0.201811011841/tools/bin/../lib/gcc/arm-none-eabi/7.3.1/../../../../arm-none-eabi/lib/thumb/v7-m/libcr_nohost.a(__sys_write.o)
                0x0000000000003c34                __sys_write
 *(.rodata .rodata.* .constdata .constdata.*)
 .rodata.WelcomeMenu
                0x0000000000003c38       0x4d ./example/src/dac.o
 *fill*         0x0000000000003c85        0x3 ff
 .rodata.SelectMenu
                0x0000000000003c88       0x51 ./example/src/dac.o
 *fill*         0x0000000000003cd9        0x3 ff
 .rodata.DirectionMenu
                0x0000000000003cdc       0x2d ./example/src/dac.o
 *fill*         0x0000000000003d09        0x3 ff
 .rodata        0x0000000000003d0c       0x7b ./example/src/dac.o
 *fill*         0x0000000000003d87        0x1 ff
 .rodata.OscRateIn
                0x0000000000003d88        0x4 /home/rupinder/Documents/MCUXpresso_10.3.0_2200/workspace/lpc_board_nxp_lpcxpresso_1769/Debug/liblpc_board_nxp_lpcxpresso_1769.a(board.o)
                0x0000000000003d88                OscRateIn
 .rodata.RTCOscRateIn
                0x0000000000003d8c        0x4 /home/rupinder/Documents/MCUXpresso_10.3.0_2200/workspace/lpc_board_nxp_lpcxpresso_1769/Debug/liblpc_board_nxp_lpcxpresso_1769.a(board.o)
                0x0000000000003d8c                RTCOscRateIn
 .rodata.pinmuxing
                0x0000000000003d90       0x5c /home/rupinder/Documents/MCUXpresso_10.3.0_2200/workspace/lpc_board_nxp_lpcxpresso_1769/Debug/liblpc_board_nxp_lpcxpresso_1769.a(board_sysinit.o)
 .rodata.GPDMA_LUTPerBurst
                0x0000000000003dec       0x18 /home/rupinder/Documents/MCUXpresso_10.3.0_2200/workspace/lpc_chip_175x_6x/Debug/liblpc_chip_175x_6x.a(gpdma_17xx_40xx.o)
                0x0000000000003dec                GPDMA_LUTPerBurst
 .rodata.GPDMA_LUTPerWid
                0x0000000000003e04       0x18 /home/rupinder/Documents/MCUXpresso_10.3.0_2200/workspace/lpc_chip_175x_6x/Debug/liblpc_chip_175x_6x.a(gpdma_17xx_40xx.o)
                0x0000000000003e04                GPDMA_LUTPerWid
 .rodata.fp_display.str1.1
                0x0000000000003e1c       0x34 /usr/local/mcuxpressoide-10.3.0_2200/ide/plugins/com.nxp.mcuxpresso.tools.linux_10.3.0.201811011841/tools/bin/../lib/gcc/arm-none-eabi/7.3.1/../../../../arm-none-eabi/lib/thumb/v7-m/libcr_c.a(fpprintf.o)
                                         0x35 (size before relaxing)
 .rodata._initio.str1.1
                0x0000000000003e50        0x4 /usr/local/mcuxpressoide-10.3.0_2200/ide/plugins/com.nxp.mcuxpresso.tools.linux_10.3.0.201811011841/tools/bin/../lib/gcc/arm-none-eabi/7.3.1/../../../../arm-none-eabi/lib/thumb/v7-m/libcr_c.a(initio.o)
 .rodata.__vfprintf.str1.1
                0x0000000000003e54       0x31 /usr/local/mcuxpressoide-10.3.0_2200/ide/plugins/com.nxp.mcuxpresso.tools.linux_10.3.0.201811011841/tools/bin/../lib/gcc/arm-none-eabi/7.3.1/../../../../arm-none-eabi/lib/thumb/v7-m/libcr_c.a(printf.o)
                                         0x38 (size before relaxing)
 .rodata._Csys_alloc.str1.1
                0x0000000000003e85       0x18 /usr/local/mcuxpressoide-10.3.0_2200/ide/plugins/com.nxp.mcuxpresso.tools.linux_10.3.0.201811011841/tools/bin/../lib/gcc/arm-none-eabi/7.3.1/../../../../arm-none-eabi/lib/thumb/v7-m/libcr_c.a(alloc.o)
 *fill*         0x0000000000003e9d        0x3 ff
 .rodata.__huge_vall
                0x0000000000003ea0        0x8 /usr/local/mcuxpressoide-10.3.0_2200/ide/plugins/com.nxp.mcuxpresso.tools.linux_10.3.0.201811011841/tools/bin/../lib/gcc/arm-none-eabi/7.3.1/../../../../arm-none-eabi/lib/thumb/v7-m/libcr_c.a(_hugeval.o)
                0x0000000000003ea0                __huge_vall
 .rodata.__num_Ciob_streams
                0x0000000000003ea8        0x4 /usr/local/mcuxpressoide-10.3.0_2200/ide/plugins/com.nxp.mcuxpresso.tools.linux_10.3.0.201811011841/tools/bin/../lib/gcc/arm-none-eabi/7.3.1/../../../../arm-none-eabi/lib/thumb/v7-m/libcr_nohost.a(__ciob.o)
                0x0000000000003ea8                __num_Ciob_streams
                0x0000000000003eac                . = ALIGN (0x4)

.glue_7         0x0000000000003eac        0x0
 .glue_7        0x0000000000003eac        0x0 linker stubs

.glue_7t        0x0000000000003eac        0x0
 .glue_7t       0x0000000000003eac        0x0 linker stubs

.vfp11_veneer   0x0000000000003eac        0x0
 .vfp11_veneer  0x0000000000003eac        0x0 linker stubs

.v4_bx          0x0000000000003eac        0x0
 .v4_bx         0x0000000000003eac        0x0 linker stubs

.iplt           0x0000000000003eac        0x0
 .iplt          0x0000000000003eac        0x0 ./example/src/cr_startup_lpc175x_6x.o

.rel.dyn        0x0000000000003eac        0x0
 .rel.iplt      0x0000000000003eac        0x0 ./example/src/cr_startup_lpc175x_6x.o

.ARM.extab
 *(.ARM.extab* .gnu.linkonce.armextab.*)
                0x0000000000003eac                __exidx_start = .

.ARM.exidx
 *(.ARM.exidx* .gnu.linkonce.armexidx.*)
                0x0000000000003eac                __exidx_end = .
                0x0000000000003eac                _etext = .

.data_RAM2      0x000000002007c000        0x0 load address 0x0000000000003eac
 FILL mask 0xff
                [!provide]                        PROVIDE (__start_data_RAM2 = .)
 *(.ramfunc.$RAM2)
 *(.ramfunc.$RamAHB32)
 *(.data.$RAM2*)
 *(.data.$RamAHB32*)
                0x000000002007c000                . = ALIGN (0x4)
                [!provide]                        PROVIDE (__end_data_RAM2 = .)

.uninit_RESERVED
                0x0000000010000000        0x0
 *(.bss.$RESERVED*)
                0x0000000010000000                . = ALIGN (0x4)
                0x0000000010000000                _end_uninit_RESERVED = .

.data           0x0000000010000000       0x60 load address 0x0000000000003eac
 FILL mask 0xff
                0x0000000010000000                _data = .
 *(vtable)
 *(.ramfunc*)
 *(.data*)
 .data.GPDMA_LUTPerAddr
                0x0000000010000000       0x60 /home/rupinder/Documents/MCUXpresso_10.3.0_2200/workspace/lpc_chip_175x_6x/Debug/liblpc_chip_175x_6x.a(gpdma_17xx_40xx.o)
                0x0000000010000000                GPDMA_LUTPerAddr
                0x0000000010000060                . = ALIGN (0x4)
                0x0000000010000060                _edata = .

.igot.plt       0x0000000010000060        0x0 load address 0x0000000000003f0c
 .igot.plt      0x0000000010000060        0x0 ./example/src/cr_startup_lpc175x_6x.o

.bss_RAM2       0x000000002007c000        0x0
                [!provide]                        PROVIDE (__start_bss_RAM2 = .)
 *(.bss.$RAM2*)
 *(.bss.$RamAHB32*)
                0x000000002007c000                . = ALIGN ((. != 0x0)?0x4:0x1)
                [!provide]                        PROVIDE (__end_bss_RAM2 = .)

.bss            0x0000000010000060      0x200
                0x0000000010000060                _bss = .
 *(.bss*)
 .bss.channelTC
                0x0000000010000060        0x1 ./example/src/dac.o
 .bss.dmaChannelNum
                0x0000000010000061        0x1 ./example/src/dac.o
 *fill*         0x0000000010000062        0x2 
 .bss.DMAbuffer
                0x0000000010000064        0x4 ./example/src/dac.o
 .bss.ChannelHandlerArray
                0x0000000010000068        0x8 /home/rupinder/Documents/MCUXpresso_10.3.0_2200/workspace/lpc_chip_175x_6x/Debug/liblpc_chip_175x_6x.a(gpdma_17xx_40xx.o)
 .bss.errno     0x0000000010000070        0x4 /usr/local/mcuxpressoide-10.3.0_2200/ide/plugins/com.nxp.mcuxpresso.tools.linux_10.3.0.201811011841/tools/bin/../lib/gcc/arm-none-eabi/7.3.1/../../../../arm-none-eabi/lib/thumb/v7-m/libcr_c.a(errno.o)
                0x0000000010000070                errno
 .bss.__end_of_heap
                0x0000000010000074        0x4 /usr/local/mcuxpressoide-10.3.0_2200/ide/plugins/com.nxp.mcuxpresso.tools.linux_10.3.0.201811011841/tools/bin/../lib/gcc/arm-none-eabi/7.3.1/../../../../arm-none-eabi/lib/thumb/v7-m/libcr_c.a(__init_alloc.o)
                0x0000000010000074                __end_of_heap
 .bss.__heaps   0x0000000010000078        0x4 /usr/local/mcuxpressoide-10.3.0_2200/ide/plugins/com.nxp.mcuxpresso.tools.linux_10.3.0.201811011841/tools/bin/../lib/gcc/arm-none-eabi/7.3.1/../../../../arm-none-eabi/lib/thumb/v7-m/libcr_c.a(__init_alloc.o)
                0x0000000010000078                __heaps
 .bss.__Ciob    0x000000001000007c      0x1e0 /usr/local/mcuxpressoide-10.3.0_2200/ide/plugins/com.nxp.mcuxpresso.tools.linux_10.3.0.201811011841/tools/bin/../lib/gcc/arm-none-eabi/7.3.1/../../../../arm-none-eabi/lib/thumb/v7-m/libcr_nohost.a(__ciob.o)
                0x000000001000007c                __Ciob
 *(COMMON)
 COMMON         0x000000001000025c        0x4 /home/rupinder/Documents/MCUXpresso_10.3.0_2200/workspace/lpc_chip_175x_6x/Debug/liblpc_chip_175x_6x.a(chip_17xx_40xx.o)
                0x000000001000025c                SystemCoreClock
                0x0000000010000260                . = ALIGN (0x4)
                0x0000000010000260                _ebss = .
                [!provide]                        PROVIDE (end = .)

.noinit_RAM2    0x000000002007c000        0x0
 *(.noinit.$RAM2*)
 *(.noinit.$RamAHB32*)
                0x000000002007c000                . = ALIGN (0x4)

.noinit         0x0000000010000260        0x0
                0x0000000010000260                _noinit = .
 *(.noinit*)
                0x0000000010000260                . = ALIGN (0x4)
                0x0000000010000260                _end_noinit = .
                0x0000000010000260                PROVIDE (_pvHeapStart = DEFINED (__user_heap_base)?__user_heap_base:.)
                0x0000000010008000                PROVIDE (_vStackTop = DEFINED (__user_stack_top)?__user_stack_top:(__top_RamLoc32 - 0x0))
                [!provide]                        PROVIDE (__valid_user_code_checksum = (0x0 - ((((((_vStackTop + (ResetISR + 0x1)) + (NMI_Handler + 0x1)) + (HardFault_Handler + 0x1)) + (DEFINED (MemManage_Handler)?MemManage_Handler:0x0 + 0x1)) + (DEFINED (BusFault_Handler)?BusFault_Handler:0x0 + 0x1)) + (DEFINED (UsageFault_Handler)?UsageFault_Handler:0x0 + 0x1))))
                0x0000000000000000                _image_start = LOADADDR (.text)
                0x0000000000003f0c                _image_end = (LOADADDR (.data) + SIZEOF (.data))
                0x0000000000003f0c                _image_size = (_image_end - _image_start)
OUTPUT(periph_dac.axf elf32-littlearm)

.debug_info     0x0000000000000000     0x5a84
 .debug_info    0x0000000000000000      0x251 ./example/src/cr_startup_lpc175x_6x.o
 .debug_info    0x0000000000000251      0xcad ./example/src/dac.o
 .debug_info    0x0000000000000efe      0x232 ./example/src/sysinit.o
 .debug_info    0x0000000000001130     0x149b /home/rupinder/Documents/MCUXpresso_10.3.0_2200/workspace/lpc_board_nxp_lpcxpresso_1769/Debug/liblpc_board_nxp_lpcxpresso_1769.a(board.o)
 .debug_info    0x00000000000025cb      0x6c3 /home/rupinder/Documents/MCUXpresso_10.3.0_2200/workspace/lpc_board_nxp_lpcxpresso_1769/Debug/liblpc_board_nxp_lpcxpresso_1769.a(board_sysinit.o)
 .debug_info    0x0000000000002c8e      0x558 /home/rupinder/Documents/MCUXpresso_10.3.0_2200/workspace/lpc_chip_175x_6x/Debug/liblpc_chip_175x_6x.a(chip_17xx_40xx.o)
 .debug_info    0x00000000000031e6      0xba2 /home/rupinder/Documents/MCUXpresso_10.3.0_2200/workspace/lpc_chip_175x_6x/Debug/liblpc_chip_175x_6x.a(clock_17xx_40xx.o)
 .debug_info    0x0000000000003d88      0x216 /home/rupinder/Documents/MCUXpresso_10.3.0_2200/workspace/lpc_chip_175x_6x/Debug/liblpc_chip_175x_6x.a(dac_17xx_40xx.o)
 .debug_info    0x0000000000003f9e     0x1354 /home/rupinder/Documents/MCUXpresso_10.3.0_2200/workspace/lpc_chip_175x_6x/Debug/liblpc_chip_175x_6x.a(gpdma_17xx_40xx.o)
 .debug_info    0x00000000000052f2      0x31e /home/rupinder/Documents/MCUXpresso_10.3.0_2200/workspace/lpc_chip_175x_6x/Debug/liblpc_chip_175x_6x.a(iocon_17xx_40xx.o)
 .debug_info    0x0000000000005610      0x474 /home/rupinder/Documents/MCUXpresso_10.3.0_2200/workspace/lpc_chip_175x_6x/Debug/liblpc_chip_175x_6x.a(sysinit_17xx_40xx.o)

.debug_abbrev   0x0000000000000000     0x145f
 .debug_abbrev  0x0000000000000000      0x103 ./example/src/cr_startup_lpc175x_6x.o
 .debug_abbrev  0x0000000000000103      0x278 ./example/src/dac.o
 .debug_abbrev  0x000000000000037b       0xdd ./example/src/sysinit.o
 .debug_abbrev  0x0000000000000458      0x3ae /home/rupinder/Documents/MCUXpresso_10.3.0_2200/workspace/lpc_board_nxp_lpcxpresso_1769/Debug/liblpc_board_nxp_lpcxpresso_1769.a(board.o)
 .debug_abbrev  0x0000000000000806      0x180 /home/rupinder/Documents/MCUXpresso_10.3.0_2200/workspace/lpc_board_nxp_lpcxpresso_1769/Debug/liblpc_board_nxp_lpcxpresso_1769.a(board_sysinit.o)
 .debug_abbrev  0x0000000000000986      0x151 /home/rupinder/Documents/MCUXpresso_10.3.0_2200/workspace/lpc_chip_175x_6x/Debug/liblpc_chip_175x_6x.a(chip_17xx_40xx.o)
 .debug_abbrev  0x0000000000000ad7      0x309 /home/rupinder/Documents/MCUXpresso_10.3.0_2200/workspace/lpc_chip_175x_6x/Debug/liblpc_chip_175x_6x.a(clock_17xx_40xx.o)
 .debug_abbrev  0x0000000000000de0      0x11f /home/rupinder/Documents/MCUXpresso_10.3.0_2200/workspace/lpc_chip_175x_6x/Debug/liblpc_chip_175x_6x.a(dac_17xx_40xx.o)
 .debug_abbrev  0x0000000000000eff      0x288 /home/rupinder/Documents/MCUXpresso_10.3.0_2200/workspace/lpc_chip_175x_6x/Debug/liblpc_chip_175x_6x.a(gpdma_17xx_40xx.o)
 .debug_abbrev  0x0000000000001187      0x14a /home/rupinder/Documents/MCUXpresso_10.3.0_2200/workspace/lpc_chip_175x_6x/Debug/liblpc_chip_175x_6x.a(iocon_17xx_40xx.o)
 .debug_abbrev  0x00000000000012d1      0x18e /home/rupinder/Documents/MCUXpresso_10.3.0_2200/workspace/lpc_chip_175x_6x/Debug/liblpc_chip_175x_6x.a(sysinit_17xx_40xx.o)

.debug_aranges  0x0000000000000000      0x540
 .debug_aranges
                0x0000000000000000       0x80 ./example/src/cr_startup_lpc175x_6x.o
 .debug_aranges
                0x0000000000000080       0x68 ./example/src/dac.o
 .debug_aranges
                0x00000000000000e8       0x20 ./example/src/sysinit.o
 .debug_aranges
                0x0000000000000108      0x150 /home/rupinder/Documents/MCUXpresso_10.3.0_2200/workspace/lpc_board_nxp_lpcxpresso_1769/Debug/liblpc_board_nxp_lpcxpresso_1769.a(board.o)
 .debug_aranges
                0x0000000000000258       0x38 /home/rupinder/Documents/MCUXpresso_10.3.0_2200/workspace/lpc_board_nxp_lpcxpresso_1769/Debug/liblpc_board_nxp_lpcxpresso_1769.a(board_sysinit.o)
 .debug_aranges
                0x0000000000000290       0x38 /home/rupinder/Documents/MCUXpresso_10.3.0_2200/workspace/lpc_chip_175x_6x/Debug/liblpc_chip_175x_6x.a(chip_17xx_40xx.o)
 .debug_aranges
                0x00000000000002c8      0x120 /home/rupinder/Documents/MCUXpresso_10.3.0_2200/workspace/lpc_chip_175x_6x/Debug/liblpc_chip_175x_6x.a(clock_17xx_40xx.o)
 .debug_aranges
                0x00000000000003e8       0x38 /home/rupinder/Documents/MCUXpresso_10.3.0_2200/workspace/lpc_chip_175x_6x/Debug/liblpc_chip_175x_6x.a(dac_17xx_40xx.o)
 .debug_aranges
                0x0000000000000420       0x90 /home/rupinder/Documents/MCUXpresso_10.3.0_2200/workspace/lpc_chip_175x_6x/Debug/liblpc_chip_175x_6x.a(gpdma_17xx_40xx.o)
 .debug_aranges
                0x00000000000004b0       0x30 /home/rupinder/Documents/MCUXpresso_10.3.0_2200/workspace/lpc_chip_175x_6x/Debug/liblpc_chip_175x_6x.a(iocon_17xx_40xx.o)
 .debug_aranges
                0x00000000000004e0       0x60 /home/rupinder/Documents/MCUXpresso_10.3.0_2200/workspace/lpc_chip_175x_6x/Debug/liblpc_chip_175x_6x.a(sysinit_17xx_40xx.o)

.debug_ranges   0x0000000000000000      0x490
 .debug_ranges  0x0000000000000000       0x70 ./example/src/cr_startup_lpc175x_6x.o
 .debug_ranges  0x0000000000000070       0x58 ./example/src/dac.o
 .debug_ranges  0x00000000000000c8       0x10 ./example/src/sysinit.o
 .debug_ranges  0x00000000000000d8      0x140 /home/rupinder/Documents/MCUXpresso_10.3.0_2200/workspace/lpc_board_nxp_lpcxpresso_1769/Debug/liblpc_board_nxp_lpcxpresso_1769.a(board.o)
 .debug_ranges  0x0000000000000218       0x28 /home/rupinder/Documents/MCUXpresso_10.3.0_2200/workspace/lpc_board_nxp_lpcxpresso_1769/Debug/liblpc_board_nxp_lpcxpresso_1769.a(board_sysinit.o)
 .debug_ranges  0x0000000000000240       0x28 /home/rupinder/Documents/MCUXpresso_10.3.0_2200/workspace/lpc_chip_175x_6x/Debug/liblpc_chip_175x_6x.a(chip_17xx_40xx.o)
 .debug_ranges  0x0000000000000268      0x110 /home/rupinder/Documents/MCUXpresso_10.3.0_2200/workspace/lpc_chip_175x_6x/Debug/liblpc_chip_175x_6x.a(clock_17xx_40xx.o)
 .debug_ranges  0x0000000000000378       0x28 /home/rupinder/Documents/MCUXpresso_10.3.0_2200/workspace/lpc_chip_175x_6x/Debug/liblpc_chip_175x_6x.a(dac_17xx_40xx.o)
 .debug_ranges  0x00000000000003a0       0x80 /home/rupinder/Documents/MCUXpresso_10.3.0_2200/workspace/lpc_chip_175x_6x/Debug/liblpc_chip_175x_6x.a(gpdma_17xx_40xx.o)
 .debug_ranges  0x0000000000000420       0x20 /home/rupinder/Documents/MCUXpresso_10.3.0_2200/workspace/lpc_chip_175x_6x/Debug/liblpc_chip_175x_6x.a(iocon_17xx_40xx.o)
 .debug_ranges  0x0000000000000440       0x50 /home/rupinder/Documents/MCUXpresso_10.3.0_2200/workspace/lpc_chip_175x_6x/Debug/liblpc_chip_175x_6x.a(sysinit_17xx_40xx.o)

.debug_macro    0x0000000000000000     0x58cf
 .debug_macro   0x0000000000000000       0x1d ./example/src/cr_startup_lpc175x_6x.o
 .debug_macro   0x000000000000001d      0xa66 ./example/src/cr_startup_lpc175x_6x.o
 .debug_macro   0x0000000000000a83      0x223 ./example/src/dac.o
 .debug_macro   0x0000000000000ca6       0x10 ./example/src/dac.o
 .debug_macro   0x0000000000000cb6      0x12d ./example/src/dac.o
 .debug_macro   0x0000000000000de3      0x5b2 ./example/src/dac.o
 .debug_macro   0x0000000000001395       0x22 ./example/src/dac.o
 .debug_macro   0x00000000000013b7       0x7b ./example/src/dac.o
 .debug_macro   0x0000000000001432       0x10 ./example/src/dac.o
 .debug_macro   0x0000000000001442       0x2d ./example/src/dac.o
 .debug_macro   0x000000000000146f       0x3a ./example/src/dac.o
 .debug_macro   0x00000000000014a9       0x2d ./example/src/dac.o
 .debug_macro   0x00000000000014d6      0xbb1 ./example/src/dac.o
 .debug_macro   0x0000000000002087      0x22c ./example/src/dac.o
 .debug_macro   0x00000000000022b3       0x42 ./example/src/dac.o
 .debug_macro   0x00000000000022f5       0x52 ./example/src/dac.o
 .debug_macro   0x0000000000002347       0x78 ./example/src/dac.o
 .debug_macro   0x00000000000023bf       0x82 ./example/src/dac.o
 .debug_macro   0x0000000000002441      0x48c ./example/src/dac.o
 .debug_macro   0x00000000000028cd       0x34 ./example/src/dac.o
 .debug_macro   0x0000000000002901      0x4c5 ./example/src/dac.o
 .debug_macro   0x0000000000002dc6      0x1b7 ./example/src/dac.o
 .debug_macro   0x0000000000002f7d       0x10 ./example/src/dac.o
 .debug_macro   0x0000000000002f8d      0x21b ./example/src/dac.o
 .debug_macro   0x00000000000031a8      0x1b9 ./example/src/dac.o
 .debug_macro   0x0000000000003361       0x40 ./example/src/dac.o
 .debug_macro   0x00000000000033a1       0x22 ./example/src/dac.o
 .debug_macro   0x00000000000033c3      0x162 ./example/src/dac.o
 .debug_macro   0x0000000000003525       0x94 ./example/src/dac.o
 .debug_macro   0x00000000000035b9       0xb8 ./example/src/dac.o
 .debug_macro   0x0000000000003671       0x4c ./example/src/dac.o
 .debug_macro   0x00000000000036bd       0x16 ./example/src/dac.o
 .debug_macro   0x00000000000036d3      0x328 ./example/src/dac.o
 .debug_macro   0x00000000000039fb       0x49 ./example/src/dac.o
 .debug_macro   0x0000000000003a44       0x16 ./example/src/dac.o
 .debug_macro   0x0000000000003a5a       0xca ./example/src/dac.o
 .debug_macro   0x0000000000003b24       0x18 ./example/src/dac.o
 .debug_macro   0x0000000000003b3c       0x70 ./example/src/dac.o
 .debug_macro   0x0000000000003bac       0x9a ./example/src/dac.o
 .debug_macro   0x0000000000003c46       0x20 ./example/src/dac.o
 .debug_macro   0x0000000000003c66       0x28 ./example/src/dac.o
 .debug_macro   0x0000000000003c8e      0x217 ./example/src/sysinit.o
 .debug_macro   0x0000000000003ea5      0x2a1 /home/rupinder/Documents/MCUXpresso_10.3.0_2200/workspace/lpc_board_nxp_lpcxpresso_1769/Debug/liblpc_board_nxp_lpcxpresso_1769.a(board.o)
 .debug_macro   0x0000000000004146      0xa72 /home/rupinder/Documents/MCUXpresso_10.3.0_2200/workspace/lpc_board_nxp_lpcxpresso_1769/Debug/liblpc_board_nxp_lpcxpresso_1769.a(board.o)
 .debug_macro   0x0000000000004bb8       0x20 /home/rupinder/Documents/MCUXpresso_10.3.0_2200/workspace/lpc_board_nxp_lpcxpresso_1769/Debug/liblpc_board_nxp_lpcxpresso_1769.a(board.o)
 .debug_macro   0x0000000000004bd8       0x12 /home/rupinder/Documents/MCUXpresso_10.3.0_2200/workspace/lpc_board_nxp_lpcxpresso_1769/Debug/liblpc_board_nxp_lpcxpresso_1769.a(board.o)
 .debug_macro   0x0000000000004bea      0x217 /home/rupinder/Documents/MCUXpresso_10.3.0_2200/workspace/lpc_board_nxp_lpcxpresso_1769/Debug/liblpc_board_nxp_lpcxpresso_1769.a(board_sysinit.o)
 .debug_macro   0x0000000000004e01      0x1cd /home/rupinder/Documents/MCUXpresso_10.3.0_2200/workspace/lpc_chip_175x_6x/Debug/liblpc_chip_175x_6x.a(chip_17xx_40xx.o)
 .debug_macro   0x0000000000004fce      0x1cd /home/rupinder/Documents/MCUXpresso_10.3.0_2200/workspace/lpc_chip_175x_6x/Debug/liblpc_chip_175x_6x.a(clock_17xx_40xx.o)
 .debug_macro   0x000000000000519b      0x1cd /home/rupinder/Documents/MCUXpresso_10.3.0_2200/workspace/lpc_chip_175x_6x/Debug/liblpc_chip_175x_6x.a(dac_17xx_40xx.o)
 .debug_macro   0x0000000000005368      0x1cd /home/rupinder/Documents/MCUXpresso_10.3.0_2200/workspace/lpc_chip_175x_6x/Debug/liblpc_chip_175x_6x.a(gpdma_17xx_40xx.o)
 .debug_macro   0x0000000000005535      0x1cd /home/rupinder/Documents/MCUXpresso_10.3.0_2200/workspace/lpc_chip_175x_6x/Debug/liblpc_chip_175x_6x.a(iocon_17xx_40xx.o)
 .debug_macro   0x0000000000005702      0x1cd /home/rupinder/Documents/MCUXpresso_10.3.0_2200/workspace/lpc_chip_175x_6x/Debug/liblpc_chip_175x_6x.a(sysinit_17xx_40xx.o)

.debug_line     0x0000000000000000     0x3b86
 .debug_line    0x0000000000000000       0xdb ./example/src/cr_startup_lpc175x_6x.o
 .debug_line    0x00000000000000db      0x637 ./example/src/dac.o
 .debug_line    0x0000000000000712      0x51b ./example/src/sysinit.o
 .debug_line    0x0000000000000c2d      0x8a2 /home/rupinder/Documents/MCUXpresso_10.3.0_2200/workspace/lpc_board_nxp_lpcxpresso_1769/Debug/liblpc_board_nxp_lpcxpresso_1769.a(board.o)
 .debug_line    0x00000000000014cf      0x553 /home/rupinder/Documents/MCUXpresso_10.3.0_2200/workspace/lpc_board_nxp_lpcxpresso_1769/Debug/liblpc_board_nxp_lpcxpresso_1769.a(board_sysinit.o)
 .debug_line    0x0000000000001a22      0x4d5 /home/rupinder/Documents/MCUXpresso_10.3.0_2200/workspace/lpc_chip_175x_6x/Debug/liblpc_chip_175x_6x.a(chip_17xx_40xx.o)
 .debug_line    0x0000000000001ef7      0x751 /home/rupinder/Documents/MCUXpresso_10.3.0_2200/workspace/lpc_chip_175x_6x/Debug/liblpc_chip_175x_6x.a(clock_17xx_40xx.o)
 .debug_line    0x0000000000002648      0x4bd /home/rupinder/Documents/MCUXpresso_10.3.0_2200/workspace/lpc_chip_175x_6x/Debug/liblpc_chip_175x_6x.a(dac_17xx_40xx.o)
 .debug_line    0x0000000000002b05      0x675 /home/rupinder/Documents/MCUXpresso_10.3.0_2200/workspace/lpc_chip_175x_6x/Debug/liblpc_chip_175x_6x.a(gpdma_17xx_40xx.o)
 .debug_line    0x000000000000317a      0x4c1 /home/rupinder/Documents/MCUXpresso_10.3.0_2200/workspace/lpc_chip_175x_6x/Debug/liblpc_chip_175x_6x.a(iocon_17xx_40xx.o)
 .debug_line    0x000000000000363b      0x54b /home/rupinder/Documents/MCUXpresso_10.3.0_2200/workspace/lpc_chip_175x_6x/Debug/liblpc_chip_175x_6x.a(sysinit_17xx_40xx.o)

.debug_str      0x0000000000000000    0x13b4d
 .debug_str     0x0000000000000000     0x2eb2 ./example/src/cr_startup_lpc175x_6x.o
                                       0x2ec5 (size before relaxing)
 .debug_str     0x0000000000002eb2     0xef95 ./example/src/dac.o
                                      0x11da4 (size before relaxing)
 .debug_str     0x0000000000011e47       0x23 ./example/src/sysinit.o
                                      0x112a7 (size before relaxing)
 .debug_str     0x0000000000011e6a      0xdb4 /home/rupinder/Documents/MCUXpresso_10.3.0_2200/workspace/lpc_board_nxp_lpcxpresso_1769/Debug/liblpc_board_nxp_lpcxpresso_1769.a(board.o)
                                      0x1219c (size before relaxing)
 .debug_str     0x0000000000012c1e      0x22d /home/rupinder/Documents/MCUXpresso_10.3.0_2200/workspace/lpc_board_nxp_lpcxpresso_1769/Debug/liblpc_board_nxp_lpcxpresso_1769.a(board_sysinit.o)
                                      0x116b7 (size before relaxing)
 .debug_str     0x0000000000012e4b       0xc4 /home/rupinder/Documents/MCUXpresso_10.3.0_2200/workspace/lpc_chip_175x_6x/Debug/liblpc_chip_175x_6x.a(chip_17xx_40xx.o)
                                      0x1130a (size before relaxing)
 .debug_str     0x0000000000012f0f      0x5ce /home/rupinder/Documents/MCUXpresso_10.3.0_2200/workspace/lpc_chip_175x_6x/Debug/liblpc_chip_175x_6x.a(clock_17xx_40xx.o)
                                      0x11988 (size before relaxing)
 .debug_str     0x00000000000134dd       0xb1 /home/rupinder/Documents/MCUXpresso_10.3.0_2200/workspace/lpc_chip_175x_6x/Debug/liblpc_chip_175x_6x.a(dac_17xx_40xx.o)
                                      0x10ddc (size before relaxing)
 .debug_str     0x000000000001358e      0x482 /home/rupinder/Documents/MCUXpresso_10.3.0_2200/workspace/lpc_chip_175x_6x/Debug/liblpc_chip_175x_6x.a(gpdma_17xx_40xx.o)
                                      0x11a4d (size before relaxing)
 .debug_str     0x0000000000013a10       0x79 /home/rupinder/Documents/MCUXpresso_10.3.0_2200/workspace/lpc_chip_175x_6x/Debug/liblpc_chip_175x_6x.a(iocon_17xx_40xx.o)
                                      0x10e05 (size before relaxing)
 .debug_str     0x0000000000013a89       0xc4 /home/rupinder/Documents/MCUXpresso_10.3.0_2200/workspace/lpc_chip_175x_6x/Debug/liblpc_chip_175x_6x.a(sysinit_17xx_40xx.o)
                                      0x10fed (size before relaxing)

.comment        0x0000000000000000       0x7f
 .comment       0x0000000000000000       0x7f ./example/src/cr_startup_lpc175x_6x.o
                                         0x80 (size before relaxing)
 .comment       0x000000000000007f       0x80 ./example/src/dac.o
 .comment       0x000000000000007f       0x80 ./example/src/sysinit.o
 .comment       0x000000000000007f       0x80 /home/rupinder/Documents/MCUXpresso_10.3.0_2200/workspace/lpc_board_nxp_lpcxpresso_1769/Debug/liblpc_board_nxp_lpcxpresso_1769.a(board.o)
 .comment       0x000000000000007f       0x80 /home/rupinder/Documents/MCUXpresso_10.3.0_2200/workspace/lpc_board_nxp_lpcxpresso_1769/Debug/liblpc_board_nxp_lpcxpresso_1769.a(board_sysinit.o)
 .comment       0x000000000000007f       0x80 /home/rupinder/Documents/MCUXpresso_10.3.0_2200/workspace/lpc_chip_175x_6x/Debug/liblpc_chip_175x_6x.a(chip_17xx_40xx.o)
 .comment       0x000000000000007f       0x80 /home/rupinder/Documents/MCUXpresso_10.3.0_2200/workspace/lpc_chip_175x_6x/Debug/liblpc_chip_175x_6x.a(clock_17xx_40xx.o)
 .comment       0x000000000000007f       0x80 /home/rupinder/Documents/MCUXpresso_10.3.0_2200/workspace/lpc_chip_175x_6x/Debug/liblpc_chip_175x_6x.a(dac_17xx_40xx.o)
 .comment       0x000000000000007f       0x80 /home/rupinder/Documents/MCUXpresso_10.3.0_2200/workspace/lpc_chip_175x_6x/Debug/liblpc_chip_175x_6x.a(gpdma_17xx_40xx.o)
 .comment       0x000000000000007f       0x80 /home/rupinder/Documents/MCUXpresso_10.3.0_2200/workspace/lpc_chip_175x_6x/Debug/liblpc_chip_175x_6x.a(iocon_17xx_40xx.o)
 .comment       0x000000000000007f       0x80 /home/rupinder/Documents/MCUXpresso_10.3.0_2200/workspace/lpc_chip_175x_6x/Debug/liblpc_chip_175x_6x.a(sysinit_17xx_40xx.o)
 .comment       0x000000000000007f       0x80 /usr/local/mcuxpressoide-10.3.0_2200/ide/plugins/com.nxp.mcuxpresso.tools.linux_10.3.0.201811011841/tools/bin/../lib/gcc/arm-none-eabi/7.3.1/../../../../arm-none-eabi/lib/thumb/v7-m/libcr_nohost.a(_cr__main.o)
 .comment       0x000000000000007f       0x80 /usr/local/mcuxpressoide-10.3.0_2200/ide/plugins/com.nxp.mcuxpresso.tools.linux_10.3.0.201811011841/tools/bin/../lib/gcc/arm-none-eabi/7.3.1/../../../../arm-none-eabi/lib/thumb/v7-m/libcr_c.a(fpprintf.o)
 .comment       0x000000000000007f       0x80 /usr/local/mcuxpressoide-10.3.0_2200/ide/plugins/com.nxp.mcuxpresso.tools.linux_10.3.0.201811011841/tools/bin/../lib/gcc/arm-none-eabi/7.3.1/../../../../arm-none-eabi/lib/thumb/v7-m/libcr_c.a(initio.o)
 .comment       0x000000000000007f       0x80 /usr/local/mcuxpressoide-10.3.0_2200/ide/plugins/com.nxp.mcuxpresso.tools.linux_10.3.0.201811011841/tools/bin/../lib/gcc/arm-none-eabi/7.3.1/../../../../arm-none-eabi/lib/thumb/v7-m/libcr_c.a(printf.o)
 .comment       0x000000000000007f       0x80 /usr/local/mcuxpressoide-10.3.0_2200/ide/plugins/com.nxp.mcuxpresso.tools.linux_10.3.0.201811011841/tools/bin/../lib/gcc/arm-none-eabi/7.3.1/../../../../arm-none-eabi/lib/thumb/v7-m/libcr_c.a(setvbuf.o)
 .comment       0x000000000000007f       0x80 /usr/local/mcuxpressoide-10.3.0_2200/ide/plugins/com.nxp.mcuxpresso.tools.linux_10.3.0.201811011841/tools/bin/../lib/gcc/arm-none-eabi/7.3.1/../../../../arm-none-eabi/lib/thumb/v7-m/libcr_c.a(strlen.o)
 .comment       0x000000000000007f       0x80 /usr/local/mcuxpressoide-10.3.0_2200/ide/plugins/com.nxp.mcuxpresso.tools.linux_10.3.0.201811011841/tools/bin/../lib/gcc/arm-none-eabi/7.3.1/../../../../arm-none-eabi/lib/thumb/v7-m/libcr_c.a(memset.o)
 .comment       0x000000000000007f       0x80 /usr/local/mcuxpressoide-10.3.0_2200/ide/plugins/com.nxp.mcuxpresso.tools.linux_10.3.0.201811011841/tools/bin/../lib/gcc/arm-none-eabi/7.3.1/../../../../arm-none-eabi/lib/thumb/v7-m/libcr_c.a(_deferredlazyseek.o)
 .comment       0x000000000000007f       0x80 /usr/local/mcuxpressoide-10.3.0_2200/ide/plugins/com.nxp.mcuxpresso.tools.linux_10.3.0.201811011841/tools/bin/../lib/gcc/arm-none-eabi/7.3.1/../../../../arm-none-eabi/lib/thumb/v7-m/libcr_c.a(_fdopen.o)
 .comment       0x000000000000007f       0x80 /usr/local/mcuxpressoide-10.3.0_2200/ide/plugins/com.nxp.mcuxpresso.tools.linux_10.3.0.201811011841/tools/bin/../lib/gcc/arm-none-eabi/7.3.1/../../../../arm-none-eabi/lib/thumb/v7-m/libcr_c.a(_fflush.o)
 .comment       0x000000000000007f       0x80 /usr/local/mcuxpressoide-10.3.0_2200/ide/plugins/com.nxp.mcuxpresso.tools.linux_10.3.0.201811011841/tools/bin/../lib/gcc/arm-none-eabi/7.3.1/../../../../arm-none-eabi/lib/thumb/v7-m/libcr_c.a(_frexpl.o)
 .comment       0x000000000000007f       0x80 /usr/local/mcuxpressoide-10.3.0_2200/ide/plugins/com.nxp.mcuxpresso.tools.linux_10.3.0.201811011841/tools/bin/../lib/gcc/arm-none-eabi/7.3.1/../../../../arm-none-eabi/lib/thumb/v7-m/libcr_c.a(_ldexpl.o)
 .comment       0x000000000000007f       0x80 /usr/local/mcuxpressoide-10.3.0_2200/ide/plugins/com.nxp.mcuxpresso.tools.linux_10.3.0.201811011841/tools/bin/../lib/gcc/arm-none-eabi/7.3.1/../../../../arm-none-eabi/lib/thumb/v7-m/libcr_c.a(_writebuf.o)
 .comment       0x000000000000007f       0x80 /usr/local/mcuxpressoide-10.3.0_2200/ide/plugins/com.nxp.mcuxpresso.tools.linux_10.3.0.201811011841/tools/bin/../lib/gcc/arm-none-eabi/7.3.1/../../../../arm-none-eabi/lib/thumb/v7-m/libcr_c.a(alloc.o)
 .comment       0x000000000000007f       0x80 /usr/local/mcuxpressoide-10.3.0_2200/ide/plugins/com.nxp.mcuxpresso.tools.linux_10.3.0.201811011841/tools/bin/../lib/gcc/arm-none-eabi/7.3.1/../../../../arm-none-eabi/lib/thumb/v7-m/libcr_c.a(errno.o)
 .comment       0x000000000000007f       0x80 /usr/local/mcuxpressoide-10.3.0_2200/ide/plugins/com.nxp.mcuxpresso.tools.linux_10.3.0.201811011841/tools/bin/../lib/gcc/arm-none-eabi/7.3.1/../../../../arm-none-eabi/lib/thumb/v7-m/libcr_c.a(fclose.o)
 .comment       0x000000000000007f       0x80 /usr/local/mcuxpressoide-10.3.0_2200/ide/plugins/com.nxp.mcuxpresso.tools.linux_10.3.0.201811011841/tools/bin/../lib/gcc/arm-none-eabi/7.3.1/../../../../arm-none-eabi/lib/thumb/v7-m/libcr_c.a(fflush.o)
 .comment       0x000000000000007f       0x80 /usr/local/mcuxpressoide-10.3.0_2200/ide/plugins/com.nxp.mcuxpresso.tools.linux_10.3.0.201811011841/tools/bin/../lib/gcc/arm-none-eabi/7.3.1/../../../../arm-none-eabi/lib/thumb/v7-m/libcr_c.a(fseek.o)
 .comment       0x000000000000007f       0x80 /usr/local/mcuxpressoide-10.3.0_2200/ide/plugins/com.nxp.mcuxpresso.tools.linux_10.3.0.201811011841/tools/bin/../lib/gcc/arm-none-eabi/7.3.1/../../../../arm-none-eabi/lib/thumb/v7-m/libcr_c.a(ftell.o)
 .comment       0x000000000000007f       0x80 /usr/local/mcuxpressoide-10.3.0_2200/ide/plugins/com.nxp.mcuxpresso.tools.linux_10.3.0.201811011841/tools/bin/../lib/gcc/arm-none-eabi/7.3.1/../../../../arm-none-eabi/lib/thumb/v7-m/libcr_c.a(remove.o)
 .comment       0x000000000000007f       0x80 /usr/local/mcuxpressoide-10.3.0_2200/ide/plugins/com.nxp.mcuxpresso.tools.linux_10.3.0.201811011841/tools/bin/../lib/gcc/arm-none-eabi/7.3.1/../../../../arm-none-eabi/lib/thumb/v7-m/libcr_c.a(__init_alloc.o)
 .comment       0x000000000000007f       0x80 /usr/local/mcuxpressoide-10.3.0_2200/ide/plugins/com.nxp.mcuxpresso.tools.linux_10.3.0.201811011841/tools/bin/../lib/gcc/arm-none-eabi/7.3.1/../../../../arm-none-eabi/lib/thumb/v7-m/libcr_c.a(_cr_sbrk.o)
 .comment       0x000000000000007f       0x80 /usr/local/mcuxpressoide-10.3.0_2200/ide/plugins/com.nxp.mcuxpresso.tools.linux_10.3.0.201811011841/tools/bin/../lib/gcc/arm-none-eabi/7.3.1/../../../../arm-none-eabi/lib/thumb/v7-m/libcr_c.a(_do_fflush.o)
 .comment       0x000000000000007f       0x80 /usr/local/mcuxpressoide-10.3.0_2200/ide/plugins/com.nxp.mcuxpresso.tools.linux_10.3.0.201811011841/tools/bin/../lib/gcc/arm-none-eabi/7.3.1/../../../../arm-none-eabi/lib/thumb/v7-m/libcr_c.a(_hugeval.o)
 .comment       0x000000000000007f       0x80 /usr/local/mcuxpressoide-10.3.0_2200/ide/plugins/com.nxp.mcuxpresso.tools.linux_10.3.0.201811011841/tools/bin/../lib/gcc/arm-none-eabi/7.3.1/../../../../arm-none-eabi/lib/thumb/v7-m/libcr_c.a(_cr_check_heap.o)
 .comment       0x000000000000007f       0x80 /usr/local/mcuxpressoide-10.3.0_2200/ide/plugins/com.nxp.mcuxpresso.tools.linux_10.3.0.201811011841/tools/bin/../lib/gcc/arm-none-eabi/7.3.1/thumb/v7-m/libcr_eabihelpers.a(double.o)
 .comment       0x000000000000007f       0x80 /usr/local/mcuxpressoide-10.3.0_2200/ide/plugins/com.nxp.mcuxpresso.tools.linux_10.3.0.201811011841/tools/bin/../lib/gcc/arm-none-eabi/7.3.1/../../../../arm-none-eabi/lib/thumb/v7-m/libcr_nohost.a(__ciob.o)
 .comment       0x000000000000007f       0x80 /usr/local/mcuxpressoide-10.3.0_2200/ide/plugins/com.nxp.mcuxpresso.tools.linux_10.3.0.201811011841/tools/bin/../lib/gcc/arm-none-eabi/7.3.1/../../../../arm-none-eabi/lib/thumb/v7-m/libcr_nohost.a(__sys_appexit.o)
 .comment       0x000000000000007f       0x80 /usr/local/mcuxpressoide-10.3.0_2200/ide/plugins/com.nxp.mcuxpresso.tools.linux_10.3.0.201811011841/tools/bin/../lib/gcc/arm-none-eabi/7.3.1/../../../../arm-none-eabi/lib/thumb/v7-m/libcr_nohost.a(__sys_close.o)
 .comment       0x000000000000007f       0x80 /usr/local/mcuxpressoide-10.3.0_2200/ide/plugins/com.nxp.mcuxpresso.tools.linux_10.3.0.201811011841/tools/bin/../lib/gcc/arm-none-eabi/7.3.1/../../../../arm-none-eabi/lib/thumb/v7-m/libcr_nohost.a(__sys_flen.o)
 .comment       0x000000000000007f       0x80 /usr/local/mcuxpressoide-10.3.0_2200/ide/plugins/com.nxp.mcuxpresso.tools.linux_10.3.0.201811011841/tools/bin/../lib/gcc/arm-none-eabi/7.3.1/../../../../arm-none-eabi/lib/thumb/v7-m/libcr_nohost.a(__sys_istty.o)
 .comment       0x000000000000007f       0x80 /usr/local/mcuxpressoide-10.3.0_2200/ide/plugins/com.nxp.mcuxpresso.tools.linux_10.3.0.201811011841/tools/bin/../lib/gcc/arm-none-eabi/7.3.1/../../../../arm-none-eabi/lib/thumb/v7-m/libcr_nohost.a(__sys_remove.o)
 .comment       0x000000000000007f       0x80 /usr/local/mcuxpressoide-10.3.0_2200/ide/plugins/com.nxp.mcuxpresso.tools.linux_10.3.0.201811011841/tools/bin/../lib/gcc/arm-none-eabi/7.3.1/../../../../arm-none-eabi/lib/thumb/v7-m/libcr_nohost.a(__sys_seek.o)
 .comment       0x000000000000007f       0x80 /usr/local/mcuxpressoide-10.3.0_2200/ide/plugins/com.nxp.mcuxpresso.tools.linux_10.3.0.201811011841/tools/bin/../lib/gcc/arm-none-eabi/7.3.1/../../../../arm-none-eabi/lib/thumb/v7-m/libcr_nohost.a(__sys_tmpnam.o)
 .comment       0x000000000000007f       0x80 /usr/local/mcuxpressoide-10.3.0_2200/ide/plugins/com.nxp.mcuxpresso.tools.linux_10.3.0.201811011841/tools/bin/../lib/gcc/arm-none-eabi/7.3.1/../../../../arm-none-eabi/lib/thumb/v7-m/libcr_nohost.a(__sys_write.o)

.ARM.attributes
                0x0000000000000000       0x31
 .ARM.attributes
                0x0000000000000000       0x33 ./example/src/cr_startup_lpc175x_6x.o
 .ARM.attributes
                0x0000000000000033       0x33 ./example/src/dac.o
 .ARM.attributes
                0x0000000000000066       0x33 ./example/src/sysinit.o
 .ARM.attributes
                0x0000000000000099       0x33 /home/rupinder/Documents/MCUXpresso_10.3.0_2200/workspace/lpc_board_nxp_lpcxpresso_1769/Debug/liblpc_board_nxp_lpcxpresso_1769.a(board.o)
 .ARM.attributes
                0x00000000000000cc       0x33 /home/rupinder/Documents/MCUXpresso_10.3.0_2200/workspace/lpc_board_nxp_lpcxpresso_1769/Debug/liblpc_board_nxp_lpcxpresso_1769.a(board_sysinit.o)
 .ARM.attributes
                0x00000000000000ff       0x33 /home/rupinder/Documents/MCUXpresso_10.3.0_2200/workspace/lpc_chip_175x_6x/Debug/liblpc_chip_175x_6x.a(chip_17xx_40xx.o)
 .ARM.attributes
                0x0000000000000132       0x33 /home/rupinder/Documents/MCUXpresso_10.3.0_2200/workspace/lpc_chip_175x_6x/Debug/liblpc_chip_175x_6x.a(clock_17xx_40xx.o)
 .ARM.attributes
                0x0000000000000165       0x33 /home/rupinder/Documents/MCUXpresso_10.3.0_2200/workspace/lpc_chip_175x_6x/Debug/liblpc_chip_175x_6x.a(dac_17xx_40xx.o)
 .ARM.attributes
                0x0000000000000198       0x33 /home/rupinder/Documents/MCUXpresso_10.3.0_2200/workspace/lpc_chip_175x_6x/Debug/liblpc_chip_175x_6x.a(gpdma_17xx_40xx.o)
 .ARM.attributes
                0x00000000000001cb       0x33 /home/rupinder/Documents/MCUXpresso_10.3.0_2200/workspace/lpc_chip_175x_6x/Debug/liblpc_chip_175x_6x.a(iocon_17xx_40xx.o)
 .ARM.attributes
                0x00000000000001fe       0x33 /home/rupinder/Documents/MCUXpresso_10.3.0_2200/workspace/lpc_chip_175x_6x/Debug/liblpc_chip_175x_6x.a(sysinit_17xx_40xx.o)
 .ARM.attributes
                0x0000000000000231       0x33 /usr/local/mcuxpressoide-10.3.0_2200/ide/plugins/com.nxp.mcuxpresso.tools.linux_10.3.0.201811011841/tools/bin/../lib/gcc/arm-none-eabi/7.3.1/../../../../arm-none-eabi/lib/thumb/v7-m/libcr_nohost.a(_cr__main.o)
 .ARM.attributes
                0x0000000000000264       0x33 /usr/local/mcuxpressoide-10.3.0_2200/ide/plugins/com.nxp.mcuxpresso.tools.linux_10.3.0.201811011841/tools/bin/../lib/gcc/arm-none-eabi/7.3.1/../../../../arm-none-eabi/lib/thumb/v7-m/libcr_c.a(fpprintf.o)
 .ARM.attributes
                0x0000000000000297       0x33 /usr/local/mcuxpressoide-10.3.0_2200/ide/plugins/com.nxp.mcuxpresso.tools.linux_10.3.0.201811011841/tools/bin/../lib/gcc/arm-none-eabi/7.3.1/../../../../arm-none-eabi/lib/thumb/v7-m/libcr_c.a(initio.o)
 .ARM.attributes
                0x00000000000002ca       0x33 /usr/local/mcuxpressoide-10.3.0_2200/ide/plugins/com.nxp.mcuxpresso.tools.linux_10.3.0.201811011841/tools/bin/../lib/gcc/arm-none-eabi/7.3.1/../../../../arm-none-eabi/lib/thumb/v7-m/libcr_c.a(printf.o)
 .ARM.attributes
                0x00000000000002fd       0x33 /usr/local/mcuxpressoide-10.3.0_2200/ide/plugins/com.nxp.mcuxpresso.tools.linux_10.3.0.201811011841/tools/bin/../lib/gcc/arm-none-eabi/7.3.1/../../../../arm-none-eabi/lib/thumb/v7-m/libcr_c.a(setvbuf.o)
 .ARM.attributes
                0x0000000000000330       0x33 /usr/local/mcuxpressoide-10.3.0_2200/ide/plugins/com.nxp.mcuxpresso.tools.linux_10.3.0.201811011841/tools/bin/../lib/gcc/arm-none-eabi/7.3.1/../../../../arm-none-eabi/lib/thumb/v7-m/libcr_c.a(strlen.o)
 .ARM.attributes
                0x0000000000000363       0x33 /usr/local/mcuxpressoide-10.3.0_2200/ide/plugins/com.nxp.mcuxpresso.tools.linux_10.3.0.201811011841/tools/bin/../lib/gcc/arm-none-eabi/7.3.1/../../../../arm-none-eabi/lib/thumb/v7-m/libcr_c.a(memset.o)
 .ARM.attributes
                0x0000000000000396       0x33 /usr/local/mcuxpressoide-10.3.0_2200/ide/plugins/com.nxp.mcuxpresso.tools.linux_10.3.0.201811011841/tools/bin/../lib/gcc/arm-none-eabi/7.3.1/../../../../arm-none-eabi/lib/thumb/v7-m/libcr_c.a(_deferredlazyseek.o)
 .ARM.attributes
                0x00000000000003c9       0x33 /usr/local/mcuxpressoide-10.3.0_2200/ide/plugins/com.nxp.mcuxpresso.tools.linux_10.3.0.201811011841/tools/bin/../lib/gcc/arm-none-eabi/7.3.1/../../../../arm-none-eabi/lib/thumb/v7-m/libcr_c.a(_fdopen.o)
 .ARM.attributes
                0x00000000000003fc       0x33 /usr/local/mcuxpressoide-10.3.0_2200/ide/plugins/com.nxp.mcuxpresso.tools.linux_10.3.0.201811011841/tools/bin/../lib/gcc/arm-none-eabi/7.3.1/../../../../arm-none-eabi/lib/thumb/v7-m/libcr_c.a(_fflush.o)
 .ARM.attributes
                0x000000000000042f       0x33 /usr/local/mcuxpressoide-10.3.0_2200/ide/plugins/com.nxp.mcuxpresso.tools.linux_10.3.0.201811011841/tools/bin/../lib/gcc/arm-none-eabi/7.3.1/../../../../arm-none-eabi/lib/thumb/v7-m/libcr_c.a(_frexpl.o)
 .ARM.attributes
                0x0000000000000462       0x33 /usr/local/mcuxpressoide-10.3.0_2200/ide/plugins/com.nxp.mcuxpresso.tools.linux_10.3.0.201811011841/tools/bin/../lib/gcc/arm-none-eabi/7.3.1/../../../../arm-none-eabi/lib/thumb/v7-m/libcr_c.a(_ldexpl.o)
 .ARM.attributes
                0x0000000000000495       0x33 /usr/local/mcuxpressoide-10.3.0_2200/ide/plugins/com.nxp.mcuxpresso.tools.linux_10.3.0.201811011841/tools/bin/../lib/gcc/arm-none-eabi/7.3.1/../../../../arm-none-eabi/lib/thumb/v7-m/libcr_c.a(_writebuf.o)
 .ARM.attributes
                0x00000000000004c8       0x33 /usr/local/mcuxpressoide-10.3.0_2200/ide/plugins/com.nxp.mcuxpresso.tools.linux_10.3.0.201811011841/tools/bin/../lib/gcc/arm-none-eabi/7.3.1/../../../../arm-none-eabi/lib/thumb/v7-m/libcr_c.a(alloc.o)
 .ARM.attributes
                0x00000000000004fb       0x33 /usr/local/mcuxpressoide-10.3.0_2200/ide/plugins/com.nxp.mcuxpresso.tools.linux_10.3.0.201811011841/tools/bin/../lib/gcc/arm-none-eabi/7.3.1/../../../../arm-none-eabi/lib/thumb/v7-m/libcr_c.a(errno.o)
 .ARM.attributes
                0x000000000000052e       0x33 /usr/local/mcuxpressoide-10.3.0_2200/ide/plugins/com.nxp.mcuxpresso.tools.linux_10.3.0.201811011841/tools/bin/../lib/gcc/arm-none-eabi/7.3.1/../../../../arm-none-eabi/lib/thumb/v7-m/libcr_c.a(fclose.o)
 .ARM.attributes
                0x0000000000000561       0x33 /usr/local/mcuxpressoide-10.3.0_2200/ide/plugins/com.nxp.mcuxpresso.tools.linux_10.3.0.201811011841/tools/bin/../lib/gcc/arm-none-eabi/7.3.1/../../../../arm-none-eabi/lib/thumb/v7-m/libcr_c.a(fflush.o)
 .ARM.attributes
                0x0000000000000594       0x33 /usr/local/mcuxpressoide-10.3.0_2200/ide/plugins/com.nxp.mcuxpresso.tools.linux_10.3.0.201811011841/tools/bin/../lib/gcc/arm-none-eabi/7.3.1/../../../../arm-none-eabi/lib/thumb/v7-m/libcr_c.a(fseek.o)
 .ARM.attributes
                0x00000000000005c7       0x33 /usr/local/mcuxpressoide-10.3.0_2200/ide/plugins/com.nxp.mcuxpresso.tools.linux_10.3.0.201811011841/tools/bin/../lib/gcc/arm-none-eabi/7.3.1/../../../../arm-none-eabi/lib/thumb/v7-m/libcr_c.a(ftell.o)
 .ARM.attributes
                0x00000000000005fa       0x33 /usr/local/mcuxpressoide-10.3.0_2200/ide/plugins/com.nxp.mcuxpresso.tools.linux_10.3.0.201811011841/tools/bin/../lib/gcc/arm-none-eabi/7.3.1/../../../../arm-none-eabi/lib/thumb/v7-m/libcr_c.a(remove.o)
 .ARM.attributes
                0x000000000000062d       0x33 /usr/local/mcuxpressoide-10.3.0_2200/ide/plugins/com.nxp.mcuxpresso.tools.linux_10.3.0.201811011841/tools/bin/../lib/gcc/arm-none-eabi/7.3.1/../../../../arm-none-eabi/lib/thumb/v7-m/libcr_c.a(__init_alloc.o)
 .ARM.attributes
                0x0000000000000660       0x33 /usr/local/mcuxpressoide-10.3.0_2200/ide/plugins/com.nxp.mcuxpresso.tools.linux_10.3.0.201811011841/tools/bin/../lib/gcc/arm-none-eabi/7.3.1/../../../../arm-none-eabi/lib/thumb/v7-m/libcr_c.a(_cr_sbrk.o)
 .ARM.attributes
                0x0000000000000693       0x33 /usr/local/mcuxpressoide-10.3.0_2200/ide/plugins/com.nxp.mcuxpresso.tools.linux_10.3.0.201811011841/tools/bin/../lib/gcc/arm-none-eabi/7.3.1/../../../../arm-none-eabi/lib/thumb/v7-m/libcr_c.a(_do_fflush.o)
 .ARM.attributes
                0x00000000000006c6       0x33 /usr/local/mcuxpressoide-10.3.0_2200/ide/plugins/com.nxp.mcuxpresso.tools.linux_10.3.0.201811011841/tools/bin/../lib/gcc/arm-none-eabi/7.3.1/../../../../arm-none-eabi/lib/thumb/v7-m/libcr_c.a(_hugeval.o)
 .ARM.attributes
                0x00000000000006f9       0x33 /usr/local/mcuxpressoide-10.3.0_2200/ide/plugins/com.nxp.mcuxpresso.tools.linux_10.3.0.201811011841/tools/bin/../lib/gcc/arm-none-eabi/7.3.1/../../../../arm-none-eabi/lib/thumb/v7-m/libcr_c.a(_cr_check_heap.o)
 .ARM.attributes
                0x000000000000072c       0x33 /usr/local/mcuxpressoide-10.3.0_2200/ide/plugins/com.nxp.mcuxpresso.tools.linux_10.3.0.201811011841/tools/bin/../lib/gcc/arm-none-eabi/7.3.1/thumb/v7-m/libcr_eabihelpers.a(double.o)
 .ARM.attributes
                0x000000000000075f       0x21 /usr/local/mcuxpressoide-10.3.0_2200/ide/plugins/com.nxp.mcuxpresso.tools.linux_10.3.0.201811011841/tools/bin/../lib/gcc/arm-none-eabi/7.3.1/thumb/v7-m/libcr_eabihelpers.a(memcpy.o)
 .ARM.attributes
                0x0000000000000780       0x33 /usr/local/mcuxpressoide-10.3.0_2200/ide/plugins/com.nxp.mcuxpresso.tools.linux_10.3.0.201811011841/tools/bin/../lib/gcc/arm-none-eabi/7.3.1/../../../../arm-none-eabi/lib/thumb/v7-m/libcr_nohost.a(__ciob.o)
 .ARM.attributes
                0x00000000000007b3       0x33 /usr/local/mcuxpressoide-10.3.0_2200/ide/plugins/com.nxp.mcuxpresso.tools.linux_10.3.0.201811011841/tools/bin/../lib/gcc/arm-none-eabi/7.3.1/../../../../arm-none-eabi/lib/thumb/v7-m/libcr_nohost.a(__sys_appexit.o)
 .ARM.attributes
                0x00000000000007e6       0x33 /usr/local/mcuxpressoide-10.3.0_2200/ide/plugins/com.nxp.mcuxpresso.tools.linux_10.3.0.201811011841/tools/bin/../lib/gcc/arm-none-eabi/7.3.1/../../../../arm-none-eabi/lib/thumb/v7-m/libcr_nohost.a(__sys_close.o)
 .ARM.attributes
                0x0000000000000819       0x33 /usr/local/mcuxpressoide-10.3.0_2200/ide/plugins/com.nxp.mcuxpresso.tools.linux_10.3.0.201811011841/tools/bin/../lib/gcc/arm-none-eabi/7.3.1/../../../../arm-none-eabi/lib/thumb/v7-m/libcr_nohost.a(__sys_flen.o)
 .ARM.attributes
                0x000000000000084c       0x33 /usr/local/mcuxpressoide-10.3.0_2200/ide/plugins/com.nxp.mcuxpresso.tools.linux_10.3.0.201811011841/tools/bin/../lib/gcc/arm-none-eabi/7.3.1/../../../../arm-none-eabi/lib/thumb/v7-m/libcr_nohost.a(__sys_istty.o)
 .ARM.attributes
                0x000000000000087f       0x33 /usr/local/mcuxpressoide-10.3.0_2200/ide/plugins/com.nxp.mcuxpresso.tools.linux_10.3.0.201811011841/tools/bin/../lib/gcc/arm-none-eabi/7.3.1/../../../../arm-none-eabi/lib/thumb/v7-m/libcr_nohost.a(__sys_remove.o)
 .ARM.attributes
                0x00000000000008b2       0x33 /usr/local/mcuxpressoide-10.3.0_2200/ide/plugins/com.nxp.mcuxpresso.tools.linux_10.3.0.201811011841/tools/bin/../lib/gcc/arm-none-eabi/7.3.1/../../../../arm-none-eabi/lib/thumb/v7-m/libcr_nohost.a(__sys_seek.o)
 .ARM.attributes
                0x00000000000008e5       0x33 /usr/local/mcuxpressoide-10.3.0_2200/ide/plugins/com.nxp.mcuxpresso.tools.linux_10.3.0.201811011841/tools/bin/../lib/gcc/arm-none-eabi/7.3.1/../../../../arm-none-eabi/lib/thumb/v7-m/libcr_nohost.a(__sys_tmpnam.o)
 .ARM.attributes
                0x0000000000000918       0x33 /usr/local/mcuxpressoide-10.3.0_2200/ide/plugins/com.nxp.mcuxpresso.tools.linux_10.3.0.201811011841/tools/bin/../lib/gcc/arm-none-eabi/7.3.1/../../../../arm-none-eabi/lib/thumb/v7-m/libcr_nohost.a(__sys_write.o)

.debug_frame    0x0000000000000000     0x1314
 .debug_frame   0x0000000000000000      0x170 ./example/src/cr_startup_lpc175x_6x.o
 .debug_frame   0x0000000000000170      0x18c ./example/src/dac.o
 .debug_frame   0x00000000000002fc       0x34 ./example/src/sysinit.o
 .debug_frame   0x0000000000000330      0x58c /home/rupinder/Documents/MCUXpresso_10.3.0_2200/workspace/lpc_board_nxp_lpcxpresso_1769/Debug/liblpc_board_nxp_lpcxpresso_1769.a(board.o)
 .debug_frame   0x00000000000008bc       0x8c /home/rupinder/Documents/MCUXpresso_10.3.0_2200/workspace/lpc_board_nxp_lpcxpresso_1769/Debug/liblpc_board_nxp_lpcxpresso_1769.a(board_sysinit.o)
 .debug_frame   0x0000000000000948       0x88 /home/rupinder/Documents/MCUXpresso_10.3.0_2200/workspace/lpc_chip_175x_6x/Debug/liblpc_chip_175x_6x.a(chip_17xx_40xx.o)
 .debug_frame   0x00000000000009d0      0x490 /home/rupinder/Documents/MCUXpresso_10.3.0_2200/workspace/lpc_chip_175x_6x/Debug/liblpc_chip_175x_6x.a(clock_17xx_40xx.o)
 .debug_frame   0x0000000000000e60       0xac /home/rupinder/Documents/MCUXpresso_10.3.0_2200/workspace/lpc_chip_175x_6x/Debug/liblpc_chip_175x_6x.a(dac_17xx_40xx.o)
 .debug_frame   0x0000000000000f0c      0x25c /home/rupinder/Documents/MCUXpresso_10.3.0_2200/workspace/lpc_chip_175x_6x/Debug/liblpc_chip_175x_6x.a(gpdma_17xx_40xx.o)
 .debug_frame   0x0000000000001168       0x80 /home/rupinder/Documents/MCUXpresso_10.3.0_2200/workspace/lpc_chip_175x_6x/Debug/liblpc_chip_175x_6x.a(iocon_17xx_40xx.o)
 .debug_frame   0x00000000000011e8      0x12c /home/rupinder/Documents/MCUXpresso_10.3.0_2200/workspace/lpc_chip_175x_6x/Debug/liblpc_chip_175x_6x.a(sysinit_17xx_40xx.o)
